Archive member included to satisfy reference by file (symbol)

Generated_Source\PSoC6\pdl\middleware\ble\lib\cy_ble_stack_gcc_host_ipc_cm4.a(CyBleStackMgrIP_Interface.o)
                              .\CortexM4\ARM_GCC_541\Debug\HostMain.o (Cy_BLE_ProcessEvents)
Generated_Source\PSoC6\pdl\middleware\ble\lib\cy_ble_stack_gcc_host_ipc_cm4.a(BT_os.o)
                              Generated_Source\PSoC6\pdl\middleware\ble\lib\cy_ble_stack_gcc_host_ipc_cm4.a(CyBleStackMgrIP_Interface.o) (cyBleStackMemoryConfig)
Generated_Source\PSoC6\pdl\middleware\ble\lib\cy_ble_stack_gcc_host_ipc_cm4.a(CyBleStackMgr_StackTaskHandler.o)
                              Generated_Source\PSoC6\pdl\middleware\ble\lib\cy_ble_stack_gcc_host_ipc_cm4.a(CyBleStackMgrIP_Interface.o) (CyBle_CreateBleStackTask)
Generated_Source\PSoC6\pdl\middleware\ble\lib\cy_ble_stack_gcc_host_ipc_cm4.a(storage_pl.o)
                              Generated_Source\PSoC6\pdl\middleware\ble\lib\cy_ble_stack_gcc_host_ipc_cm4.a(CyBleStackMgrIP_Interface.o) (storage_manager_init)
Generated_Source\PSoC6\pdl\middleware\ble\lib\cy_ble_stack_gcc_host_ipc_cm4.a(mint_os.o)
                              Generated_Source\PSoC6\pdl\middleware\ble\lib\cy_ble_stack_gcc_host_ipc_cm4.a(CyBleStackMgrIP_Interface.o) (OS_init)
Generated_Source\PSoC6\pdl\middleware\ble\lib\cy_ble_stack_gcc_host_ipc_cm4.a(mint_os_queue.o)
                              Generated_Source\PSoC6\pdl\middleware\ble\lib\cy_ble_stack_gcc_host_ipc_cm4.a(mint_os.o) (OS_TOTAL_QUEUES)
Generated_Source\PSoC6\pdl\middleware\ble\lib\cy_ble_stack_gcc_host_ipc_cm4.a(mint_os_task.o)
                              Generated_Source\PSoC6\pdl\middleware\ble\lib\cy_ble_stack_gcc_host_ipc_cm4.a(mint_os.o) (idle_func_handler)
Generated_Source\PSoC6\pdl\middleware\ble\lib\cy_ble_stack_gcc_host_ipc_cm4.a(mint_buf_mgmt.o)
                              Generated_Source\PSoC6\pdl\middleware\ble\lib\cy_ble_stack_gcc_host_ipc_cm4.a(BT_os.o) (mint_buf_mgmt_allocate_buffer)
Generated_Source\PSoC6\pdl\middleware\ble\lib\cy_ble_stack_gcc_host_ipc_cm4.a(transport_ipc.o)
                              Generated_Source\PSoC6\pdl\middleware\ble\lib\cy_ble_stack_gcc_host_ipc_cm4.a(CyBleStackMgr_StackTaskHandler.o) (CyBleHost_HciIpcFreePktBuffer)
Generated_Source\PSoC6\pdl\middleware\ble\lib\cy_ble_stack_gcc_host_ipc_cm4.a(CyBleStackMgr_PSoCIPCHal.o)
                              Generated_Source\PSoC6\pdl\middleware\ble\lib\cy_ble_stack_gcc_host_ipc_cm4.a(transport_ipc.o) (CyBleHost_IPC_HAL_InitWithStaticMem)
Generated_Source\PSoC6\pdl\middleware\ble\lib\cy_ble_stack_gcc_host_ipc_cm4.a(host_main.o)
                              Generated_Source\PSoC6\pdl\middleware\ble\lib\cy_ble_stack_gcc_host_ipc_cm4.a(CyBleStackMgrIP_Interface.o) (CyBle_HostInit)
Generated_Source\PSoC6\pdl\middleware\ble\lib\cy_ble_stack_gcc_host_ipc_cm4.a(att_api.o)
                              Generated_Source\PSoC6\pdl\middleware\ble\lib\cy_ble_stack_gcc_host_ipc_cm4.a(host_main.o) (BT_att_register)
Generated_Source\PSoC6\pdl\middleware\ble\lib\cy_ble_stack_gcc_host_ipc_cm4.a(att_init.o)
                              Generated_Source\PSoC6\pdl\middleware\ble\lib\cy_ble_stack_gcc_host_ipc_cm4.a(att_api.o) (att_connections)
Generated_Source\PSoC6\pdl\middleware\ble\lib\cy_ble_stack_gcc_host_ipc_cm4.a(att_internal.o)
                              Generated_Source\PSoC6\pdl\middleware\ble\lib\cy_ble_stack_gcc_host_ipc_cm4.a(att_api.o) (att_get_fsm_event)
Generated_Source\PSoC6\pdl\middleware\ble\lib\cy_ble_stack_gcc_host_ipc_cm4.a(BT_common.o)
                              Generated_Source\PSoC6\pdl\middleware\ble\lib\cy_ble_stack_gcc_host_ipc_cm4.a(host_main.o) (BT_bluetooth_off)
Generated_Source\PSoC6\pdl\middleware\ble\lib\cy_ble_stack_gcc_host_ipc_cm4.a(device_queue.o)
                              Generated_Source\PSoC6\pdl\middleware\ble\lib\cy_ble_stack_gcc_host_ipc_cm4.a(host_main.o) (CyBle_DeviceQueueHeapDeInit)
Generated_Source\PSoC6\pdl\middleware\ble\lib\cy_ble_stack_gcc_host_ipc_cm4.a(l2cap.o)
                              Generated_Source\PSoC6\pdl\middleware\ble\lib\cy_ble_stack_gcc_host_ipc_cm4.a(host_main.o) (CyBle_L2capCB)
Generated_Source\PSoC6\pdl\middleware\ble\lib\cy_ble_stack_gcc_host_ipc_cm4.a(l2cap_disconnect.o)
                              Generated_Source\PSoC6\pdl\middleware\ble\lib\cy_ble_stack_gcc_host_ipc_cm4.a(l2cap.o) (l2ca_disconnect_req)
Generated_Source\PSoC6\pdl\middleware\ble\lib\cy_ble_stack_gcc_host_ipc_cm4.a(l2cap_init.o)
                              Generated_Source\PSoC6\pdl\middleware\ble\lib\cy_ble_stack_gcc_host_ipc_cm4.a(l2cap_disconnect.o) (l2cap_fixed_channel)
Generated_Source\PSoC6\pdl\middleware\ble\lib\cy_ble_stack_gcc_host_ipc_cm4.a(l2cap_utils.o)
                              Generated_Source\PSoC6\pdl\middleware\ble\lib\cy_ble_stack_gcc_host_ipc_cm4.a(l2cap_disconnect.o) (l2cap_buffer_dequeue)
Generated_Source\PSoC6\pdl\middleware\ble\lib\cy_ble_stack_gcc_host_ipc_cm4.a(l2cap_lmp.o)
[...]
Memory Configuration

Name             Origin             Length             Attributes
ram              0x08024000         0x00023800         xrw
flash            0x10080000         0x00080000         xr
em_eeprom        0x14000000         0x00008000         xr
sflash_user_data 0x16000800         0x00000800         xr
sflash_nar       0x16001a00         0x00000200         xr
sflash_public_key 0x16005a00         0x00000c00         xr
sflash_toc_2     0x16007c00         0x00000200         xr
sflash_rtoc_2    0x16007e00         0x00000200         xr
xip              0x18000000         0x08000000         xr
efuse            0x90700000         0x00100000         r
*default*        0x00000000         0xffffffff

Linker script and memory map

LOAD c:/program files (x86)/cypress/psoc creator/4.4/psoc creator/import/gnu/arm/5.4.1/bin/../lib/gcc/arm-none-eabi/5.4.1/armv7e-m/softfp/crti.o
LOAD c:/program files (x86)/cypress/psoc creator/4.4/psoc creator/import/gnu/arm/5.4.1/bin/../lib/gcc/arm-none-eabi/5.4.1/armv7e-m/softfp/crtbegin.o
LOAD c:/program files (x86)/cypress/psoc creator/4.4/psoc creator/import/gnu/arm/5.4.1/bin/../lib/gcc/arm-none-eabi/5.4.1/../../../../arm-none-eabi/lib/armv7e-m/softfp/crt0.o
START GROUP
LOAD Generated_Source\PSoC6\pdl\middleware\ble\lib\cy_ble_stack_gcc_host_ipc_cm4.a
LOAD .\CortexM4\ARM_GCC_541\Debug\startup_psoc6_01_cm4.o
LOAD .\CortexM4\ARM_GCC_541\Debug\main_cm4.o
LOAD .\CortexM4\ARM_GCC_541\Debug\system_psoc6_cm4.o
LOAD .\CortexM4\ARM_GCC_541\Debug\HostMain.o
LOAD .\CortexM4\ARM_GCC_541\Debug\BLE-communication.o
LOAD .\CortexM4\ARM_GCC_541\Debug\POPE-app.o
LOAD .\CortexM4\ARM_GCC_541\Debug\batteriControl.o
LOAD .\CortexM4\ARM_GCC_541\Debug\kadenceControl.o
LOAD .\CortexM4\ARM_GCC_541\Debug\trykControl.o
LOAD .\CortexM4\ARM_GCC_541\Debug\i2cFunctions.o
LOAD .\CortexM4\ARM_GCC_541\Debug\VT100Terminal.o
LOAD .\CortexM4\ARM_GCC_541\Debug\cyfitter_sysint_cfg.o
LOAD .\CortexM4\ARM_GCC_541\Debug\cymetadata.o
LOAD .\CortexM4\ARM_GCC_541\Debug\BLE.o
LOAD .\CortexM4\ARM_GCC_541\Debug\BLE_config.o
LOAD .\CortexM4\ARM_GCC_541\Debug\BLE_bas_config.o
LOAD .\CortexM4\ARM_GCC_541\Debug\BLE_custom_config.o
LOAD .\CortexM4\ARM_GCC_541\Debug\UART_DEB.o
LOAD .\CortexM4\ARM_GCC_541\Debug\idleTimer.o
LOAD .\CortexM4\ARM_GCC_541\Debug\I2C_MPU6050.o
LOAD .\CortexM4\ARM_GCC_541\Debug\cy_efuse.o
LOAD .\CortexM4\ARM_GCC_541\Debug\cy_flash.o
LOAD .\CortexM4\ARM_GCC_541\Debug\cy_gpio.o
LOAD .\CortexM4\ARM_GCC_541\Debug\cy_ipc_drv.o
LOAD .\CortexM4\ARM_GCC_541\Debug\cy_ipc_sema.o
LOAD .\CortexM4\ARM_GCC_541\Debug\cy_ipc_pipe.o
LOAD .\CortexM4\ARM_GCC_541\Debug\cy_lvd.o
LOAD .\CortexM4\ARM_GCC_541\Debug\cy_profile.o
LOAD .\CortexM4\ARM_GCC_541\Debug\cy_prot.o
LOAD .\CortexM4\ARM_GCC_541\Debug\cy_scb_common.o
LOAD .\CortexM4\ARM_GCC_541\Debug\cy_scb_i2c.o
LOAD .\CortexM4\ARM_GCC_541\Debug\cy_scb_ezi2c.o
LOAD .\CortexM4\ARM_GCC_541\Debug\cy_scb_spi.o
LOAD .\CortexM4\ARM_GCC_541\Debug\cy_scb_uart.o
LOAD .\CortexM4\ARM_GCC_541\Debug\cy_sysanalog.o
LOAD .\CortexM4\ARM_GCC_541\Debug\cy_sysclk.o
LOAD .\CortexM4\ARM_GCC_541\Debug\cy_sysint.o
LOAD .\CortexM4\ARM_GCC_541\Debug\cy_syslib.o
LOAD .\CortexM4\ARM_GCC_541\Debug\cy_syslib_gcc.o
LOAD .\CortexM4\ARM_GCC_541\Debug\cy_syspm.o
LOAD .\CortexM4\ARM_GCC_541\Debug\cy_systick.o
LOAD .\CortexM4\ARM_GCC_541\Debug\cy_tcpwm_counter.o
LOAD .\CortexM4\ARM_GCC_541\Debug\cy_tcpwm_pwm.o
LOAD .\CortexM4\ARM_GCC_541\Debug\cy_tcpwm_quaddec.o
LOAD .\CortexM4\ARM_GCC_541\Debug\cy_trigmux.o
LOAD .\CortexM4\ARM_GCC_541\Debug\cy_wdt.o
LOAD .\CortexM4\ARM_GCC_541\Debug\cy_device.o
LOAD .\CortexM4\ARM_GCC_541\Debug\cy_ble.o
LOAD .\CortexM4\ARM_GCC_541\Debug\cy_ble_hal_int.o
LOAD .\CortexM4\ARM_GCC_541\Debug\cy_ble_hal_pvt.o
LOAD .\CortexM4\ARM_GCC_541\Debug\cy_ble_gap.o
LOAD .\CortexM4\ARM_GCC_541\Debug\cy_ble_gatt.o
LOAD .\CortexM4\ARM_GCC_541\Debug\cy_ble_event_handler.o
LOAD .\CortexM4\ARM_GCC_541\Debug\cy_ble_ancs.o
LOAD .\CortexM4\ARM_GCC_541\Debug\cy_ble_ans.o
LOAD .\CortexM4\ARM_GCC_541\Debug\cy_ble_aios.o
LOAD .\CortexM4\ARM_GCC_541\Debug\cy_ble_bas.o
LOAD .\CortexM4\ARM_GCC_541\Debug\cy_ble_bcs.o
LOAD .\CortexM4\ARM_GCC_541\Debug\cy_ble_bls.o
LOAD .\CortexM4\ARM_GCC_541\Debug\cy_ble_bms.o
LOAD .\CortexM4\ARM_GCC_541\Debug\cy_ble_bts.o
LOAD .\CortexM4\ARM_GCC_541\Debug\cy_ble_cgms.o
LOAD .\CortexM4\ARM_GCC_541\Debug\cy_ble_cps.o
LOAD .\CortexM4\ARM_GCC_541\Debug\cy_ble_cscs.o
LOAD .\CortexM4\ARM_GCC_541\Debug\cy_ble_cts.o
LOAD .\CortexM4\ARM_GCC_541\Debug\cy_ble_custom.o
LOAD .\CortexM4\ARM_GCC_541\Debug\cy_ble_dis.o
LOAD .\CortexM4\ARM_GCC_541\Debug\cy_ble_ess.o
LOAD .\CortexM4\ARM_GCC_541\Debug\cy_ble_gls.o
LOAD .\CortexM4\ARM_GCC_541\Debug\cy_ble_hids.o
LOAD .\CortexM4\ARM_GCC_541\Debug\cy_ble_hps.o
LOAD .\CortexM4\ARM_GCC_541\Debug\cy_ble_hrs.o
LOAD .\CortexM4\ARM_GCC_541\Debug\cy_ble_hts.o
LOAD .\CortexM4\ARM_GCC_541\Debug\cy_ble_ias.o
LOAD .\CortexM4\ARM_GCC_541\Debug\cy_ble_ips.o
LOAD .\CortexM4\ARM_GCC_541\Debug\cy_ble_lls.o
LOAD .\CortexM4\ARM_GCC_541\Debug\cy_ble_lns.o
LOAD .\CortexM4\ARM_GCC_541\Debug\cy_ble_ndcs.o
LOAD .\CortexM4\ARM_GCC_541\Debug\cy_ble_plxs.o
LOAD .\CortexM4\ARM_GCC_541\Debug\cy_ble_pass.o
LOAD .\CortexM4\ARM_GCC_541\Debug\cy_ble_rscs.o
LOAD .\CortexM4\ARM_GCC_541\Debug\cy_ble_rtus.o
LOAD .\CortexM4\ARM_GCC_541\Debug\cy_ble_scps.o
LOAD .\CortexM4\ARM_GCC_541\Debug\cy_ble_tps.o
LOAD .\CortexM4\ARM_GCC_541\Debug\cy_ble_uds.o
LOAD .\CortexM4\ARM_GCC_541\Debug\cy_ble_wpts.o
LOAD .\CortexM4\ARM_GCC_541\Debug\cy_ble_wss.o
LOAD .\CortexM4\ARM_GCC_541\Debug\cy_ble_clk.o
END GROUP
START GROUP
LOAD c:/program files (x86)/cypress/psoc creator/4.4/psoc creator/import/gnu/arm/5.4.1/bin/../lib/gcc/arm-none-eabi/5.4.1/armv7e-m/softfp\libgcc.a
LOAD c:/program files (x86)/cypress/psoc creator/4.4/psoc creator/import/gnu/arm/5.4.1/bin/../lib/gcc/arm-none-eabi/5.4.1/../../../../arm-none-eabi/lib/armv7e-m/softfp\libg_nano.a
LOAD c:/program files (x86)/cypress/psoc creator/4.4/psoc creator/import/gnu/arm/5.4.1/bin/../lib/gcc/arm-none-eabi/5.4.1/../../../../arm-none-eabi/lib/armv7e-m/softfp\libc_nano.a
END GROUP
START GROUP
LOAD c:/program files (x86)/cypress/psoc creator/4.4/psoc creator/import/gnu/arm/5.4.1/bin/../lib/gcc/arm-none-eabi/5.4.1/armv7e-m/softfp\libgcc.a
LOAD c:/program files (x86)/cypress/psoc creator/4.4/psoc creator/import/gnu/arm/5.4.1/bin/../lib/gcc/arm-none-eabi/5.4.1/../../../../arm-none-eabi/lib/armv7e-m/softfp\libc_nano.a
END GROUP
LOAD c:/program files (x86)/cypress/psoc creator/4.4/psoc creator/import/gnu/arm/5.4.1/bin/../lib/gcc/arm-none-eabi/5.4.1/armv7e-m/softfp/crtend.o
LOAD c:/program files (x86)/cypress/psoc creator/4.4/psoc creator/import/gnu/arm/5.4.1/bin/../lib/gcc/arm-none-eabi/5.4.1/armv7e-m/softfp/crtn.o
START GROUP
LOAD c:/program files (x86)/cypress/psoc creator/4.4/psoc creator/import/gnu/arm/5.4.1/bin/../lib/gcc/arm-none-eabi/5.4.1/armv7e-m/softfp\libgcc.a
LOAD c:/program files (x86)/cypress/psoc creator/4.4/psoc creator/import/gnu/arm/5.4.1/bin/../lib/gcc/arm-none-eabi/5.4.1/../../../../arm-none-eabi/lib/armv7e-m/softfp\libc.a
LOAD c:/program files (x86)/cypress/psoc creator/4.4/psoc creator/import/gnu/arm/5.4.1/bin/../lib/gcc/arm-none-eabi/5.4.1/../../../../arm-none-eabi/lib/armv7e-m/softfp\libnosys.a
END GROUP
START GROUP
LOAD c:/program files (x86)/cypress/psoc creator/4.4/psoc creator/import/gnu/arm/5.4.1/bin/../lib/gcc/arm-none-eabi/5.4.1/armv7e-m/softfp\libgcc.a
LOAD c:/program files (x86)/cypress/psoc creator/4.4/psoc creator/import/gnu/arm/5.4.1/bin/../lib/gcc/arm-none-eabi/5.4.1/../../../../arm-none-eabi/lib/armv7e-m/softfp\libc.a
LOAD c:/program files (x86)/cypress/psoc creator/4.4/psoc creator/import/gnu/arm/5.4.1/bin/../lib/gcc/arm-none-eabi/5.4.1/../../../../arm-none-eabi/lib/armv7e-m/softfp\libm.a
LOAD c:/program files (x86)/cypress/psoc creator/4.4/psoc creator/import/gnu/arm/5.4.1/bin/../lib/gcc/arm-none-eabi/5.4.1/../../../../arm-none-eabi/lib/armv7e-m/softfp\libnosys.a
END GROUP

.text           0x10080000     0x8238
                0x10080000                . = ALIGN (0x4)
                0x10080000                __Vectors = .
 *(.vectors)
 .vectors       0x10080000      0x28c .\CortexM4\ARM_GCC_541\Debug\startup_psoc6_01_cm4.o
                0x1008028c                . = ALIGN (0x4)
                0x1008028c                __Vectors_End = .
                0x0000028c                __Vectors_Size = (__Vectors_End - __Vectors)
                0x1008028c                __end__ = .
                0x1008028c                . = ALIGN (0x4)
 *(.text*)
 .text          0x1008028c       0x5c c:/program files (x86)/cypress/psoc creator/4.4/psoc creator/import/gnu/arm/5.4.1/bin/../lib/gcc/arm-none-eabi/5.4.1/armv7e-m/softfp/crtbegin.o
 .text          0x100802e8       0x84 .\CortexM4\ARM_GCC_541\Debug\startup_psoc6_01_cm4.o
                0x100802e8                Cy_OnResetUser
                0x100802ea                Reset_Handler
                0x1008034c                cpuss_interrupts_ipc_6_IRQHandler
                0x1008034c                DebugMon_Handler
                0x1008034c                tcpwm_1_interrupts_11_IRQHandler
                0x1008034c                cpuss_interrupts_ipc_0_IRQHandler
                0x1008034c                tcpwm_1_interrupts_15_IRQHandler
                0x1008034c                ioss_interrupts_gpio_13_IRQHandler
                0x1008034c                tcpwm_1_interrupts_13_IRQHandler
                0x1008034c                cpuss_interrupts_dw1_8_IRQHandler
                0x1008034c                tcpwm_0_interrupts_0_IRQHandler
                0x1008034c                SysTick_Handler
                0x1008034c                cpuss_interrupt_fm_IRQHandler
                0x1008034c                cpuss_interrupts_ipc_7_IRQHandler
                0x1008034c                tcpwm_1_interrupts_14_IRQHandler
                0x1008034c                cpuss_interrupts_dw0_5_IRQHandler
                0x1008034c                tcpwm_1_interrupts_9_IRQHandler
                0x1008034c                cpuss_interrupts_cm0_cti_1_IRQHandler
                0x1008034c                tcpwm_1_interrupts_22_IRQHandler
                0x1008034c                cpuss_interrupts_dw0_4_IRQHandler
                0x1008034c                PendSV_Handler
                0x1008034c                NMI_Handler
                0x1008034c                cpuss_interrupts_dw1_12_IRQHandler
                0x1008034c                tcpwm_1_interrupts_12_IRQHandler
                0x1008034c                smif_interrupt_IRQHandler
                0x1008034c                tcpwm_1_interrupts_2_IRQHandler
                0x1008034c                cpuss_interrupts_ipc_13_IRQHandler
                0x1008034c                udb_interrupts_11_IRQHandler
                0x1008034c                tcpwm_1_interrupts_18_IRQHandler
                0x1008034c                cpuss_interrupts_dw0_11_IRQHandler
                0x1008034c                tcpwm_0_interrupts_2_IRQHandler
                0x1008034c                cpuss_interrupts_dw0_13_IRQHandler
                0x1008034c                udb_interrupts_2_IRQHandler
                0x1008034c                cpuss_interrupts_dw1_7_IRQHandler
                0x1008034c                ioss_interrupts_gpio_1_IRQHandler
                0x1008034c                ioss_interrupts_gpio_7_IRQHandler
                0x1008034c                scb_5_interrupt_IRQHandler
                0x1008034c                udb_interrupts_6_IRQHandler
                0x1008034c                cpuss_interrupts_fault_1_IRQHandler
                0x1008034c                cpuss_interrupts_ipc_4_IRQHandler
                0x1008034c                cpuss_interrupts_ipc_5_IRQHandler
                0x1008034c                cpuss_interrupts_dw1_10_IRQHandler
                0x1008034c                udb_interrupts_0_IRQHandler
                0x1008034c                tcpwm_1_interrupts_6_IRQHandler
                0x1008034c                scb_4_interrupt_IRQHandler
                0x1008034c                pass_interrupt_dacs_IRQHandler
                0x1008034c                ioss_interrupts_gpio_2_IRQHandler
                0x1008034c                cpuss_interrupts_dw1_9_IRQHandler
                0x1008034c                cpuss_interrupts_dw1_13_IRQHandler
                0x1008034c                scb_2_interrupt_IRQHandler
                0x1008034c                cpuss_interrupts_cm0_cti_0_IRQHandler
                0x1008034c                udb_interrupts_5_IRQHandler
                0x1008034c                srss_interrupt_IRQHandler
                0x1008034c                udb_interrupts_12_IRQHandler
                0x1008034c                scb_0_interrupt_IRQHandler
                0x1008034c                csd_interrupt_IRQHandler
                0x1008034c                udb_interrupts_1_IRQHandler
                0x1008034c                profile_interrupt_IRQHandler
                0x1008034c                tcpwm_1_interrupts_1_IRQHandler
                0x1008034c                cpuss_interrupts_ipc_12_IRQHandler
                0x1008034c                tcpwm_1_interrupts_3_IRQHandler
                0x1008034c                tcpwm_0_interrupts_7_IRQHandler
                0x1008034c                cpuss_interrupts_dw1_1_IRQHandler
                0x1008034c                cpuss_interrupts_dw1_0_IRQHandler
                0x1008034c                cpuss_interrupts_dw0_9_IRQHandler
                0x1008034c                lpcomp_interrupt_IRQHandler
                0x1008034c                tcpwm_1_interrupts_23_IRQHandler
                0x1008034c                udb_interrupts_4_IRQHandler
                0x1008034c                tcpwm_1_interrupts_20_IRQHandler
                0x1008034c                ioss_interrupt_gpio_IRQHandler
                0x1008034c                tcpwm_0_interrupts_1_IRQHandler
                0x1008034c                ioss_interrupts_gpio_8_IRQHandler
                0x1008034c                tcpwm_0_interrupts_6_IRQHandler
                0x1008034c                scb_7_interrupt_IRQHandler
                0x1008034c                tcpwm_1_interrupts_7_IRQHandler
                0x1008034c                cpuss_interrupts_ipc_11_IRQHandler
                0x1008034c                udb_interrupts_13_IRQHandler
                0x1008034c                cpuss_interrupts_dw0_15_IRQHandler
                0x1008034c                udb_interrupts_7_IRQHandler
                0x1008034c                cpuss_interrupts_dw1_6_IRQHandler
                0x1008034c                cpuss_interrupt_crypto_IRQHandler
                0x1008034c                scb_1_interrupt_IRQHandler
                0x1008034c                Default_Handler
                0x1008034c                usb_interrupt_hi_IRQHandler
                0x1008034c                tcpwm_1_interrupts_0_IRQHandler
                0x1008034c                udb_interrupts_9_IRQHandler
                0x1008034c                audioss_interrupt_pdm_IRQHandler
                0x1008034c                srss_interrupt_mcwdt_0_IRQHandler
                0x1008034c                scb_3_interrupt_IRQHandler
                0x1008034c                pass_interrupt_ctbs_IRQHandler
                0x1008034c                udb_interrupts_8_IRQHandler
                0x1008034c                ioss_interrupts_gpio_3_IRQHandler
                0x1008034c                scb_6_interrupt_IRQHandler
                0x1008034c                cpuss_interrupts_cm4_cti_0_IRQHandler
                0x1008034c                cpuss_interrupts_dw1_3_IRQHandler
                0x1008034c                pass_interrupt_sar_IRQHandler
                0x1008034c                ioss_interrupts_gpio_0_IRQHandler
                0x1008034c                ioss_interrupts_gpio_14_IRQHandler
                0x1008034c                tcpwm_0_interrupts_4_IRQHandler
                0x1008034c                udb_interrupts_3_IRQHandler
                0x1008034c                tcpwm_0_interrupts_5_IRQHandler
                0x1008034c                cpuss_interrupts_ipc_15_IRQHandler
                0x1008034c                cpuss_interrupts_cm4_cti_1_IRQHandler
                0x1008034c                scb_8_interrupt_IRQHandler
                0x1008034c                srss_interrupt_mcwdt_1_IRQHandler
                0x1008034c                cpuss_interrupts_dw1_2_IRQHandler
                0x1008034c                SVC_Handler
                0x1008034c                cpuss_interrupts_dw1_5_IRQHandler
                0x1008034c                cpuss_interrupts_ipc_1_IRQHandler
                0x1008034c                cpuss_interrupts_dw0_0_IRQHandler
                0x1008034c                ioss_interrupts_gpio_12_IRQHandler
                0x1008034c                cpuss_interrupts_ipc_3_IRQHandler
                0x1008034c                tcpwm_1_interrupts_17_IRQHandler
                0x1008034c                srss_interrupt_backup_IRQHandler
                0x1008034c                bless_interrupt_IRQHandler
                0x1008034c                cpuss_interrupts_ipc_10_IRQHandler
                0x1008034c                cpuss_interrupts_ipc_9_IRQHandler
                0x1008034c                cpuss_interrupts_dw0_14_IRQHandler
                0x1008034c                tcpwm_1_interrupts_4_IRQHandler
                0x1008034c                tcpwm_0_interrupts_3_IRQHandler
                0x1008034c                cpuss_interrupts_dw1_15_IRQHandler
                0x1008034c                ioss_interrupts_gpio_10_IRQHandler
                0x1008034c                udb_interrupts_10_IRQHandler
                0x1008034c                cpuss_interrupts_dw0_8_IRQHandler
                0x1008034c                ioss_interrupts_gpio_11_IRQHandler
                0x1008034c                cpuss_interrupts_ipc_14_IRQHandler
                0x1008034c                ioss_interrupts_gpio_5_IRQHandler
                0x1008034c                ioss_interrupts_gpio_4_IRQHandler
                0x1008034c                tcpwm_1_interrupts_8_IRQHandler
                0x1008034c                cpuss_interrupts_dw1_14_IRQHandler
                0x1008034c                usb_interrupt_med_IRQHandler
                0x1008034c                cpuss_interrupts_dw0_2_IRQHandler
                0x1008034c                tcpwm_1_interrupts_10_IRQHandler
                0x1008034c                cpuss_interrupts_fault_0_IRQHandler
                0x1008034c                cpuss_interrupts_dw0_12_IRQHandler
                0x1008034c                ioss_interrupts_gpio_6_IRQHandler
                0x1008034c                tcpwm_1_interrupts_21_IRQHandler
                0x1008034c                tcpwm_1_interrupts_16_IRQHandler
                0x1008034c                cpuss_interrupts_dw1_4_IRQHandler
                0x1008034c                udb_interrupts_15_IRQHandler
                0x1008034c                cpuss_interrupts_dw1_11_IRQHandler
                0x1008034c                cpuss_interrupts_dw0_6_IRQHandler
                0x1008034c                ioss_interrupt_vdd_IRQHandler
                0x1008034c                cpuss_interrupts_dw0_7_IRQHandler
                0x1008034c                audioss_interrupt_i2s_IRQHandler
                0x1008034c                tcpwm_1_interrupts_5_IRQHandler
                0x1008034c                cpuss_interrupts_ipc_2_IRQHandler
                0x1008034c                cpuss_interrupts_dw0_10_IRQHandler
                0x1008034c                tcpwm_1_interrupts_19_IRQHandler
                0x1008034c                cpuss_interrupts_dw0_1_IRQHandler
                0x1008034c                ioss_interrupts_gpio_9_IRQHandler
                0x1008034c                usb_interrupt_lo_IRQHandler
                0x1008034c                cpuss_interrupts_ipc_8_IRQHandler
                0x1008034c                udb_interrupts_14_IRQHandler
                0x1008034c                cpuss_interrupts_dw0_3_IRQHandler
                0x10080350                UsageFault_Handler
                0x10080350                HardFault_Handler
                0x10080350                MemManage_Handler
                0x10080350                BusFault_Handler
 .text.main     0x1008036c       0x20 .\CortexM4\ARM_GCC_541\Debug\main_cm4.o
                0x1008036c                main
 .text.Cy_SysIpcPipeIsrCm4
                0x1008038c        0xc .\CortexM4\ARM_GCC_541\Debug\system_psoc6_cm4.o
                0x1008038c                Cy_SysIpcPipeIsrCm4
 .text.Cy_SystemInit
                0x10080398        0x4 .\CortexM4\ARM_GCC_541\Debug\system_psoc6_cm4.o
                0x10080398                Cy_SystemInit
 .text.SystemCoreClockUpdate
                0x1008039c      0x190 .\CortexM4\ARM_GCC_541\Debug\system_psoc6_cm4.o
                0x1008039c                SystemCoreClockUpdate
 .text.SystemInit
                0x1008052c       0x48 .\CortexM4\ARM_GCC_541\Debug\system_psoc6_cm4.o
                0x1008052c                SystemInit
 .text.Cy_SystemInitFpuEnable
                0x10080574       0x28 .\CortexM4\ARM_GCC_541\Debug\system_psoc6_cm4.o
                0x10080574                Cy_SystemInitFpuEnable
 .text.getData  0x1008059c       0xa0 .\CortexM4\ARM_GCC_541\Debug\HostMain.o
                0x1008059c                getData
 .text.HostMain
                0x1008063c       0x78 .\CortexM4\ARM_GCC_541\Debug\HostMain.o
                0x1008063c                HostMain
 .text.BLE_EventHandler
                0x100806b4      0x14c .\CortexM4\ARM_GCC_541\Debug\BLE-communication.o
                0x100806b4                BLE_EventHandler
 .text.BLE_checkTimer
                0x10080800       0x24 .\CortexM4\ARM_GCC_541\Debug\BLE-communication.o
                0x10080800                BLE_checkTimer
 .text.BLE_sendBattery
                0x10080824       0x1c .\CortexM4\ARM_GCC_541\Debug\BLE-communication.o
                0x10080824                BLE_sendBattery
 .text.BLE_SetPowerCharacteristicValue
                0x10080840       0x44 .\CortexM4\ARM_GCC_541\Debug\BLE-communication.o
                0x10080840                BLE_SetPowerCharacteristicValue
 .text.BLE_sendPower
                0x10080884       0x24 .\CortexM4\ARM_GCC_541\Debug\BLE-communication.o
                0x10080884                BLE_sendPower
 .text.idleIntHandler
                0x100808a8       0x54 .\CortexM4\ARM_GCC_541\Debug\POPE-app.o
                0x100808a8                idleIntHandler
 .text.testKadence
                0x100808fc       0x28 .\CortexM4\ARM_GCC_541\Debug\POPE-app.o
                0x100808fc                testKadence
 .text.startIdleCountdown
                0x10080924       0x18 .\CortexM4\ARM_GCC_541\Debug\POPE-app.o
                0x10080924                startIdleCountdown
 .text.resetIdleCountdown
                0x1008093c       0x18 .\CortexM4\ARM_GCC_541\Debug\POPE-app.o
                0x1008093c                resetIdleCountdown
 .text.MPU6050_init
                0x10080954        0xc .\CortexM4\ARM_GCC_541\Debug\kadenceControl.o
                0x10080954                MPU6050_init
 .text.MPU6050_getFullScaleGyroRange
                0x10080960       0x24 .\CortexM4\ARM_GCC_541\Debug\kadenceControl.o
                0x10080960                MPU6050_getFullScaleGyroRange
 .text.MPU6050_setFullScaleGyroRange
                0x10080984       0x20 .\CortexM4\ARM_GCC_541\Debug\kadenceControl.o
                0x10080984                MPU6050_setFullScaleGyroRange
 .text.MPU6050_getRotationX
                0x100809a4       0x28 .\CortexM4\ARM_GCC_541\Debug\kadenceControl.o
                0x100809a4                MPU6050_getRotationX
 .text.CS_getKadence
                0x100809cc       0xa4 .\CortexM4\ARM_GCC_541\Debug\kadenceControl.o
                0x100809cc                CS_getKadence
 .text.MPU6050_setSleepEnabled
                0x10080a70       0x18 .\CortexM4\ARM_GCC_541\Debug\kadenceControl.o
                0x10080a70                MPU6050_setSleepEnabled
 .text.MPU6050_setClockSource
                0x10080a88       0x20 .\CortexM4\ARM_GCC_541\Debug\kadenceControl.o
                0x10080a88                MPU6050_setClockSource
 .text.MPU6050_initialize
                0x10080aa8       0x18 .\CortexM4\ARM_GCC_541\Debug\kadenceControl.o
                0x10080aa8                MPU6050_initialize
 .text.CS_initKadenceSensor
                0x10080ac0       0x18 .\CortexM4\ARM_GCC_541\Debug\kadenceControl.o
                0x10080ac0                CS_initKadenceSensor
 .text.I2CReadBytes
                0x10080ad8       0x84 .\CortexM4\ARM_GCC_541\Debug\i2cFunctions.o
                0x10080ad8                I2CReadBytes
 .text.I2CWriteBytes
                0x10080b5c       0x60 .\CortexM4\ARM_GCC_541\Debug\i2cFunctions.o
                0x10080b5c                I2CWriteBytes
 .text.I2CReadByte
                0x10080bbc        0xc .\CortexM4\ARM_GCC_541\Debug\i2cFunctions.o
                0x10080bbc                I2CReadByte
 .text.I2CReadBits
                0x10080bc8       0x24 .\CortexM4\ARM_GCC_541\Debug\i2cFunctions.o
                0x10080bc8                I2CReadBits
 .text.I2CWriteByte
                0x10080bec       0x18 .\CortexM4\ARM_GCC_541\Debug\i2cFunctions.o
                0x10080bec                I2CWriteByte
 .text.I2CWriteBits
                0x10080c04       0x4c .\CortexM4\ARM_GCC_541\Debug\i2cFunctions.o
                0x10080c04                I2CWriteBits
 .text.I2CWriteBit
                0x10080c50       0x40 .\CortexM4\ARM_GCC_541\Debug\i2cFunctions.o
                0x10080c50                I2CWriteBit
 .text.delline  0x10080c90       0x20 .\CortexM4\ARM_GCC_541\Debug\VT100Terminal.o
                0x10080c90                delline
 .text.movecursor
                0x10080cb0       0x60 .\CortexM4\ARM_GCC_541\Debug\VT100Terminal.o
                0x10080cb0                movecursor
 .text.UARTprint
                0x10080d10       0x40 .\CortexM4\ARM_GCC_541\Debug\VT100Terminal.o
                0x10080d10                UARTprint
 .text.Cy_BLE_Start
                0x10080d50       0x38 .\CortexM4\ARM_GCC_541\Debug\BLE.o
                0x10080d50                Cy_BLE_Start
 .text.Cy_BLE_Stop
                0x10080d88        0x8 .\CortexM4\ARM_GCC_541\Debug\BLE.o
                0x10080d88                Cy_BLE_Stop
 .text.UART_DEB_Start
                0x10080d90       0x34 .\CortexM4\ARM_GCC_541\Debug\UART_DEB.o
                0x10080d90                UART_DEB_Start
 .text.idleTimer_Start
                0x10080dc4       0x30 .\CortexM4\ARM_GCC_541\Debug\idleTimer.o
                0x10080dc4                idleTimer_Start
 .text.I2C_MPU6050_Interrupt
                0x10080df4       0x14 .\CortexM4\ARM_GCC_541\Debug\I2C_MPU6050.o
 .text.I2C_MPU6050_Start
                0x10080e08       0x78 .\CortexM4\ARM_GCC_541\Debug\I2C_MPU6050.o
                0x10080e08                I2C_MPU6050_Start
 .text.Cy_Flash_ProcessOpcode
                0x10080e80       0xac .\CortexM4\ARM_GCC_541\Debug\cy_flash.o
 .text.Cy_Flash_OperationStatus
                0x10080f2c       0x5c .\CortexM4\ARM_GCC_541\Debug\cy_flash.o
 .text.Cy_Flash_InitExt
                0x10080f88       0x80 .\CortexM4\ARM_GCC_541\Debug\cy_flash.o
                0x10080f88                Cy_Flash_InitExt
 .text.Cy_Flash_Init
                0x10081008       0x10 .\CortexM4\ARM_GCC_541\Debug\cy_flash.o
                0x10081008                Cy_Flash_Init
 .text.Cy_IPC_Drv_LockRelease
                0x10081018       0x3c .\CortexM4\ARM_GCC_541\Debug\cy_ipc_drv.o
                0x10081018                Cy_IPC_Drv_LockRelease
 .text.Cy_IPC_Drv_SendMsgWord
                0x10081054       0x3c .\CortexM4\ARM_GCC_541\Debug\cy_ipc_drv.o
                0x10081054                Cy_IPC_Drv_SendMsgWord
 .text.Cy_IPC_Drv_ReadMsgWord
                0x10081090       0x38 .\CortexM4\ARM_GCC_541\Debug\cy_ipc_drv.o
                0x10081090                Cy_IPC_Drv_ReadMsgWord
 .text.Cy_IPC_Sema_InitExt
                0x100810c8       0xac .\CortexM4\ARM_GCC_541\Debug\cy_ipc_sema.o
                0x100810c8                Cy_IPC_Sema_InitExt
 .text.Cy_IPC_Sema_Init
                0x10081174       0x64 .\CortexM4\ARM_GCC_541\Debug\cy_ipc_sema.o
                0x10081174                Cy_IPC_Sema_Init
 .text.Cy_IPC_Sema_Clear
                0x100811d8       0x88 .\CortexM4\ARM_GCC_541\Debug\cy_ipc_sema.o
                0x100811d8                Cy_IPC_Sema_Clear
 .text.Cy_IPC_Sema_Status
                0x10081260       0x40 .\CortexM4\ARM_GCC_541\Debug\cy_ipc_sema.o
                0x10081260                Cy_IPC_Sema_Status
 .text.Cy_IPC_Pipe_Config
                0x100812a0       0x10 .\CortexM4\ARM_GCC_541\Debug\cy_ipc_pipe.o
                0x100812a0                Cy_IPC_Pipe_Config
 .text.Cy_IPC_Pipe_EndpointInit
                0x100812b0       0xd0 .\CortexM4\ARM_GCC_541\Debug\cy_ipc_pipe.o
                0x100812b0                Cy_IPC_Pipe_EndpointInit
 .text.Cy_IPC_Pipe_Init
                0x10081380       0xb4 .\CortexM4\ARM_GCC_541\Debug\cy_ipc_pipe.o
                0x10081380                Cy_IPC_Pipe_Init
 .text.Cy_IPC_Pipe_SendMessage
                0x10081434       0xa4 .\CortexM4\ARM_GCC_541\Debug\cy_ipc_pipe.o
                0x10081434                Cy_IPC_Pipe_SendMessage
 .text.Cy_IPC_Pipe_RegisterCallback
                0x100814d8       0x50 .\CortexM4\ARM_GCC_541\Debug\cy_ipc_pipe.o
                0x100814d8                Cy_IPC_Pipe_RegisterCallback
 .text.Cy_IPC_Pipe_RegisterCallbackRel
                0x10081528       0x2c .\CortexM4\ARM_GCC_541\Debug\cy_ipc_pipe.o
                0x10081528                Cy_IPC_Pipe_RegisterCallbackRel
 .text.Cy_IPC_Pipe_ExecCallback
                0x10081554       0xbc .\CortexM4\ARM_GCC_541\Debug\cy_ipc_pipe.o
                0x10081554                Cy_IPC_Pipe_ExecCallback
 .text.Cy_IPC_Pipe_ExecuteCallback
                0x10081610       0x2c .\CortexM4\ARM_GCC_541\Debug\cy_ipc_pipe.o
                0x10081610                Cy_IPC_Pipe_ExecuteCallback
 .text.Cy_IPC_Pipe_EndpointPause
                0x1008163c       0x54 .\CortexM4\ARM_GCC_541\Debug\cy_ipc_pipe.o
                0x1008163c                Cy_IPC_Pipe_EndpointPause
 .text.Cy_IPC_Pipe_EndpointResume
                0x10081690       0x48 .\CortexM4\ARM_GCC_541\Debug\cy_ipc_pipe.o
                0x10081690                Cy_IPC_Pipe_EndpointResume
 .text.Cy_Prot_GetActivePC
                0x100816d8       0x34 .\CortexM4\ARM_GCC_541\Debug\cy_prot.o
                0x100816d8                Cy_Prot_GetActivePC
 .text.Cy_SCB_ReadArrayNoCheck
                0x1008170c       0x38 .\CortexM4\ARM_GCC_541\Debug\cy_scb_common.o
                0x1008170c                Cy_SCB_ReadArrayNoCheck
 .text.Cy_SCB_ReadArray
                0x10081744       0x1c .\CortexM4\ARM_GCC_541\Debug\cy_scb_common.o
                0x10081744                Cy_SCB_ReadArray
 .text.Cy_SCB_WriteArrayNoCheck
                0x10081760       0x38 .\CortexM4\ARM_GCC_541\Debug\cy_scb_common.o
                0x10081760                Cy_SCB_WriteArrayNoCheck
 .text.Cy_SCB_WriteArray
                0x10081798       0x2c .\CortexM4\ARM_GCC_541\Debug\cy_scb_common.o
                0x10081798                Cy_SCB_WriteArray
 .text.Cy_SCB_WriteString
                0x100817c4       0x30 .\CortexM4\ARM_GCC_541\Debug\cy_scb_common.o
                0x100817c4                Cy_SCB_WriteString
 .text.Cy_SCB_WriteDefaultArrayNoCheck
                0x100817f4       0x10 .\CortexM4\ARM_GCC_541\Debug\cy_scb_common.o
                0x100817f4                Cy_SCB_WriteDefaultArrayNoCheck
 .text.Cy_SCB_WriteDefaultArray
                0x10081804       0x2c .\CortexM4\ARM_GCC_541\Debug\cy_scb_common.o
                0x10081804                Cy_SCB_WriteDefaultArray
 .text.SlaveHandleStop
                0x10081830       0xec .\CortexM4\ARM_GCC_541\Debug\cy_scb_i2c.o
 .text.MasterHandleEvents
                0x1008191c       0x74 .\CortexM4\ARM_GCC_541\Debug\cy_scb_i2c.o
 .text.MasterHandleStop
                0x10081990       0x2c .\CortexM4\ARM_GCC_541\Debug\cy_scb_i2c.o
 .text.MasterHandleComplete
                0x100819bc       0xf4 .\CortexM4\ARM_GCC_541\Debug\cy_scb_i2c.o
 .text.HandleStatus
                0x10081ab0       0xf0 .\CortexM4\ARM_GCC_541\Debug\cy_scb_i2c.o
 .text.WaitOneUnit
                0x10081ba0       0x24 .\CortexM4\ARM_GCC_541\Debug\cy_scb_i2c.o
 .text.SlaveHandleDataTransmit
                0x10081bc4       0xe8 .\CortexM4\ARM_GCC_541\Debug\cy_scb_i2c.o
 .text.MasterHandleDataTransmit
                0x10081cac       0xb8 .\CortexM4\ARM_GCC_541\Debug\cy_scb_i2c.o
 .text.SlaveHandleAddress
                0x10081d64      0x158 .\CortexM4\ARM_GCC_541\Debug\cy_scb_i2c.o
 .text.MasterHandleDataReceive
                0x10081ebc       0xf0 .\CortexM4\ARM_GCC_541\Debug\cy_scb_i2c.o
 .text.SlaveHandleDataReceive
                0x10081fac       0xbc .\CortexM4\ARM_GCC_541\Debug\cy_scb_i2c.o
 .text.Cy_SCB_I2C_Init
                0x10082068      0x18c .\CortexM4\ARM_GCC_541\Debug\cy_scb_i2c.o
                0x10082068                Cy_SCB_I2C_Init
 .text.Cy_SCB_I2C_GetDataRate
                0x100821f4       0x90 .\CortexM4\ARM_GCC_541\Debug\cy_scb_i2c.o
                0x100821f4                Cy_SCB_I2C_GetDataRate
 .text.Cy_SCB_I2C_SetDataRate
                0x10082284      0x1d0 .\CortexM4\ARM_GCC_541\Debug\cy_scb_i2c.o
                0x10082284                Cy_SCB_I2C_SetDataRate
 .text.Cy_SCB_I2C_MasterSendStart
                0x10082454       0xf0 .\CortexM4\ARM_GCC_541\Debug\cy_scb_i2c.o
                0x10082454                Cy_SCB_I2C_MasterSendStart
 .text.Cy_SCB_I2C_MasterSendReStart
                0x10082544       0xd4 .\CortexM4\ARM_GCC_541\Debug\cy_scb_i2c.o
                0x10082544                Cy_SCB_I2C_MasterSendReStart
 .text.Cy_SCB_I2C_MasterSendStop
                0x10082618       0x64 .\CortexM4\ARM_GCC_541\Debug\cy_scb_i2c.o
                0x10082618                Cy_SCB_I2C_MasterSendStop
 .text.Cy_SCB_I2C_MasterReadByte
                0x1008267c       0xb4 .\CortexM4\ARM_GCC_541\Debug\cy_scb_i2c.o
                0x1008267c                Cy_SCB_I2C_MasterReadByte
 .text.Cy_SCB_I2C_MasterWriteByte
                0x10082730       0x68 .\CortexM4\ARM_GCC_541\Debug\cy_scb_i2c.o
                0x10082730                Cy_SCB_I2C_MasterWriteByte
 .text.Cy_SCB_I2C_SlaveInterrupt
                0x10082798       0xe4 .\CortexM4\ARM_GCC_541\Debug\cy_scb_i2c.o
                0x10082798                Cy_SCB_I2C_SlaveInterrupt
 .text.Cy_SCB_I2C_MasterInterrupt
                0x1008287c       0x8c .\CortexM4\ARM_GCC_541\Debug\cy_scb_i2c.o
                0x1008287c                Cy_SCB_I2C_MasterInterrupt
 .text.Cy_SCB_I2C_Interrupt
                0x10082908       0x18 .\CortexM4\ARM_GCC_541\Debug\cy_scb_i2c.o
                0x10082908                Cy_SCB_I2C_Interrupt
 .text.Cy_SCB_UART_Init
                0x10082920      0x364 .\CortexM4\ARM_GCC_541\Debug\cy_scb_uart.o
                0x10082920                Cy_SCB_UART_Init
 .text.Cy_SysInt_SetVector
                0x10082c84       0x48 .\CortexM4\ARM_GCC_541\Debug\cy_sysint.o
                0x10082c84                Cy_SysInt_SetVector
 .text.Cy_SysInt_Init
                0x10082ccc       0x74 .\CortexM4\ARM_GCC_541\Debug\cy_sysint.o
                0x10082ccc                Cy_SysInt_Init
 .text.Cy_SysLib_Delay
                0x10082d40       0x30 .\CortexM4\ARM_GCC_541\Debug\cy_syslib.o
                0x10082d40                Cy_SysLib_Delay
 .text.Cy_SysLib_DelayUs
                0x10082d70       0x14 .\CortexM4\ARM_GCC_541\Debug\cy_syslib.o
                0x10082d70                Cy_SysLib_DelayUs
 .text.Cy_SysLib_Halt
                0x10082d84        0x4 .\CortexM4\ARM_GCC_541\Debug\cy_syslib.o
                0x10082d84                Cy_SysLib_Halt
 .text.Cy_SysLib_AssertFailed
                0x10082d88       0x1c .\CortexM4\ARM_GCC_541\Debug\cy_syslib.o
                0x10082d88                Cy_SysLib_AssertFailed
 .text.Cy_SysLib_ProcessingFault
                0x10082da4        0x4 .\CortexM4\ARM_GCC_541\Debug\cy_syslib.o
                0x10082da4                Cy_SysLib_ProcessingFault
 .text.Cy_SysLib_FaultHandler
                0x10082da8       0xa4 .\CortexM4\ARM_GCC_541\Debug\cy_syslib.o
                0x10082da8                Cy_SysLib_FaultHandler
 *fill*         0x10082e4c        0x4 
 .text          0x10082e50       0x20 .\CortexM4\ARM_GCC_541\Debug\cy_syslib_gcc.o
                0x10082e50                Cy_SysLib_DelayCycles
                0x10082e62                Cy_SysLib_EnterCriticalSection
                0x10082e6a                Cy_SysLib_ExitCriticalSection
 .text.SetReadMarginTrimUlp
                0x10082e70       0x88 .\CortexM4\ARM_GCC_541\Debug\cy_syspm.o
 .text.SetReadMarginTrimLp
                0x10082ef8       0x80 .\CortexM4\ARM_GCC_541\Debug\cy_syspm.o
 .text.SetWriteAssistTrimUlp
                0x10082f78       0x5c .\CortexM4\ARM_GCC_541\Debug\cy_syspm.o
 .text.SetWriteAssistTrimLp
                0x10082fd4       0x6c .\CortexM4\ARM_GCC_541\Debug\cy_syspm.o
 .text.IsVoltageChangePossible
                0x10083040       0x54 .\CortexM4\ARM_GCC_541\Debug\cy_syspm.o
 .text.Cy_SysPm_RegisterCallback
                0x10083094       0x5c .\CortexM4\ARM_GCC_541\Debug\cy_syspm.o
                0x10083094                Cy_SysPm_RegisterCallback
 .text.Cy_SysPm_UnregisterCallback
                0x100830f0       0x68 .\CortexM4\ARM_GCC_541\Debug\cy_syspm.o
                0x100830f0                Cy_SysPm_UnregisterCallback
 .text.Cy_SysPm_ExecuteCallback
                0x10083158       0xc8 .\CortexM4\ARM_GCC_541\Debug\cy_syspm.o
                0x10083158                Cy_SysPm_ExecuteCallback
 .text.Cy_SysPm_SystemEnterHibernate
                0x10083220       0x74 .\CortexM4\ARM_GCC_541\Debug\cy_syspm.o
                0x10083220                Cy_SysPm_SystemEnterHibernate
 .text.Cy_SysPm_IoUnfreeze
                0x10083294       0x2c .\CortexM4\ARM_GCC_541\Debug\cy_syspm.o
                0x10083294                Cy_SysPm_IoUnfreeze
 .text.Cy_SysPm_WriteVoltageBitForFlash
                0x100832c0      0x114 .\CortexM4\ARM_GCC_541\Debug\cy_syspm.o
                0x100832c0                Cy_SysPm_WriteVoltageBitForFlash
 .text.Cy_SysPm_BuckSetVoltage1
                0x100833d4       0x98 .\CortexM4\ARM_GCC_541\Debug\cy_syspm.o
                0x100833d4                Cy_SysPm_BuckSetVoltage1
 .text.Cy_SysPm_LdoSetVoltage
                0x1008346c       0xc8 .\CortexM4\ARM_GCC_541\Debug\cy_syspm.o
                0x1008346c                Cy_SysPm_LdoSetVoltage
 .text.Cy_SysPm_SystemEnterLp
                0x10083534       0xa0 .\CortexM4\ARM_GCC_541\Debug\cy_syspm.o
                0x10083534                Cy_SysPm_SystemEnterLp
 .text.Cy_TCPWM_Counter_Init
                0x100835d4      0x110 .\CortexM4\ARM_GCC_541\Debug\cy_tcpwm_counter.o
                0x100835d4                Cy_TCPWM_Counter_Init
 .text.Cy_PDL_Init
                0x100836e4        0xc .\CortexM4\ARM_GCC_541\Debug\cy_device.o
                0x100836e4                Cy_PDL_Init
 .text.Cy_BLE_DeepSleepCallback
                0x100836f0       0x88 .\CortexM4\ARM_GCC_541\Debug\cy_ble.o
                0x100836f0                Cy_BLE_DeepSleepCallback
 .text.Cy_BLE_SleepCallback
                0x10083778       0x64 .\CortexM4\ARM_GCC_541\Debug\cy_ble.o
                0x10083778                Cy_BLE_SleepCallback
 .text.Cy_BLE_UnregisterHostPMCallbacks
                0x100837dc       0x18 .\CortexM4\ARM_GCC_541\Debug\cy_ble.o
                0x100837dc                Cy_BLE_UnregisterHostPMCallbacks
 .text.Cy_BLE_Init
                0x100837f4       0x54 .\CortexM4\ARM_GCC_541\Debug\cy_ble.o
                0x100837f4                Cy_BLE_Init
 .text.Cy_BLE_Enable
                0x10083848      0x12c .\CortexM4\ARM_GCC_541\Debug\cy_ble.o
                0x10083848                Cy_BLE_Enable
 .text.Cy_BLE_Disable
                0x10083974        0x8 .\CortexM4\ARM_GCC_541\Debug\cy_ble.o
                0x10083974                Cy_BLE_Disable
 .text.Cy_BLE_IPC_HostMsgFlushRecvCallBack
                0x1008397c       0x1c .\CortexM4\ARM_GCC_541\Debug\cy_ble_hal_pvt.o
 .text.Cy_BLE_IPC_HostMsgRecvCallBack
                0x10083998       0x1c .\CortexM4\ARM_GCC_541\Debug\cy_ble_hal_pvt.o
 .text.Cy_BLE_HAL_BlockCalcCRC8
                0x100839b4       0x34 .\CortexM4\ARM_GCC_541\Debug\cy_ble_hal_pvt.o
                0x100839b4                Cy_BLE_HAL_BlockCalcCRC8
 .text.Cy_BLE_HAL_CalcCRC8
                0x100839e8        0xc .\CortexM4\ARM_GCC_541\Debug\cy_ble_hal_pvt.o
                0x100839e8                Cy_BLE_HAL_CalcCRC8
 .text.Cy_BLE_HAL_EnterCriticalSection
                0x100839f4        0x8 .\CortexM4\ARM_GCC_541\Debug\cy_ble_hal_pvt.o
                0x100839f4                Cy_BLE_HAL_EnterCriticalSection
 .text.Cy_BLE_HAL_ExitCriticalSection
                0x100839fc        0x8 .\CortexM4\ARM_GCC_541\Debug\cy_ble_hal_pvt.o
                0x100839fc                Cy_BLE_HAL_ExitCriticalSection
 .text.Cy_BLE_HAL_EnableHostIpcPipeInterrupt
                0x10083a04        0xc .\CortexM4\ARM_GCC_541\Debug\cy_ble_hal_pvt.o
                0x10083a04                Cy_BLE_HAL_EnableHostIpcPipeInterrupt
 .text.Cy_BLE_HAL_DisableHostIpcPipeInterrupt
                0x10083a10        0xc .\CortexM4\ARM_GCC_541\Debug\cy_ble_hal_pvt.o
                0x10083a10                Cy_BLE_HAL_DisableHostIpcPipeInterrupt
 .text.Cy_BLE_IPC_HostRegisterClientCallbacks
                0x10083a1c       0x34 .\CortexM4\ARM_GCC_541\Debug\cy_ble_hal_pvt.o
                0x10083a1c                Cy_BLE_IPC_HostRegisterClientCallbacks
 .text.Cy_BLE_IPC_SendMessageToController
                0x10083a50       0x20 .\CortexM4\ARM_GCC_541\Debug\cy_ble_hal_pvt.o
                0x10083a50                Cy_BLE_IPC_SendMessageToController
 .text.Cy_BLE_HAL_EccHeapInit
                0x10083a70        0x4 .\CortexM4\ARM_GCC_541\Debug\cy_ble_hal_pvt.o
                0x10083a70                Cy_BLE_HAL_EccHeapInit
 .text.Cy_BLE_HAL_EccHeapDeInit
                0x10083a74        0x4 .\CortexM4\ARM_GCC_541\Debug\cy_ble_hal_pvt.o
                0x10083a74                Cy_BLE_HAL_EccHeapDeInit
 .text.Cy_BLE_HAL_EccGetFeatureHeapReq
                0x10083a78        0x4 .\CortexM4\ARM_GCC_541\Debug\cy_ble_hal_pvt.o
                0x10083a78                Cy_BLE_HAL_EccGetFeatureHeapReq
 .text.Cy_BLE_HAL_PairingLocalPublicKeyHandler
                0x10083a7c        0x8 .\CortexM4\ARM_GCC_541\Debug\cy_ble_hal_pvt.o
                0x10083a7c                Cy_BLE_HAL_PairingLocalPublicKeyHandler
 .text.Cy_BLE_HAL_PairingRemoteKeyHandler
                0x10083a84        0x8 .\CortexM4\ARM_GCC_541\Debug\cy_ble_hal_pvt.o
                0x10083a84                Cy_BLE_HAL_PairingRemoteKeyHandler
 .text.Cy_BLE_HAL_PairingDhkeyHandler
                0x10083a8c        0x8 .\CortexM4\ARM_GCC_541\Debug\cy_ble_hal_pvt.o
                0x10083a8c                Cy_BLE_HAL_PairingDhkeyHandler
 .text.Cy_BLE_HAL_PairingDhkeyCheckHandler
                0x10083a94        0x8 .\CortexM4\ARM_GCC_541\Debug\cy_ble_hal_pvt.o
                0x10083a94                Cy_BLE_HAL_PairingDhkeyCheckHandler
 .text.Cy_BLE_HAL_PairingKeypressNotificationHandler
                0x10083a9c        0x8 .\CortexM4\ARM_GCC_541\Debug\cy_ble_hal_pvt.o
                0x10083a9c                Cy_BLE_HAL_PairingKeypressNotificationHandler
 .text.Cy_BLE_HAL_PairingRandHandler
                0x10083aa4        0x8 .\CortexM4\ARM_GCC_541\Debug\cy_ble_hal_pvt.o
                0x10083aa4                Cy_BLE_HAL_PairingRandHandler
 .text.Cy_BLE_HAL_PairingConfirmHandler
                0x10083aac        0x8 .\CortexM4\ARM_GCC_541\Debug\cy_ble_hal_pvt.o
                0x10083aac                Cy_BLE_HAL_PairingConfirmHandler
 .text.Cy_BLE_HAL_PairingLrConfirmingHandler
                0x10083ab4        0x8 .\CortexM4\ARM_GCC_541\Debug\cy_ble_hal_pvt.o
                0x10083ab4                Cy_BLE_HAL_PairingLrConfirmingHandler
 .text.Cy_BLE_HAL_PairingScTbxLocalPubkeyGenerateComplete
                0x10083abc        0x8 .\CortexM4\ARM_GCC_541\Debug\cy_ble_hal_pvt.o
                0x10083abc                Cy_BLE_HAL_PairingScTbxLocalPubkeyGenerateComplete
 .text.Cy_BLE_HAL_PairingScTbxGenerateLocalP256PublicKey
                0x10083ac4        0x8 .\CortexM4\ARM_GCC_541\Debug\cy_ble_hal_pvt.o
                0x10083ac4                Cy_BLE_HAL_PairingScTbxGenerateLocalP256PublicKey
 .text.Cy_BLE_HAL_SeSmpScUserPasskeyHandler
                0x10083acc        0x8 .\CortexM4\ARM_GCC_541\Debug\cy_ble_hal_pvt.o
                0x10083acc                Cy_BLE_HAL_SeSmpScUserPasskeyHandler
 .text.Cy_BLE_HAL_EccPointMult
                0x10083ad4        0x4 .\CortexM4\ARM_GCC_541\Debug\cy_ble_hal_pvt.o
                0x10083ad4                Cy_BLE_HAL_EccPointMult
 .text.Cy_BLE_ServiceInit
                0x10083ad8       0x18 .\CortexM4\ARM_GCC_541\Debug\cy_ble_gap.o
                0x10083ad8                Cy_BLE_ServiceInit
 .text.Cy_BLE_GAPP_StartAdvertisement
                0x10083af0      0x120 .\CortexM4\ARM_GCC_541\Debug\cy_ble_gap.o
                0x10083af0                Cy_BLE_GAPP_StartAdvertisement
 .text.Cy_BLE_ChangeAdDeviceAddress
                0x10083c10       0x5c .\CortexM4\ARM_GCC_541\Debug\cy_ble_gap.o
                0x10083c10                Cy_BLE_ChangeAdDeviceAddress
 .text.Cy_BLE_GATTS_WriteAttributeValueCCCD
                0x10083c6c       0x6c .\CortexM4\ARM_GCC_541\Debug\cy_ble_gatt.o
                0x10083c6c                Cy_BLE_GATTS_WriteAttributeValueCCCD
 .text.Cy_BLE_GATTS_WriteEventHandler
                0x10083cd8       0x84 .\CortexM4\ARM_GCC_541\Debug\cy_ble_gatt.o
                0x10083cd8                Cy_BLE_GATTS_WriteEventHandler
 .text.Cy_BLE_GATTS_ReadAttributeValueCCCDReqHandler
                0x10083d5c       0x58 .\CortexM4\ARM_GCC_541\Debug\cy_ble_gatt.o
                0x10083d5c                Cy_BLE_GATTS_ReadAttributeValueCCCDReqHandler
 .text.Cy_BLE_SendWriteResponse
                0x10083db4       0x44 .\CortexM4\ARM_GCC_541\Debug\cy_ble_event_handler.o
 .text.Cy_BLE_RegisterServiceEventHandler
                0x10083df8       0x60 .\CortexM4\ARM_GCC_541\Debug\cy_ble_event_handler.o
                0x10083df8                Cy_BLE_RegisterServiceEventHandler
 .text.Cy_BLE_InvokeServiceEventHandler
                0x10083e58       0x38 .\CortexM4\ARM_GCC_541\Debug\cy_ble_event_handler.o
                0x10083e58                Cy_BLE_InvokeServiceEventHandler
 .text.Cy_BLE_IsDeviceAddressValid
                0x10083e90       0x20 .\CortexM4\ARM_GCC_541\Debug\cy_ble_event_handler.o
                0x10083e90                Cy_BLE_IsDeviceAddressValid
 .text.Cy_BLE_EventHandler
                0x10083eb0      0x724 .\CortexM4\ARM_GCC_541\Debug\cy_ble_event_handler.o
                0x10083eb0                Cy_BLE_EventHandler
 .text.Cy_BLE_BASS_WriteEventHandler
                0x100845d4       0xc4 .\CortexM4\ARM_GCC_541\Debug\cy_ble_bas.o
 .text.Cy_BLE_BAS_EventHandler
                0x10084698       0x24 .\CortexM4\ARM_GCC_541\Debug\cy_ble_bas.o
 .text.Cy_BLE_BAS_Init
                0x100846bc       0x2c .\CortexM4\ARM_GCC_541\Debug\cy_ble_bas.o
                0x100846bc                Cy_BLE_BAS_Init
 .text.Cy_BLE_BASS_SetCharacteristicValue
                0x100846e8       0x58 .\CortexM4\ARM_GCC_541\Debug\cy_ble_bas.o
                0x100846e8                Cy_BLE_BASS_SetCharacteristicValue
 .text.Cy_BLE_CUSTOM_EventHandler
                0x10084740        0x4 .\CortexM4\ARM_GCC_541\Debug\cy_ble_custom.o
 .text.Cy_BLE_CUSTOM_Init
                0x10084744       0x20 .\CortexM4\ARM_GCC_541\Debug\cy_ble_custom.o
                0x10084744                Cy_BLE_CUSTOM_Init
 .text          0x10084764      0x370 c:/program files (x86)/cypress/psoc creator/4.4/psoc creator/import/gnu/arm/5.4.1/bin/../lib/gcc/arm-none-eabi/5.4.1/armv7e-m/softfp\libgcc.a(_arm_addsubdf3.o)
                0x10084764                __aeabi_drsub
                0x1008476c                __aeabi_dsub
                0x1008476c                __subdf3
                0x10084770                __aeabi_dadd
                0x10084770                __adddf3
                0x100849e8                __floatunsidf
                0x100849e8                __aeabi_ui2d
                0x10084a08                __floatsidf
                0x10084a08                __aeabi_i2d
                0x10084a2c                __aeabi_f2d
                0x10084a2c                __extendsfdf2
                0x10084a68                __floatundidf
                0x10084a68                __aeabi_ul2d
                0x10084a78                __floatdidf
                0x10084a78                __aeabi_l2d
 .text          0x10084ad4      0x424 c:/program files (x86)/cypress/psoc creator/4.4/psoc creator/import/gnu/arm/5.4.1/bin/../lib/gcc/arm-none-eabi/5.4.1/armv7e-m/softfp\libgcc.a(_arm_muldivdf3.o)
                0x10084ad4                __aeabi_dmul
                0x10084ad4                __muldf3
                0x10084d28                __divdf3
                0x10084d28                __aeabi_ddiv
 .text.memcmp   0x10084ef8       0x1e c:/program files (x86)/cypress/psoc creator/4.4/psoc creator/import/gnu/arm/5.4.1/bin/../lib/gcc/arm-none-eabi/5.4.1/../../../../arm-none-eabi/lib/armv7e-m/softfp\libg_nano.a(lib_a-memcmp.o)
                0x10084ef8                memcmp
 .text.memcpy   0x10084f16       0x16 c:/program files (x86)/cypress/psoc creator/4.4/psoc creator/import/gnu/arm/5.4.1/bin/../lib/gcc/arm-none-eabi/5.4.1/../../../../arm-none-eabi/lib/armv7e-m/softfp\libg_nano.a(lib_a-memcpy-stub.o)
                0x10084f16                memcpy
 .text.memset   0x10084f2c       0x10 c:/program files (x86)/cypress/psoc creator/4.4/psoc creator/import/gnu/arm/5.4.1/bin/../lib/gcc/arm-none-eabi/5.4.1/../../../../arm-none-eabi/lib/armv7e-m/softfp\libg_nano.a(lib_a-memset.o)
                0x10084f2c                memset
 .text.__cvt    0x10084f3c       0xc2 c:/program files (x86)/cypress/psoc creator/4.4/psoc creator/import/gnu/arm/5.4.1/bin/../lib/gcc/arm-none-eabi/5.4.1/../../../../arm-none-eabi/lib/armv7e-m/softfp\libg_nano.a(lib_a-nano-vfprintf_float.o)
                0x10084f3c                __cvt
 .text.__exponent
                0x10084ffe       0x60 c:/program files (x86)/cypress/psoc creator/4.4/psoc creator/import/gnu/arm/5.4.1/bin/../lib/gcc/arm-none-eabi/5.4.1/../../../../arm-none-eabi/lib/armv7e-m/softfp\libg_nano.a(lib_a-nano-vfprintf_float.o)
                0x10084ffe                __exponent
 *fill*         0x1008505e        0x2 
 .text._printf_float
                0x10085060      0x488 c:/program files (x86)/cypress/psoc creator/4.4/psoc creator/import/gnu/arm/5.4.1/bin/../lib/gcc/arm-none-eabi/5.4.1/../../../../arm-none-eabi/lib/armv7e-m/softfp\libg_nano.a(lib_a-nano-vfprintf_float.o)
                0x10085060                _printf_float
 .text._printf_common
                0x100854e8       0xec c:/program files (x86)/cypress/psoc creator/4.4/psoc creator/import/gnu/arm/5.4.1/bin/../lib/gcc/arm-none-eabi/5.4.1/../../../../arm-none-eabi/lib/armv7e-m/softfp\libg_nano.a(lib_a-nano-vfprintf_i.o)
                0x100854e8                _printf_common
 .text._printf_i
                0x100855d4      0x24c c:/program files (x86)/cypress/psoc creator/4.4/psoc creator/import/gnu/arm/5.4.1/bin/../lib/gcc/arm-none-eabi/5.4.1/../../../../arm-none-eabi/lib/armv7e-m/softfp\libg_nano.a(lib_a-nano-vfprintf_i.o)
                0x100855d4                _printf_i
 .text.sprintf  0x10085820       0x48 c:/program files (x86)/cypress/psoc creator/4.4/psoc creator/import/gnu/arm/5.4.1/bin/../lib/gcc/arm-none-eabi/5.4.1/../../../../arm-none-eabi/lib/armv7e-m/softfp\libg_nano.a(lib_a-sprintf.o)
                0x10085820                siprintf
                0x10085820                sprintf
 .text          0x10085868       0x10 c:/program files (x86)/cypress/psoc creator/4.4/psoc creator/import/gnu/arm/5.4.1/bin/../lib/gcc/arm-none-eabi/5.4.1/../../../../arm-none-eabi/lib/armv7e-m/softfp\libg_nano.a(lib_a-strlen.o)
                0x10085868                strlen
 .text.strncpy  0x10085878       0x26 c:/program files (x86)/cypress/psoc creator/4.4/psoc creator/import/gnu/arm/5.4.1/bin/../lib/gcc/arm-none-eabi/5.4.1/../../../../arm-none-eabi/lib/armv7e-m/softfp\libg_nano.a(lib_a-strncpy.o)
                0x10085878                strncpy
 .text.quorem   0x1008589e      0x11e c:/program files (x86)/cypress/psoc creator/4.4/psoc creator/import/gnu/arm/5.4.1/bin/../lib/gcc/arm-none-eabi/5.4.1/../../../../arm-none-eabi/lib/armv7e-m/softfp\libg_nano.a(lib_a-dtoa.o)
 *fill*         0x100859bc        0x4 
 .text._dtoa_r  0x100859c0      0xb38 c:/program files (x86)/cypress/psoc creator/4.4/psoc creator/import/gnu/arm/5.4.1/bin/../lib/gcc/arm-none-eabi/5.4.1/../../../../arm-none-eabi/lib/armv7e-m/softfp\libg_nano.a(lib_a-dtoa.o)
                0x100859c0                _dtoa_r
 .text._localeconv_r
                0x100864f8        0x8 c:/program files (x86)/cypress/psoc creator/4.4/psoc creator/import/gnu/arm/5.4.1/bin/../lib/gcc/arm-none-eabi/5.4.1/../../../../arm-none-eabi/lib/armv7e-m/softfp\libg_nano.a(lib_a-locale.o)
                0x100864f8                _localeconv_r
 .text.malloc   0x10086500       0x10 c:/program files (x86)/cypress/psoc creator/4.4/psoc creator/import/gnu/arm/5.4.1/bin/../lib/gcc/arm-none-eabi/5.4.1/../../../../arm-none-eabi/lib/armv7e-m/softfp\libg_nano.a(lib_a-malloc.o)
                0x10086500                malloc
 .text          0x10086510       0xa0 c:/program files (x86)/cypress/psoc creator/4.4/psoc creator/import/gnu/arm/5.4.1/bin/../lib/gcc/arm-none-eabi/5.4.1/../../../../arm-none-eabi/lib/armv7e-m/softfp\libg_nano.a(lib_a-memchr.o)
                0x10086510                memchr
 .text._Balloc  0x100865b0       0x6a c:/program files (x86)/cypress/psoc creator/4.4/psoc creator/import/gnu/arm/5.4.1/bin/../lib/gcc/arm-none-eabi/5.4.1/../../../../arm-none-eabi/lib/armv7e-m/softfp\libg_nano.a(lib_a-mprec.o)
                0x100865b0                _Balloc
 .text._Bfree   0x1008661a       0x2e c:/program files (x86)/cypress/psoc creator/4.4/psoc creator/import/gnu/arm/5.4.1/bin/../lib/gcc/arm-none-eabi/5.4.1/../../../../arm-none-eabi/lib/armv7e-m/softfp\libg_nano.a(lib_a-mprec.o)
                0x1008661a                _Bfree
 .text.__multadd
                0x10086648       0x76 c:/program files (x86)/cypress/psoc creator/4.4/psoc creator/import/gnu/arm/5.4.1/bin/../lib/gcc/arm-none-eabi/5.4.1/../../../../arm-none-eabi/lib/armv7e-m/softfp\libg_nano.a(lib_a-mprec.o)
                0x10086648                __multadd
 .text.__hi0bits
                0x100866be       0x40 c:/program files (x86)/cypress/psoc creator/4.4/psoc creator/import/gnu/arm/5.4.1/bin/../lib/gcc/arm-none-eabi/5.4.1/../../../../arm-none-eabi/lib/armv7e-m/softfp\libg_nano.a(lib_a-mprec.o)
                0x100866be                __hi0bits
 .text.__lo0bits
                0x100866fe       0x5a c:/program files (x86)/cypress/psoc creator/4.4/psoc creator/import/gnu/arm/5.4.1/bin/../lib/gcc/arm-none-eabi/5.4.1/../../../../arm-none-eabi/lib/armv7e-m/softfp\libg_nano.a(lib_a-mprec.o)
                0x100866fe                __lo0bits
 .text.__i2b    0x10086758       0x12 c:/program files (x86)/cypress/psoc creator/4.4/psoc creator/import/gnu/arm/5.4.1/bin/../lib/gcc/arm-none-eabi/5.4.1/../../../../arm-none-eabi/lib/armv7e-m/softfp\libg_nano.a(lib_a-mprec.o)
                0x10086758                __i2b
 .text.__multiply
                0x1008676a      0x122 c:/program files (x86)/cypress/psoc creator/4.4/psoc creator/import/gnu/arm/5.4.1/bin/../lib/gcc/arm-none-eabi/5.4.1/../../../../arm-none-eabi/lib/armv7e-m/softfp\libg_nano.a(lib_a-mprec.o)
                0x1008676a                __multiply
 .text.__pow5mult
                0x1008688c       0x9c c:/program files (x86)/cypress/psoc creator/4.4/psoc creator/import/gnu/arm/5.4.1/bin/../lib/gcc/arm-none-eabi/5.4.1/../../../../arm-none-eabi/lib/armv7e-m/softfp\libg_nano.a(lib_a-mprec.o)
                0x1008688c                __pow5mult
 .text.__lshift
                0x10086928       0xa2 c:/program files (x86)/cypress/psoc creator/4.4/psoc creator/import/gnu/arm/5.4.1/bin/../lib/gcc/arm-none-eabi/5.4.1/../../../../arm-none-eabi/lib/armv7e-m/softfp\libg_nano.a(lib_a-mprec.o)
                0x10086928                __lshift
 .text.__mcmp   0x100869ca       0x38 c:/program files (x86)/cypress/psoc creator/4.4/psoc creator/import/gnu/arm/5.4.1/bin/../lib/gcc/arm-none-eabi/5.4.1/../../../../arm-none-eabi/lib/armv7e-m/softfp\libg_nano.a(lib_a-mprec.o)
                0x100869ca                __mcmp
 .text.__mdiff  0x10086a02       0xbe c:/program files (x86)/cypress/psoc creator/4.4/psoc creator/import/gnu/arm/5.4.1/bin/../lib/gcc/arm-none-eabi/5.4.1/../../../../arm-none-eabi/lib/armv7e-m/softfp\libg_nano.a(lib_a-mprec.o)
                0x10086a02                __mdiff
 .text.__d2b    0x10086ac0       0x9c c:/program files (x86)/cypress/psoc creator/4.4/psoc creator/import/gnu/arm/5.4.1/bin/../lib/gcc/arm-none-eabi/5.4.1/../../../../arm-none-eabi/lib/armv7e-m/softfp\libg_nano.a(lib_a-mprec.o)
                0x10086ac0                __d2b
 .text._calloc_r
                0x10086b5c       0x1c c:/program files (x86)/cypress/psoc creator/4.4/psoc creator/import/gnu/arm/5.4.1/bin/../lib/gcc/arm-none-eabi/5.4.1/../../../../arm-none-eabi/lib/armv7e-m/softfp\libg_nano.a(lib_a-nano-callocr.o)
                0x10086b5c                _calloc_r
 .text._free_r  0x10086b78       0x9c c:/program files (x86)/cypress/psoc creator/4.4/psoc creator/import/gnu/arm/5.4.1/bin/../lib/gcc/arm-none-eabi/5.4.1/../../../../arm-none-eabi/lib/armv7e-m/softfp\libg_nano.a(lib_a-nano-freer.o)
                0x10086b78                _free_r
 .text._malloc_r
                0x10086c14       0xbc c:/program files (x86)/cypress/psoc creator/4.4/psoc creator/import/gnu/arm/5.4.1/bin/../lib/gcc/arm-none-eabi/5.4.1/../../../../arm-none-eabi/lib/armv7e-m/softfp\libg_nano.a(lib_a-nano-mallocr.o)
                0x10086c14                _malloc_r
 .text.__ssputs_r
                0x10086cd0       0xb2 c:/program files (x86)/cypress/psoc creator/4.4/psoc creator/import/gnu/arm/5.4.1/bin/../lib/gcc/arm-none-eabi/5.4.1/../../../../arm-none-eabi/lib/armv7e-m/softfp\libg_nano.a(lib_a-nano-svfprintf.o)
                0x10086cd0                __ssputs_r
 *fill*         0x10086d82        0x2 
 .text._svfprintf_r
                0x10086d84      0x1e8 c:/program files (x86)/cypress/psoc creator/4.4/psoc creator/import/gnu/arm/5.4.1/bin/../lib/gcc/arm-none-eabi/5.4.1/../../../../arm-none-eabi/lib/armv7e-m/softfp\libg_nano.a(lib_a-nano-svfprintf.o)
                0x10086d84                _svfiprintf_r
                0x10086d84                _svfprintf_r
 .text._sbrk_r  0x10086f6c       0x20 c:/program files (x86)/cypress/psoc creator/4.4/psoc creator/import/gnu/arm/5.4.1/bin/../lib/gcc/arm-none-eabi/5.4.1/../../../../arm-none-eabi/lib/armv7e-m/softfp\libg_nano.a(lib_a-sbrkr.o)
                0x10086f6c                _sbrk_r
 .text.memmove  0x10086f8c       0x36 c:/program files (x86)/cypress/psoc creator/4.4/psoc creator/import/gnu/arm/5.4.1/bin/../lib/gcc/arm-none-eabi/5.4.1/../../../../arm-none-eabi/lib/armv7e-m/softfp\libg_nano.a(lib_a-memmove.o)
                0x10086f8c                memmove
 .text.__malloc_lock
                0x10086fc2        0x2 c:/program files (x86)/cypress/psoc creator/4.4/psoc creator/import/gnu/arm/5.4.1/bin/../lib/gcc/arm-none-eabi/5.4.1/../../../../arm-none-eabi/lib/armv7e-m/softfp\libg_nano.a(lib_a-mlock.o)
                0x10086fc2                __malloc_lock
 .text.__malloc_unlock
                0x10086fc4        0x2 c:/program files (x86)/cypress/psoc creator/4.4/psoc creator/import/gnu/arm/5.4.1/bin/../lib/gcc/arm-none-eabi/5.4.1/../../../../arm-none-eabi/lib/armv7e-m/softfp\libg_nano.a(lib_a-mlock.o)
                0x10086fc4                __malloc_unlock
 .text._realloc_r
                0x10086fc6       0x4c c:/program files (x86)/cypress/psoc creator/4.4/psoc creator/import/gnu/arm/5.4.1/bin/../lib/gcc/arm-none-eabi/5.4.1/../../../../arm-none-eabi/lib/armv7e-m/softfp\libg_nano.a(lib_a-nano-reallocr.o)
                0x10086fc6                _realloc_r
 .text._malloc_usable_size_r
                0x10087012       0x14 c:/program files (x86)/cypress/psoc creator/4.4/psoc creator/import/gnu/arm/5.4.1/bin/../lib/gcc/arm-none-eabi/5.4.1/../../../../arm-none-eabi/lib/armv7e-m/softfp\libg_nano.a(lib_a-nano-msizer.o)
                0x10087012                _malloc_usable_size_r
 *fill*         0x10087026        0x2 
 .text          0x10087028      0x110 c:/program files (x86)/cypress/psoc creator/4.4/psoc creator/import/gnu/arm/5.4.1/bin/../lib/gcc/arm-none-eabi/5.4.1/armv7e-m/softfp\libgcc.a(_arm_cmpdf2.o)
                0x10087028                __gtdf2
                0x10087028                __gedf2
                0x10087030                __ltdf2
                0x10087030                __ledf2
                0x10087038                __nedf2
                0x10087038                __eqdf2
                0x10087038                __cmpdf2
                0x100870b4                __aeabi_cdrcmple
                0x100870c4                __aeabi_cdcmpeq
                0x100870c4                __aeabi_cdcmple
                0x100870d4                __aeabi_dcmpeq
                0x100870e8                __aeabi_dcmplt
                0x100870fc                __aeabi_dcmple
                0x10087110                __aeabi_dcmpge
                0x10087124                __aeabi_dcmpgt
 .text          0x10087138       0x2c c:/program files (x86)/cypress/psoc creator/4.4/psoc creator/import/gnu/arm/5.4.1/bin/../lib/gcc/arm-none-eabi/5.4.1/armv7e-m/softfp\libgcc.a(_arm_unorddf2.o)
                0x10087138                __unorddf2
                0x10087138                __aeabi_dcmpun
 .text          0x10087164       0x50 c:/program files (x86)/cypress/psoc creator/4.4/psoc creator/import/gnu/arm/5.4.1/bin/../lib/gcc/arm-none-eabi/5.4.1/armv7e-m/softfp\libgcc.a(_arm_fixdfsi.o)
                0x10087164                __aeabi_d2iz
                0x10087164                __fixdfsi
 .text._sbrk    0x100871b4       0x1c c:/program files (x86)/cypress/psoc creator/4.4/psoc creator/import/gnu/arm/5.4.1/bin/../lib/gcc/arm-none-eabi/5.4.1/../../../../arm-none-eabi/lib/armv7e-m/softfp\libnosys.a(sbrk.o)
                0x100871b4                _sbrk
 *(.init)
 .init          0x100871d0        0x4 c:/program files (x86)/cypress/psoc creator/4.4/psoc creator/import/gnu/arm/5.4.1/bin/../lib/gcc/arm-none-eabi/5.4.1/armv7e-m/softfp/crti.o
                0x100871d0                _init
 .init          0x100871d4        0x8 c:/program files (x86)/cypress/psoc creator/4.4/psoc creator/import/gnu/arm/5.4.1/bin/../lib/gcc/arm-none-eabi/5.4.1/armv7e-m/softfp/crtn.o
 *(.fini)
 .fini          0x100871dc        0x4 c:/program files (x86)/cypress/psoc creator/4.4/psoc creator/import/gnu/arm/5.4.1/bin/../lib/gcc/arm-none-eabi/5.4.1/armv7e-m/softfp/crti.o
                0x100871dc                _fini
 .fini          0x100871e0        0x8 c:/program files (x86)/cypress/psoc creator/4.4/psoc creator/import/gnu/arm/5.4.1/bin/../lib/gcc/arm-none-eabi/5.4.1/armv7e-m/softfp/crtn.o
 *crtbegin.o(.ctors)
 *crtbegin?.o(.ctors)
 *(EXCLUDE_FILE(*crtend.o *crtend?.o) .ctors)
 *(SORT(.ctors.*))
 *(.ctors)
 *crtbegin.o(.dtors)
 *crtbegin?.o(.dtors)
 *(EXCLUDE_FILE(*crtend.o *crtend?.o) .dtors)
 *(SORT(.dtors.*))
 *(.dtors)
 *(.rodata .rodata.* .constdata .constdata.* .conststring .conststring.*)
 .rodata        0x100871e8       0x34 .\CortexM4\ARM_GCC_541\Debug\system_psoc6_cm4.o
 .rodata.str1.4
                0x1008721c       0x3a .\CortexM4\ARM_GCC_541\Debug\HostMain.o
 *fill*         0x10087256        0x2 
 .rodata.str1.4
                0x10087258       0x7c .\CortexM4\ARM_GCC_541\Debug\BLE-communication.o
 .rodata.str1.4
                0x100872d4       0x37 .\CortexM4\ARM_GCC_541\Debug\POPE-app.o
 *fill*         0x1008730b        0x1 
 .rodata.str1.4
                0x1008730c       0x5b .\CortexM4\ARM_GCC_541\Debug\VT100Terminal.o
 *fill*         0x10087367        0x1 
 .rodata        0x10087368       0x10 .\CortexM4\ARM_GCC_541\Debug\cyfitter_sysint_cfg.o
                0x10087368                idleInt_cfg
                0x10087370                I2C_MPU6050_SCB_IRQ_cfg
 .rodata        0x10087378      0x206 .\CortexM4\ARM_GCC_541\Debug\BLE_config.o
 *fill*         0x1008757e        0x2 
 .rodata        0x10087580        0x8 .\CortexM4\ARM_GCC_541\Debug\BLE_bas_config.o
 .rodata        0x10087588        0x6 .\CortexM4\ARM_GCC_541\Debug\BLE_custom_config.o
 *fill*         0x1008758e        0x2 
 .rodata        0x10087590       0x40 .\CortexM4\ARM_GCC_541\Debug\UART_DEB.o
                0x10087590                UART_DEB_config
 .rodata        0x100875d0       0x4c .\CortexM4\ARM_GCC_541\Debug\idleTimer.o
                0x100875d0                idleTimer_config
 .rodata        0x1008761c       0x14 .\CortexM4\ARM_GCC_541\Debug\I2C_MPU6050.o
                0x1008761c                I2C_MPU6050_config
 .rodata.str1.4
                0x10087630       0x3f .\CortexM4\ARM_GCC_541\Debug\cy_flash.o
 *fill*         0x1008766f        0x1 
 .rodata.str1.4
                0x10087670       0x7f .\CortexM4\ARM_GCC_541\Debug\cy_ipc_drv.o
 .rodata.str1.4
                0x100876ef       0x3f .\CortexM4\ARM_GCC_541\Debug\cy_ipc_sema.o
 *fill*         0x100876ef        0x1 
 .rodata.str1.4
                0x100876f0       0x40 .\CortexM4\ARM_GCC_541\Debug\cy_ipc_pipe.o
                                 0x7f (size before relaxing)
 .rodata.str1.4
                0x10087730       0x3d .\CortexM4\ARM_GCC_541\Debug\cy_prot.o
 *fill*         0x1008776d        0x3 
 .rodata.str1.4
                0x10087770       0xc3 .\CortexM4\ARM_GCC_541\Debug\cy_scb_i2c.o
 *fill*         0x10087833        0x1 
 .rodata.str1.4
                0x10087834       0x80 .\CortexM4\ARM_GCC_541\Debug\cy_scb_uart.o
                                 0xc4 (size before relaxing)
 .rodata.str1.4
                0x100878b4       0x41 .\CortexM4\ARM_GCC_541\Debug\cy_sysint.o
 *fill*         0x100878f5        0x3 
 .rodata.str1.4
                0x100878f8       0x3f .\CortexM4\ARM_GCC_541\Debug\cy_syspm.o
                                 0x7f (size before relaxing)
 *fill*         0x10087937        0x1 
 .rodata        0x10087938      0x170 .\CortexM4\ARM_GCC_541\Debug\cy_device.o
                0x10087938                cy_deviceIpBlockCfgPSoC6_02
                0x100879f0                cy_deviceIpBlockCfgPSoC6_01
 .rodata        0x10087aa8       0x14 .\CortexM4\ARM_GCC_541\Debug\cy_ble.o
 .rodata        0x10087abc      0x100 .\CortexM4\ARM_GCC_541\Debug\cy_ble_hal_pvt.o
 .rodata        0x10087bbc        0x2 .\CortexM4\ARM_GCC_541\Debug\cy_ble_event_handler.o
 *fill*         0x10087bbe        0x2 
 .rodata.str1.4
                0x10087bc0       0x38 .\CortexM4\ARM_GCC_541\Debug\cy_ble_event_handler.o
                                 0x37 (size before relaxing)
 .constdata     0x10087bf8       0x18 Generated_Source\PSoC6\pdl\middleware\ble\lib\cy_ble_stack_gcc_host_ipc_cm4.a(BT_os.o)
                0x10087bf8                cyBleStackMemoryConfig
 .constdata     0x10087c10       0x58 Generated_Source\PSoC6\pdl\middleware\ble\lib\cy_ble_stack_gcc_host_ipc_cm4.a(l2cap_init.o)
                0x10087c10                l2cap_le_sig_handler
 .constdata     0x10087c68       0x3c Generated_Source\PSoC6\pdl\middleware\ble\lib\cy_ble_stack_gcc_host_ipc_cm4.a(fsm_engine_pl.o)
                0x10087c68                fsm_module_table
 .constdata     0x10087ca4      0x110 Generated_Source\PSoC6\pdl\middleware\ble\lib\cy_ble_stack_gcc_host_ipc_cm4.a(gap_hci_iface.o)
                0x10087ca4                hciCommandCompleteEventHandlers
 .constdata     0x10087db4       0x20 Generated_Source\PSoC6\pdl\middleware\ble\lib\cy_ble_stack_gcc_host_ipc_cm4.a(gap_privacy.o)
 .constdata     0x10087dd4       0x32 Generated_Source\PSoC6\pdl\middleware\ble\lib\cy_ble_stack_gcc_host_ipc_cm4.a(smp_core.o)
                0x10087dd4                smp_iocap_assoc_map
                0x10087ded                smp_sc_iocap_assoc_map
 *fill*         0x10087e06        0x2 
 .constdata     0x10087e08        0xc Generated_Source\PSoC6\pdl\middleware\ble\lib\cy_ble_stack_gcc_host_ipc_cm4.a(smp_interface.o)
                0x10087e08                smp_event_fp
 .constdata     0x10087e14       0x22 Generated_Source\PSoC6\pdl\middleware\ble\lib\cy_ble_stack_gcc_host_ipc_cm4.a(smp_utils.o)
                0x10087e14                smp_event_map
 *fill*         0x10087e36        0x2 
 .constdata     0x10087e38       0xb4 Generated_Source\PSoC6\pdl\middleware\ble\lib\cy_ble_stack_gcc_host_ipc_cm4.a(smp_fsm_table.o)
                0x10087e38                smp_state_event_table
 .constdata     0x10087eec      0x110 Generated_Source\PSoC6\pdl\middleware\ble\lib\cy_ble_stack_gcc_host_ipc_cm4.a(smp_fsm_table.o)
                0x10087eec                smp_event_handler_table
 .constdata     0x10087ffc       0x20 Generated_Source\PSoC6\pdl\middleware\ble\lib\cy_ble_stack_gcc_host_ipc_cm4.a(aes_cmac.o)
                0x10087ffc                cmac_zero_data
                0x1008800c                cmac_rb_data
 .constdata     0x1008801c       0x60 Generated_Source\PSoC6\pdl\middleware\ble\lib\cy_ble_stack_gcc_host_ipc_cm4.a(att_fsm_table.o)
                0x1008801c                att_state_event_table
 .constdata     0x1008807c       0x58 Generated_Source\PSoC6\pdl\middleware\ble\lib\cy_ble_stack_gcc_host_ipc_cm4.a(att_fsm_table.o)
                0x1008807c                att_event_handler_table
 .rodata.str1.1
                0x100880d4        0x2 c:/program files (x86)/cypress/psoc creator/4.4/psoc creator/import/gnu/arm/5.4.1/bin/../lib/gcc/arm-none-eabi/5.4.1/../../../../arm-none-eabi/lib/armv7e-m/softfp\libg_nano.a(lib_a-impure.o)
 .rodata.str1.1
                0x100880d6       0x12 c:/program files (x86)/cypress/psoc creator/4.4/psoc creator/import/gnu/arm/5.4.1/bin/../lib/gcc/arm-none-eabi/5.4.1/../../../../arm-none-eabi/lib/armv7e-m/softfp\libg_nano.a(lib_a-nano-vfprintf_float.o)
 .rodata.str1.1
                0x100880e8       0x22 c:/program files (x86)/cypress/psoc creator/4.4/psoc creator/import/gnu/arm/5.4.1/bin/../lib/gcc/arm-none-eabi/5.4.1/../../../../arm-none-eabi/lib/armv7e-m/softfp\libg_nano.a(lib_a-nano-vfprintf_i.o)
 .rodata.str1.1
                0x1008810a        0xd c:/program files (x86)/cypress/psoc creator/4.4/psoc creator/import/gnu/arm/5.4.1/bin/../lib/gcc/arm-none-eabi/5.4.1/../../../../arm-none-eabi/lib/armv7e-m/softfp\libg_nano.a(lib_a-dtoa.o)
                                  0xf (size before relaxing)
 .rodata.str1.1
                0x10088117        0x8 c:/program files (x86)/cypress/psoc creator/4.4/psoc creator/import/gnu/arm/5.4.1/bin/../lib/gcc/arm-none-eabi/5.4.1/../../../../arm-none-eabi/lib/armv7e-m/softfp\libg_nano.a(lib_a-locale.o)
                                  0xb (size before relaxing)
 *fill*         0x1008811f        0x1 
 .rodata.p05.5410
                0x10088120        0xc c:/program files (x86)/cypress/psoc creator/4.4/psoc creator/import/gnu/arm/5.4.1/bin/../lib/gcc/arm-none-eabi/5.4.1/../../../../arm-none-eabi/lib/armv7e-m/softfp\libg_nano.a(lib_a-mprec.o)
 *fill*         0x1008812c        0x4 
 .rodata.__mprec_bigtens
                0x10088130       0x28 c:/program files (x86)/cypress/psoc creator/4.4/psoc creator/import/gnu/arm/5.4.1/bin/../lib/gcc/arm-none-eabi/5.4.1/../../../../arm-none-eabi/lib/armv7e-m/softfp\libg_nano.a(lib_a-mprec.o)
                0x10088130                __mprec_bigtens
 .rodata.__mprec_tens
                0x10088158       0xc8 c:/program files (x86)/cypress/psoc creator/4.4/psoc creator/import/gnu/arm/5.4.1/bin/../lib/gcc/arm-none-eabi/5.4.1/../../../../arm-none-eabi/lib/armv7e-m/softfp\libg_nano.a(lib_a-mprec.o)
                0x10088158                __mprec_tens
 .rodata.str1.1
                0x10088220       0x11 c:/program files (x86)/cypress/psoc creator/4.4/psoc creator/import/gnu/arm/5.4.1/bin/../lib/gcc/arm-none-eabi/5.4.1/../../../../arm-none-eabi/lib/armv7e-m/softfp\libg_nano.a(lib_a-nano-svfprintf.o)
 *(.eh_frame*)
 *fill*         0x10088231        0x3 
 .eh_frame      0x10088234        0x0 c:/program files (x86)/cypress/psoc creator/4.4/psoc creator/import/gnu/arm/5.4.1/bin/../lib/gcc/arm-none-eabi/5.4.1/armv7e-m/softfp/crtbegin.o
 .eh_frame      0x10088234        0x4 c:/program files (x86)/cypress/psoc creator/4.4/psoc creator/import/gnu/arm/5.4.1/bin/../lib/gcc/arm-none-eabi/5.4.1/armv7e-m/softfp/crtend.o

.glue_7         0x10088238        0x0
 .glue_7        0x10088238        0x0 linker stubs

.glue_7t        0x10088238        0x0
 .glue_7t       0x10088238        0x0 linker stubs

.vfp11_veneer   0x10088238        0x0
 .vfp11_veneer  0x10088238        0x0 linker stubs

.v4_bx          0x10088238        0x0
 .v4_bx         0x10088238        0x0 linker stubs

.iplt           0x10088238        0x0
 .iplt          0x10088238        0x0 c:/program files (x86)/cypress/psoc creator/4.4/psoc creator/import/gnu/arm/5.4.1/bin/../lib/gcc/arm-none-eabi/5.4.1/armv7e-m/softfp/crtbegin.o

i.CyBleStackMgr_Init
                0x10088238       0xdc
 i.CyBleStackMgr_Init
                0x10088238       0xdc Generated_Source\PSoC6\pdl\middleware\ble\lib\cy_ble_stack_gcc_host_ipc_cm4.a(CyBleStackMgrIP_Interface.o)
                0x10088238                CyBleStackMgr_Init

i.CyBleStackMgr_ProcessBleEvents
                0x10088314       0x14
 i.CyBleStackMgr_ProcessBleEvents
                0x10088314       0x14 Generated_Source\PSoC6\pdl\middleware\ble\lib\cy_ble_stack_gcc_host_ipc_cm4.a(CyBleStackMgrIP_Interface.o)
                0x10088314                CyBleStackMgr_ProcessBleEvents

i.CyBleStackMgr_Shutdown
                0x10088328       0x20
 i.CyBleStackMgr_Shutdown
                0x10088328       0x20 Generated_Source\PSoC6\pdl\middleware\ble\lib\cy_ble_stack_gcc_host_ipc_cm4.a(CyBleStackMgrIP_Interface.o)
                0x10088328                CyBleStackMgr_Shutdown

i.CyBle_GetHeapMemory
                0x10088348       0x3c
 i.CyBle_GetHeapMemory
                0x10088348       0x3c Generated_Source\PSoC6\pdl\middleware\ble\lib\cy_ble_stack_gcc_host_ipc_cm4.a(CyBleStackMgrIP_Interface.o)
                0x10088348                CyBle_GetHeapMemory

i.CyBle_GetNumAppBufferPools
                0x10088384        0xc
 i.CyBle_GetNumAppBufferPools
                0x10088384        0xc Generated_Source\PSoC6\pdl\middleware\ble\lib\cy_ble_stack_gcc_host_ipc_cm4.a(CyBleStackMgrIP_Interface.o)
                0x10088384                CyBle_GetNumAppBufferPools

i.CyBle_HostStackBufferPoolInit
                0x10088390       0xc4
 i.CyBle_HostStackBufferPoolInit
                0x10088390       0xc4 Generated_Source\PSoC6\pdl\middleware\ble\lib\cy_ble_stack_gcc_host_ipc_cm4.a(CyBleStackMgrIP_Interface.o)

i.CyBle_SortBufers
                0x10088454       0x40
 i.CyBle_SortBufers
                0x10088454       0x40 Generated_Source\PSoC6\pdl\middleware\ble\lib\cy_ble_stack_gcc_host_ipc_cm4.a(CyBleStackMgrIP_Interface.o)
                0x10088454                CyBle_SortBufers

i.CyBle_StackGetConfigPtr
                0x10088494        0x8
 i.CyBle_StackGetConfigPtr
                0x10088494        0x8 Generated_Source\PSoC6\pdl\middleware\ble\lib\cy_ble_stack_gcc_host_ipc_cm4.a(CyBleStackMgrIP_Interface.o)
                0x10088494                CyBle_StackGetConfigPtr

i.Cy_BLE_ProcessEvents
                0x1008849c        0x4
 i.Cy_BLE_ProcessEvents
                0x1008849c        0x4 Generated_Source\PSoC6\pdl\middleware\ble\lib\cy_ble_stack_gcc_host_ipc_cm4.a(CyBleStackMgrIP_Interface.o)
                0x1008849c                Cy_BLE_ProcessEvents

i.Cy_BLE_StackEnterLPM
                0x100884a0       0x16
 i.Cy_BLE_StackEnterLPM
                0x100884a0       0x16 Generated_Source\PSoC6\pdl\middleware\ble\lib\cy_ble_stack_gcc_host_ipc_cm4.a(CyBleStackMgrIP_Interface.o)
                0x100884a0                Cy_BLE_StackEnterLPM

i.Cy_BLE_StackGetBleSsState
                0x100884b6        0x4
 i.Cy_BLE_StackGetBleSsState
                0x100884b6        0x4 Generated_Source\PSoC6\pdl\middleware\ble\lib\cy_ble_stack_gcc_host_ipc_cm4.a(CyBleStackMgrIP_Interface.o)
                0x100884b6                Cy_BLE_StackGetBleSsState

i.Cy_BLE_StackGetFeatureConfig
                0x100884bc       0x20
 i.Cy_BLE_StackGetFeatureConfig
                0x100884bc       0x20 Generated_Source\PSoC6\pdl\middleware\ble\lib\cy_ble_stack_gcc_host_ipc_cm4.a(CyBleStackMgrIP_Interface.o)
                0x100884bc                Cy_BLE_StackGetFeatureConfig

i.Cy_BLE_StackInit
                0x100884dc       0x70
 i.Cy_BLE_StackInit
                0x100884dc       0x70 Generated_Source\PSoC6\pdl\middleware\ble\lib\cy_ble_stack_gcc_host_ipc_cm4.a(CyBleStackMgrIP_Interface.o)
                0x100884dc                Cy_BLE_StackInit

i.Cy_BLE_StackSetFeatureConfig
                0x1008854c       0x54
 i.Cy_BLE_StackSetFeatureConfig
                0x1008854c       0x54 Generated_Source\PSoC6\pdl\middleware\ble\lib\cy_ble_stack_gcc_host_ipc_cm4.a(CyBleStackMgrIP_Interface.o)
                0x1008854c                Cy_BLE_StackSetFeatureConfig

i.ble_stack_idle_task_callback
                0x100885a0        0x2
 i.ble_stack_idle_task_callback
                0x100885a0        0x2 Generated_Source\PSoC6\pdl\middleware\ble\lib\cy_ble_stack_gcc_host_ipc_cm4.a(CyBleStackMgrIP_Interface.o)
                0x100885a0                ble_stack_idle_task_callback

i.BT_OSFreeBuf  0x100885a4       0x20
 i.BT_OSFreeBuf
                0x100885a4       0x20 Generated_Source\PSoC6\pdl\middleware\ble\lib\cy_ble_stack_gcc_host_ipc_cm4.a(BT_os.o)
                0x100885a4                BT_OSFreeBuf

i.BT_OSGetBuF   0x100885c4       0x30
 i.BT_OSGetBuF  0x100885c4       0x30 Generated_Source\PSoC6\pdl\middleware\ble\lib\cy_ble_stack_gcc_host_ipc_cm4.a(BT_os.o)
                0x100885c4                BT_OSGetBuF

i.BT_OSMemCreate
                0x100885f4       0x3c
 i.BT_OSMemCreate
                0x100885f4       0x3c Generated_Source\PSoC6\pdl\middleware\ble\lib\cy_ble_stack_gcc_host_ipc_cm4.a(BT_os.o)
                0x100885f4                BT_OSMemCreate

i.BT_alloc_mem_ext
                0x10088630       0x40
 i.BT_alloc_mem_ext
                0x10088630       0x40 Generated_Source\PSoC6\pdl\middleware\ble\lib\cy_ble_stack_gcc_host_ipc_cm4.a(BT_os.o)
                0x10088630                BT_alloc_mem_ext

i.BT_free_mem   0x10088670        0xa
 i.BT_free_mem  0x10088670        0xa Generated_Source\PSoC6\pdl\middleware\ble\lib\cy_ble_stack_gcc_host_ipc_cm4.a(BT_os.o)
                0x10088670                BT_free_mem

i.bt_stack_create_buffer_pool
                0x1008867c       0x2c
 i.bt_stack_create_buffer_pool
                0x1008867c       0x2c Generated_Source\PSoC6\pdl\middleware\ble\lib\cy_ble_stack_gcc_host_ipc_cm4.a(BT_os.o)
                0x1008867c                bt_stack_create_buffer_pool

i.CyBle_CreateBleStackTask
                0x100886a8       0x30
 i.CyBle_CreateBleStackTask
                0x100886a8       0x30 Generated_Source\PSoC6\pdl\middleware\ble\lib\cy_ble_stack_gcc_host_ipc_cm4.a(CyBleStackMgr_StackTaskHandler.o)
                0x100886a8                CyBle_CreateBleStackTask

i.CyBle_SignalBleStackTask
                0x100886d8       0x38
 i.CyBle_SignalBleStackTask
                0x100886d8       0x38 Generated_Source\PSoC6\pdl\middleware\ble\lib\cy_ble_stack_gcc_host_ipc_cm4.a(CyBleStackMgr_StackTaskHandler.o)
                0x100886d8                CyBle_SignalBleStackTask

i.CyBle_StackTaskHandler
                0x10088710       0x74
 i.CyBle_StackTaskHandler
                0x10088710       0x74 Generated_Source\PSoC6\pdl\middleware\ble\lib\cy_ble_stack_gcc_host_ipc_cm4.a(CyBleStackMgr_StackTaskHandler.o)
                0x10088710                CyBle_StackTaskHandler

i.IsStackTaskFree
                0x10088784        0xc
 i.IsStackTaskFree
                0x10088784        0xc Generated_Source\PSoC6\pdl\middleware\ble\lib\cy_ble_stack_gcc_host_ipc_cm4.a(CyBleStackMgr_StackTaskHandler.o)
                0x10088784                IsStackTaskFree

i.storage_bt_init_pl
                0x10088790       0x8c
 i.storage_bt_init_pl
                0x10088790       0x8c Generated_Source\PSoC6\pdl\middleware\ble\lib\cy_ble_stack_gcc_host_ipc_cm4.a(storage_pl.o)
                0x10088790                storage_bt_init_pl

i.storage_bt_reset_offset
                0x1008881c       0x3c
 i.storage_bt_reset_offset
                0x1008881c       0x3c Generated_Source\PSoC6\pdl\middleware\ble\lib\cy_ble_stack_gcc_host_ipc_cm4.a(storage_pl.o)
                0x1008881c                storage_bt_reset_offset

i.storage_manager_init
                0x10088858       0x58
 i.storage_manager_init
                0x10088858       0x58 Generated_Source\PSoC6\pdl\middleware\ble\lib\cy_ble_stack_gcc_host_ipc_cm4.a(storage_pl.o)
                0x10088858                storage_manager_init

i.storage_manager_register_module
                0x100888b0       0x68
 i.storage_manager_register_module
                0x100888b0       0x68 Generated_Source\PSoC6\pdl\middleware\ble\lib\cy_ble_stack_gcc_host_ipc_cm4.a(storage_pl.o)
                0x100888b0                storage_manager_register_module

i.storage_validate_init_params
                0x10088918       0x98
 i.storage_validate_init_params
                0x10088918       0x98 Generated_Source\PSoC6\pdl\middleware\ble\lib\cy_ble_stack_gcc_host_ipc_cm4.a(storage_pl.o)
                0x10088918                storage_validate_init_params

i.OS_init       0x100889b0       0x64
 i.OS_init      0x100889b0       0x64 Generated_Source\PSoC6\pdl\middleware\ble\lib\cy_ble_stack_gcc_host_ipc_cm4.a(mint_os.o)
                0x100889b0                OS_init

i.OS_shutdown   0x10088a14        0x4
 i.OS_shutdown  0x10088a14        0x4 Generated_Source\PSoC6\pdl\middleware\ble\lib\cy_ble_stack_gcc_host_ipc_cm4.a(mint_os.o)
                0x10088a14                OS_shutdown

i.mintos_malloc
                0x10088a18       0x34
 i.mintos_malloc
                0x10088a18       0x34 Generated_Source\PSoC6\pdl\middleware\ble\lib\cy_ble_stack_gcc_host_ipc_cm4.a(mint_os.o)
                0x10088a18                mintos_malloc

i.OS_create_queue
                0x10088a4c       0x74
 i.OS_create_queue
                0x10088a4c       0x74 Generated_Source\PSoC6\pdl\middleware\ble\lib\cy_ble_stack_gcc_host_ipc_cm4.a(mint_os_queue.o)
                0x10088a4c                OS_create_queue

i.OS_enqueue_item
                0x10088ac0       0x9c
 i.OS_enqueue_item
                0x10088ac0       0x9c Generated_Source\PSoC6\pdl\middleware\ble\lib\cy_ble_stack_gcc_host_ipc_cm4.a(mint_os_queue.o)
                0x10088ac0                OS_enqueue_item

i.OS_queue_get_num_of_items
                0x10088b5c       0x2c
 i.OS_queue_get_num_of_items
                0x10088b5c       0x2c Generated_Source\PSoC6\pdl\middleware\ble\lib\cy_ble_stack_gcc_host_ipc_cm4.a(mint_os_queue.o)
                0x10088b5c                OS_queue_get_num_of_items

i.OS_queue_mgmt_init
                0x10088b88       0x58
 i.OS_queue_mgmt_init
                0x10088b88       0x58 Generated_Source\PSoC6\pdl\middleware\ble\lib\cy_ble_stack_gcc_host_ipc_cm4.a(mint_os_queue.o)
                0x10088b88                OS_queue_mgmt_init

i.OS_remove_item
                0x10088be0       0xb8
 i.OS_remove_item
                0x10088be0       0xb8 Generated_Source\PSoC6\pdl\middleware\ble\lib\cy_ble_stack_gcc_host_ipc_cm4.a(mint_os_queue.o)
                0x10088be0                OS_remove_item

i.OS_create_task
                0x10088c98       0x88
 i.OS_create_task
                0x10088c98       0x88 Generated_Source\PSoC6\pdl\middleware\ble\lib\cy_ble_stack_gcc_host_ipc_cm4.a(mint_os_task.o)
                0x10088c98                OS_create_task

i.OS_is_task_free
                0x10088d20       0x30
 i.OS_is_task_free
                0x10088d20       0x30 Generated_Source\PSoC6\pdl\middleware\ble\lib\cy_ble_stack_gcc_host_ipc_cm4.a(mint_os_task.o)
                0x10088d20                OS_is_task_free

i.OS_scheduler  0x10088d50       0x64
 i.OS_scheduler
                0x10088d50       0x64 Generated_Source\PSoC6\pdl\middleware\ble\lib\cy_ble_stack_gcc_host_ipc_cm4.a(mint_os_task.o)
                0x10088d50                OS_scheduler

i.OS_send_signal_to_task
                0x10088db4        0xc
 i.OS_send_signal_to_task
                0x10088db4        0xc Generated_Source\PSoC6\pdl\middleware\ble\lib\cy_ble_stack_gcc_host_ipc_cm4.a(mint_os_task.o)
                0x10088db4                OS_send_signal_to_task

i.OS_send_signal_to_task_context
                0x10088dc0       0x3c
 i.OS_send_signal_to_task_context
                0x10088dc0       0x3c Generated_Source\PSoC6\pdl\middleware\ble\lib\cy_ble_stack_gcc_host_ipc_cm4.a(mint_os_task.o)

i.OS_task_mgmt_init
                0x10088dfc       0x60
 i.OS_task_mgmt_init
                0x10088dfc       0x60 Generated_Source\PSoC6\pdl\middleware\ble\lib\cy_ble_stack_gcc_host_ipc_cm4.a(mint_os_task.o)
                0x10088dfc                OS_task_mgmt_init

i.mint_buf_mgmt_allocate_buffer
                0x10088e5c       0x54
 i.mint_buf_mgmt_allocate_buffer
                0x10088e5c       0x54 Generated_Source\PSoC6\pdl\middleware\ble\lib\cy_ble_stack_gcc_host_ipc_cm4.a(mint_buf_mgmt.o)
                0x10088e5c                mint_buf_mgmt_allocate_buffer

i.mint_buf_mgmt_create_pool
                0x10088eb0       0xd4
 i.mint_buf_mgmt_create_pool
                0x10088eb0       0xd4 Generated_Source\PSoC6\pdl\middleware\ble\lib\cy_ble_stack_gcc_host_ipc_cm4.a(mint_buf_mgmt.o)
                0x10088eb0                mint_buf_mgmt_create_pool

i.mint_buf_mgmt_free_buffer
                0x10088f84       0xac
 i.mint_buf_mgmt_free_buffer
                0x10088f84       0xac Generated_Source\PSoC6\pdl\middleware\ble\lib\cy_ble_stack_gcc_host_ipc_cm4.a(mint_buf_mgmt.o)
                0x10088f84                mint_buf_mgmt_free_buffer

i.mint_buf_mgmt_init
                0x10089030       0x5c
 i.mint_buf_mgmt_init
                0x10089030       0x5c Generated_Source\PSoC6\pdl\middleware\ble\lib\cy_ble_stack_gcc_host_ipc_cm4.a(mint_buf_mgmt.o)
                0x10089030                mint_buf_mgmt_init

i.mint_buf_mgmt_malloc
                0x1008908c       0x28
 i.mint_buf_mgmt_malloc
                0x1008908c       0x28 Generated_Source\PSoC6\pdl\middleware\ble\lib\cy_ble_stack_gcc_host_ipc_cm4.a(mint_buf_mgmt.o)
                0x1008908c                mint_buf_mgmt_malloc

i.mint_buf_mgmt_pl_init
                0x100890b4       0x44
 i.mint_buf_mgmt_pl_init
                0x100890b4       0x44 Generated_Source\PSoC6\pdl\middleware\ble\lib\cy_ble_stack_gcc_host_ipc_cm4.a(mint_buf_mgmt.o)
                0x100890b4                mint_buf_mgmt_pl_init

i.mint_buf_mgmt_stack_init
                0x100890f8       0x22
 i.mint_buf_mgmt_stack_init
                0x100890f8       0x22 Generated_Source\PSoC6\pdl\middleware\ble\lib\cy_ble_stack_gcc_host_ipc_cm4.a(mint_buf_mgmt.o)
                0x100890f8                mint_buf_mgmt_stack_init

i.mint_buf_mgmt_stack_pop
                0x1008911a       0x34
 i.mint_buf_mgmt_stack_pop
                0x1008911a       0x34 Generated_Source\PSoC6\pdl\middleware\ble\lib\cy_ble_stack_gcc_host_ipc_cm4.a(mint_buf_mgmt.o)
                0x1008911a                mint_buf_mgmt_stack_pop

i.mint_buf_mgmt_stack_push
                0x1008914e       0x34
 i.mint_buf_mgmt_stack_push
                0x1008914e       0x34 Generated_Source\PSoC6\pdl\middleware\ble\lib\cy_ble_stack_gcc_host_ipc_cm4.a(mint_buf_mgmt.o)
                0x1008914e                mint_buf_mgmt_stack_push

i.mint_buf_mgmt_stack_search_item
                0x10089182       0x2e
 i.mint_buf_mgmt_stack_search_item
                0x10089182       0x2e Generated_Source\PSoC6\pdl\middleware\ble\lib\cy_ble_stack_gcc_host_ipc_cm4.a(mint_buf_mgmt.o)
                0x10089182                mint_buf_mgmt_stack_search_item

i.CyBleHost_HciIpcFreePktBuffer
                0x100891b0       0x2e
 i.CyBleHost_HciIpcFreePktBuffer
                0x100891b0       0x2e Generated_Source\PSoC6\pdl\middleware\ble\lib\cy_ble_stack_gcc_host_ipc_cm4.a(transport_ipc.o)
                0x100891b0                CyBleHost_HciIpcFreePktBuffer

i.CyBleHost_HciIpcMsgCompleteReceive
                0x100891e0       0x28
 i.CyBleHost_HciIpcMsgCompleteReceive
                0x100891e0       0x28 Generated_Source\PSoC6\pdl\middleware\ble\lib\cy_ble_stack_gcc_host_ipc_cm4.a(transport_ipc.o)
                0x100891e0                CyBleHost_HciIpcMsgCompleteReceive

i.CyBleHost_HciIpcMsgReceive
                0x10089208       0x28
 i.CyBleHost_HciIpcMsgReceive
                0x10089208       0x28 Generated_Source\PSoC6\pdl\middleware\ble\lib\cy_ble_stack_gcc_host_ipc_cm4.a(transport_ipc.o)
                0x10089208                CyBleHost_HciIpcMsgReceive

i.hci_transport_bt_shutdown
                0x10089230        0x4
 i.hci_transport_bt_shutdown
                0x10089230        0x4 Generated_Source\PSoC6\pdl\middleware\ble\lib\cy_ble_stack_gcc_host_ipc_cm4.a(transport_ipc.o)
                0x10089230                hci_transport_bt_shutdown

i.hci_transport_init
                0x10089234       0x10
 i.hci_transport_init
                0x10089234       0x10 Generated_Source\PSoC6\pdl\middleware\ble\lib\cy_ble_stack_gcc_host_ipc_cm4.a(transport_ipc.o)
                0x10089234                hci_transport_init

i.hci_transport_write_data
                0x10089244       0x9c
 i.hci_transport_write_data
                0x10089244       0x9c Generated_Source\PSoC6\pdl\middleware\ble\lib\cy_ble_stack_gcc_host_ipc_cm4.a(transport_ipc.o)
                0x10089244                hci_transport_write_data

i.CyBleHost_IPC_HAL_Init
                0x100892e0       0x40
 i.CyBleHost_IPC_HAL_Init
                0x100892e0       0x40 Generated_Source\PSoC6\pdl\middleware\ble\lib\cy_ble_stack_gcc_host_ipc_cm4.a(CyBleStackMgr_PSoCIPCHal.o)
                0x100892e0                CyBleHost_IPC_HAL_Init

i.CyBleHost_IPC_HAL_InitWithStaticMem
                0x10089320        0xc
 i.CyBleHost_IPC_HAL_InitWithStaticMem
                0x10089320        0xc Generated_Source\PSoC6\pdl\middleware\ble\lib\cy_ble_stack_gcc_host_ipc_cm4.a(CyBleStackMgr_PSoCIPCHal.o)
                0x10089320                CyBleHost_IPC_HAL_InitWithStaticMem

i.CyBleHost_IPC_HAL_IsQueueEmpty
                0x1008932c       0x24
 i.CyBleHost_IPC_HAL_IsQueueEmpty
                0x1008932c       0x24 Generated_Source\PSoC6\pdl\middleware\ble\lib\cy_ble_stack_gcc_host_ipc_cm4.a(CyBleStackMgr_PSoCIPCHal.o)
                0x1008932c                CyBleHost_IPC_HAL_IsQueueEmpty

i.CyBleHost_IPC_HAL_PipeReleaseCallback
                0x10089350       0x1c
 i.CyBleHost_IPC_HAL_PipeReleaseCallback
                0x10089350       0x1c Generated_Source\PSoC6\pdl\middleware\ble\lib\cy_ble_stack_gcc_host_ipc_cm4.a(CyBleStackMgr_PSoCIPCHal.o)

i.CyBleHost_IPC_HAL_ProcessMsgQ
                0x1008936c       0x3c
 i.CyBleHost_IPC_HAL_ProcessMsgQ
                0x1008936c       0x3c Generated_Source\PSoC6\pdl\middleware\ble\lib\cy_ble_stack_gcc_host_ipc_cm4.a(CyBleStackMgr_PSoCIPCHal.o)
                0x1008936c                CyBleHost_IPC_HAL_ProcessMsgQ

i.CyBleHost_IPC_HAL_PushMessage
                0x100893a8       0x48
 i.CyBleHost_IPC_HAL_PushMessage
                0x100893a8       0x48 Generated_Source\PSoC6\pdl\middleware\ble\lib\cy_ble_stack_gcc_host_ipc_cm4.a(CyBleStackMgr_PSoCIPCHal.o)

i.CyBleHost_IPC_HAL_Reset
                0x100893f0       0x30
 i.CyBleHost_IPC_HAL_Reset
                0x100893f0       0x30 Generated_Source\PSoC6\pdl\middleware\ble\lib\cy_ble_stack_gcc_host_ipc_cm4.a(CyBleStackMgr_PSoCIPCHal.o)
                0x100893f0                CyBleHost_IPC_HAL_Reset

i.CyBleHost_IPC_HAL_SendEnqueue
                0x10089420       0x10
 i.CyBleHost_IPC_HAL_SendEnqueue
                0x10089420       0x10 Generated_Source\PSoC6\pdl\middleware\ble\lib\cy_ble_stack_gcc_host_ipc_cm4.a(CyBleStackMgr_PSoCIPCHal.o)
                0x10089420                CyBleHost_IPC_HAL_SendEnqueue

i.CyBle_BluetoothOnCmptCB
                0x10089430       0x60
 i.CyBle_BluetoothOnCmptCB
                0x10089430       0x60 Generated_Source\PSoC6\pdl\middleware\ble\lib\cy_ble_stack_gcc_host_ipc_cm4.a(host_main.o)

i.CyBle_HostDisableFeatures
                0x10089490       0x12
 i.CyBle_HostDisableFeatures
                0x10089490       0x12 Generated_Source\PSoC6\pdl\middleware\ble\lib\cy_ble_stack_gcc_host_ipc_cm4.a(host_main.o)
                0x10089490                CyBle_HostDisableFeatures

i.CyBle_HostInit
                0x100894a4       0x68
 i.CyBle_HostInit
                0x100894a4       0x68 Generated_Source\PSoC6\pdl\middleware\ble\lib\cy_ble_stack_gcc_host_ipc_cm4.a(host_main.o)
                0x100894a4                CyBle_HostInit

i.CyBle_HostIsStackFree
                0x1008950c       0x16
 i.CyBle_HostIsStackFree
                0x1008950c       0x16 Generated_Source\PSoC6\pdl\middleware\ble\lib\cy_ble_stack_gcc_host_ipc_cm4.a(host_main.o)
                0x1008950c                CyBle_HostIsStackFree

i.CyBle_HostSetFeatureConfig
                0x10089524       0x80
 i.CyBle_HostSetFeatureConfig
                0x10089524       0x80 Generated_Source\PSoC6\pdl\middleware\ble\lib\cy_ble_stack_gcc_host_ipc_cm4.a(host_main.o)
                0x10089524                CyBle_HostSetFeatureConfig

i.CyBle_HostStackHeapDeInit
                0x100895a4       0x1e