Archive member included to satisfy reference by file (symbol)

Generated_Source\PSoC6\pdl\middleware\ble\lib\cy_ble_stack_gcc_host_ipc_cm4.a(CyBleStackMgrIP_Interface.o)
                              .\CortexM4\ARM_GCC_541\Debug\HostMain.o (Cy_BLE_ProcessEvents)
Generated_Source\PSoC6\pdl\middleware\ble\lib\cy_ble_stack_gcc_host_ipc_cm4.a(BT_os.o)
                              Generated_Source\PSoC6\pdl\middleware\ble\lib\cy_ble_stack_gcc_host_ipc_cm4.a(CyBleStackMgrIP_Interface.o) (cyBleStackMemoryConfig)
Generated_Source\PSoC6\pdl\middleware\ble\lib\cy_ble_stack_gcc_host_ipc_cm4.a(CyBleStackMgr_StackTaskHandler.o)
                              Generated_Source\PSoC6\pdl\middleware\ble\lib\cy_ble_stack_gcc_host_ipc_cm4.a(CyBleStackMgrIP_Interface.o) (CyBle_CreateBleStackTask)
Generated_Source\PSoC6\pdl\middleware\ble\lib\cy_ble_stack_gcc_host_ipc_cm4.a(storage_pl.o)
                              Generated_Source\PSoC6\pdl\middleware\ble\lib\cy_ble_stack_gcc_host_ipc_cm4.a(CyBleStackMgrIP_Interface.o) (storage_manager_init)
Generated_Source\PSoC6\pdl\middleware\ble\lib\cy_ble_stack_gcc_host_ipc_cm4.a(mint_os.o)
                              Generated_Source\PSoC6\pdl\middleware\ble\lib\cy_ble_stack_gcc_host_ipc_cm4.a(CyBleStackMgrIP_Interface.o) (OS_init)
Generated_Source\PSoC6\pdl\middleware\ble\lib\cy_ble_stack_gcc_host_ipc_cm4.a(mint_os_queue.o)
                              Generated_Source\PSoC6\pdl\middleware\ble\lib\cy_ble_stack_gcc_host_ipc_cm4.a(mint_os.o) (OS_TOTAL_QUEUES)
Generated_Source\PSoC6\pdl\middleware\ble\lib\cy_ble_stack_gcc_host_ipc_cm4.a(mint_os_task.o)
                              Generated_Source\PSoC6\pdl\middleware\ble\lib\cy_ble_stack_gcc_host_ipc_cm4.a(mint_os.o) (idle_func_handler)
Generated_Source\PSoC6\pdl\middleware\ble\lib\cy_ble_stack_gcc_host_ipc_cm4.a(mint_buf_mgmt.o)
                              Generated_Source\PSoC6\pdl\middleware\ble\lib\cy_ble_stack_gcc_host_ipc_cm4.a(BT_os.o) (mint_buf_mgmt_allocate_buffer)
Generated_Source\PSoC6\pdl\middleware\ble\lib\cy_ble_stack_gcc_host_ipc_cm4.a(transport_ipc.o)
                              Generated_Source\PSoC6\pdl\middleware\ble\lib\cy_ble_stack_gcc_host_ipc_cm4.a(CyBleStackMgr_StackTaskHandler.o) (CyBleHost_HciIpcFreePktBuffer)
Generated_Source\PSoC6\pdl\middleware\ble\lib\cy_ble_stack_gcc_host_ipc_cm4.a(CyBleStackMgr_PSoCIPCHal.o)
                              Generated_Source\PSoC6\pdl\middleware\ble\lib\cy_ble_stack_gcc_host_ipc_cm4.a(transport_ipc.o) (CyBleHost_IPC_HAL_InitWithStaticMem)
Generated_Source\PSoC6\pdl\middleware\ble\lib\cy_ble_stack_gcc_host_ipc_cm4.a(host_main.o)
                              Generated_Source\PSoC6\pdl\middleware\ble\lib\cy_ble_stack_gcc_host_ipc_cm4.a(CyBleStackMgrIP_Interface.o) (CyBle_HostInit)
Generated_Source\PSoC6\pdl\middleware\ble\lib\cy_ble_stack_gcc_host_ipc_cm4.a(att_api.o)
                              Generated_Source\PSoC6\pdl\middleware\ble\lib\cy_ble_stack_gcc_host_ipc_cm4.a(host_main.o) (BT_att_register)
Generated_Source\PSoC6\pdl\middleware\ble\lib\cy_ble_stack_gcc_host_ipc_cm4.a(att_init.o)
                              Generated_Source\PSoC6\pdl\middleware\ble\lib\cy_ble_stack_gcc_host_ipc_cm4.a(att_api.o) (att_connections)
Generated_Source\PSoC6\pdl\middleware\ble\lib\cy_ble_stack_gcc_host_ipc_cm4.a(att_internal.o)
                              Generated_Source\PSoC6\pdl\middleware\ble\lib\cy_ble_stack_gcc_host_ipc_cm4.a(att_api.o) (att_get_fsm_event)
Generated_Source\PSoC6\pdl\middleware\ble\lib\cy_ble_stack_gcc_host_ipc_cm4.a(BT_common.o)
                              Generated_Source\PSoC6\pdl\middleware\ble\lib\cy_ble_stack_gcc_host_ipc_cm4.a(host_main.o) (BT_bluetooth_off)
Generated_Source\PSoC6\pdl\middleware\ble\lib\cy_ble_stack_gcc_host_ipc_cm4.a(device_queue.o)
                              Generated_Source\PSoC6\pdl\middleware\ble\lib\cy_ble_stack_gcc_host_ipc_cm4.a(host_main.o) (CyBle_DeviceQueueHeapDeInit)
Generated_Source\PSoC6\pdl\middleware\ble\lib\cy_ble_stack_gcc_host_ipc_cm4.a(l2cap.o)
                              Generated_Source\PSoC6\pdl\middleware\ble\lib\cy_ble_stack_gcc_host_ipc_cm4.a(host_main.o) (CyBle_L2capCB)
Generated_Source\PSoC6\pdl\middleware\ble\lib\cy_ble_stack_gcc_host_ipc_cm4.a(l2cap_disconnect.o)
                              Generated_Source\PSoC6\pdl\middleware\ble\lib\cy_ble_stack_gcc_host_ipc_cm4.a(l2cap.o) (l2ca_disconnect_req)
Generated_Source\PSoC6\pdl\middleware\ble\lib\cy_ble_stack_gcc_host_ipc_cm4.a(l2cap_init.o)
                              Generated_Source\PSoC6\pdl\middleware\ble\lib\cy_ble_stack_gcc_host_ipc_cm4.a(l2cap_disconnect.o) (l2cap_fixed_channel)
Generated_Source\PSoC6\pdl\middleware\ble\lib\cy_ble_stack_gcc_host_ipc_cm4.a(l2cap_utils.o)
                              Generated_Source\PSoC6\pdl\middleware\ble\lib\cy_ble_stack_gcc_host_ipc_cm4.a(l2cap_disconnect.o) (l2cap_buffer_dequeue)
Generated_Source\PSoC6\pdl\middleware\ble\lib\cy_ble_stack_gcc_host_ipc_cm4.a(l2cap_lmp.o)
[...]
Memory Configuration

Name             Origin             Length             Attributes
ram              0x08024000         0x00023800         xrw
flash            0x10080000         0x00080000         xr
em_eeprom        0x14000000         0x00008000         xr
sflash_user_data 0x16000800         0x00000800         xr
sflash_nar       0x16001a00         0x00000200         xr
sflash_public_key 0x16005a00         0x00000c00         xr
sflash_toc_2     0x16007c00         0x00000200         xr
sflash_rtoc_2    0x16007e00         0x00000200         xr
xip              0x18000000         0x08000000         xr
efuse            0x90700000         0x00100000         r
*default*        0x00000000         0xffffffff

Linker script and memory map

LOAD c:/program files (x86)/cypress/psoc creator/4.4/psoc creator/import/gnu/arm/5.4.1/bin/../lib/gcc/arm-none-eabi/5.4.1/armv7e-m/softfp/crti.o
LOAD c:/program files (x86)/cypress/psoc creator/4.4/psoc creator/import/gnu/arm/5.4.1/bin/../lib/gcc/arm-none-eabi/5.4.1/armv7e-m/softfp/crtbegin.o
LOAD c:/program files (x86)/cypress/psoc creator/4.4/psoc creator/import/gnu/arm/5.4.1/bin/../lib/gcc/arm-none-eabi/5.4.1/../../../../arm-none-eabi/lib/armv7e-m/softfp/crt0.o
START GROUP
LOAD Generated_Source\PSoC6\pdl\middleware\ble\lib\cy_ble_stack_gcc_host_ipc_cm4.a
LOAD .\CortexM4\ARM_GCC_541\Debug\startup_psoc6_01_cm4.o
LOAD .\CortexM4\ARM_GCC_541\Debug\main_cm4.o
LOAD .\CortexM4\ARM_GCC_541\Debug\system_psoc6_cm4.o
LOAD .\CortexM4\ARM_GCC_541\Debug\HostMain.o
LOAD .\CortexM4\ARM_GCC_541\Debug\BLE-communication.o
LOAD .\CortexM4\ARM_GCC_541\Debug\POPE-app.o
LOAD .\CortexM4\ARM_GCC_541\Debug\batteriControl.o
LOAD .\CortexM4\ARM_GCC_541\Debug\kadenceControl.o
LOAD .\CortexM4\ARM_GCC_541\Debug\trykControl.o
LOAD .\CortexM4\ARM_GCC_541\Debug\VT100Terminal.o
LOAD .\CortexM4\ARM_GCC_541\Debug\i2cFunctions.o
LOAD .\CortexM4\ARM_GCC_541\Debug\cyfitter_sysint_cfg.o
LOAD .\CortexM4\ARM_GCC_541\Debug\cymetadata.o
LOAD .\CortexM4\ARM_GCC_541\Debug\BLE.o
LOAD .\CortexM4\ARM_GCC_541\Debug\BLE_config.o
LOAD .\CortexM4\ARM_GCC_541\Debug\BLE_bas_config.o
LOAD .\CortexM4\ARM_GCC_541\Debug\BLE_custom_config.o
LOAD .\CortexM4\ARM_GCC_541\Debug\UART_DEB.o
LOAD .\CortexM4\ARM_GCC_541\Debug\cy_sysint.o
LOAD .\CortexM4\ARM_GCC_541\Debug\cy_ipc_drv.o
LOAD .\CortexM4\ARM_GCC_541\Debug\cy_ipc_sema.o
LOAD .\CortexM4\ARM_GCC_541\Debug\cy_ipc_pipe.o
LOAD .\CortexM4\ARM_GCC_541\Debug\cy_sysclk.o
LOAD .\CortexM4\ARM_GCC_541\Debug\cy_wdt.o
LOAD .\CortexM4\ARM_GCC_541\Debug\cy_scb_common.o
LOAD .\CortexM4\ARM_GCC_541\Debug\cy_scb_i2c.o
LOAD .\CortexM4\ARM_GCC_541\Debug\cy_scb_ezi2c.o
LOAD .\CortexM4\ARM_GCC_541\Debug\cy_scb_spi.o
LOAD .\CortexM4\ARM_GCC_541\Debug\cy_scb_uart.o
LOAD .\CortexM4\ARM_GCC_541\Debug\cy_efuse.o
LOAD .\CortexM4\ARM_GCC_541\Debug\cy_flash.o
LOAD .\CortexM4\ARM_GCC_541\Debug\cy_gpio.o
LOAD .\CortexM4\ARM_GCC_541\Debug\cy_sysanalog.o
LOAD .\CortexM4\ARM_GCC_541\Debug\cy_syspm.o
LOAD .\CortexM4\ARM_GCC_541\Debug\cy_syslib.o
LOAD .\CortexM4\ARM_GCC_541\Debug\cy_syslib_gcc.o
LOAD .\CortexM4\ARM_GCC_541\Debug\cy_trigmux.o
LOAD .\CortexM4\ARM_GCC_541\Debug\cy_systick.o
LOAD .\CortexM4\ARM_GCC_541\Debug\cy_profile.o
LOAD .\CortexM4\ARM_GCC_541\Debug\cy_prot.o
LOAD .\CortexM4\ARM_GCC_541\Debug\cy_lvd.o
LOAD .\CortexM4\ARM_GCC_541\Debug\cy_device.o
LOAD .\CortexM4\ARM_GCC_541\Debug\cy_ble.o
LOAD .\CortexM4\ARM_GCC_541\Debug\cy_ble_hal_int.o
LOAD .\CortexM4\ARM_GCC_541\Debug\cy_ble_hal_pvt.o
LOAD .\CortexM4\ARM_GCC_541\Debug\cy_ble_gap.o
LOAD .\CortexM4\ARM_GCC_541\Debug\cy_ble_gatt.o
LOAD .\CortexM4\ARM_GCC_541\Debug\cy_ble_event_handler.o
LOAD .\CortexM4\ARM_GCC_541\Debug\cy_ble_ancs.o
LOAD .\CortexM4\ARM_GCC_541\Debug\cy_ble_ans.o
LOAD .\CortexM4\ARM_GCC_541\Debug\cy_ble_aios.o
LOAD .\CortexM4\ARM_GCC_541\Debug\cy_ble_bas.o
LOAD .\CortexM4\ARM_GCC_541\Debug\cy_ble_bcs.o
LOAD .\CortexM4\ARM_GCC_541\Debug\cy_ble_bls.o
LOAD .\CortexM4\ARM_GCC_541\Debug\cy_ble_bms.o
LOAD .\CortexM4\ARM_GCC_541\Debug\cy_ble_bts.o
LOAD .\CortexM4\ARM_GCC_541\Debug\cy_ble_cgms.o
LOAD .\CortexM4\ARM_GCC_541\Debug\cy_ble_cps.o
LOAD .\CortexM4\ARM_GCC_541\Debug\cy_ble_cscs.o
LOAD .\CortexM4\ARM_GCC_541\Debug\cy_ble_cts.o
LOAD .\CortexM4\ARM_GCC_541\Debug\cy_ble_custom.o
LOAD .\CortexM4\ARM_GCC_541\Debug\cy_ble_dis.o
LOAD .\CortexM4\ARM_GCC_541\Debug\cy_ble_ess.o
LOAD .\CortexM4\ARM_GCC_541\Debug\cy_ble_gls.o
LOAD .\CortexM4\ARM_GCC_541\Debug\cy_ble_hids.o
LOAD .\CortexM4\ARM_GCC_541\Debug\cy_ble_hps.o
LOAD .\CortexM4\ARM_GCC_541\Debug\cy_ble_hrs.o
LOAD .\CortexM4\ARM_GCC_541\Debug\cy_ble_hts.o
LOAD .\CortexM4\ARM_GCC_541\Debug\cy_ble_ias.o
LOAD .\CortexM4\ARM_GCC_541\Debug\cy_ble_ips.o
LOAD .\CortexM4\ARM_GCC_541\Debug\cy_ble_lls.o
LOAD .\CortexM4\ARM_GCC_541\Debug\cy_ble_lns.o
LOAD .\CortexM4\ARM_GCC_541\Debug\cy_ble_ndcs.o
LOAD .\CortexM4\ARM_GCC_541\Debug\cy_ble_plxs.o
LOAD .\CortexM4\ARM_GCC_541\Debug\cy_ble_pass.o
LOAD .\CortexM4\ARM_GCC_541\Debug\cy_ble_rscs.o
LOAD .\CortexM4\ARM_GCC_541\Debug\cy_ble_rtus.o
LOAD .\CortexM4\ARM_GCC_541\Debug\cy_ble_scps.o
LOAD .\CortexM4\ARM_GCC_541\Debug\cy_ble_tps.o
LOAD .\CortexM4\ARM_GCC_541\Debug\cy_ble_uds.o
LOAD .\CortexM4\ARM_GCC_541\Debug\cy_ble_wpts.o
LOAD .\CortexM4\ARM_GCC_541\Debug\cy_ble_wss.o
LOAD .\CortexM4\ARM_GCC_541\Debug\cy_ble_clk.o
LOAD .\CortexM4\ARM_GCC_541\Debug\I2C_MPU6050.o
END GROUP
START GROUP
LOAD c:/program files (x86)/cypress/psoc creator/4.4/psoc creator/import/gnu/arm/5.4.1/bin/../lib/gcc/arm-none-eabi/5.4.1/armv7e-m/softfp\libgcc.a
LOAD c:/program files (x86)/cypress/psoc creator/4.4/psoc creator/import/gnu/arm/5.4.1/bin/../lib/gcc/arm-none-eabi/5.4.1/../../../../arm-none-eabi/lib/armv7e-m/softfp\libg_nano.a
LOAD c:/program files (x86)/cypress/psoc creator/4.4/psoc creator/import/gnu/arm/5.4.1/bin/../lib/gcc/arm-none-eabi/5.4.1/../../../../arm-none-eabi/lib/armv7e-m/softfp\libc_nano.a
END GROUP
START GROUP
LOAD c:/program files (x86)/cypress/psoc creator/4.4/psoc creator/import/gnu/arm/5.4.1/bin/../lib/gcc/arm-none-eabi/5.4.1/armv7e-m/softfp\libgcc.a
LOAD c:/program files (x86)/cypress/psoc creator/4.4/psoc creator/import/gnu/arm/5.4.1/bin/../lib/gcc/arm-none-eabi/5.4.1/../../../../arm-none-eabi/lib/armv7e-m/softfp\libc_nano.a
END GROUP
LOAD c:/program files (x86)/cypress/psoc creator/4.4/psoc creator/import/gnu/arm/5.4.1/bin/../lib/gcc/arm-none-eabi/5.4.1/armv7e-m/softfp/crtend.o
LOAD c:/program files (x86)/cypress/psoc creator/4.4/psoc creator/import/gnu/arm/5.4.1/bin/../lib/gcc/arm-none-eabi/5.4.1/armv7e-m/softfp/crtn.o
START GROUP
LOAD c:/program files (x86)/cypress/psoc creator/4.4/psoc creator/import/gnu/arm/5.4.1/bin/../lib/gcc/arm-none-eabi/5.4.1/armv7e-m/softfp\libgcc.a
LOAD c:/program files (x86)/cypress/psoc creator/4.4/psoc creator/import/gnu/arm/5.4.1/bin/../lib/gcc/arm-none-eabi/5.4.1/../../../../arm-none-eabi/lib/armv7e-m/softfp\libc.a
LOAD c:/program files (x86)/cypress/psoc creator/4.4/psoc creator/import/gnu/arm/5.4.1/bin/../lib/gcc/arm-none-eabi/5.4.1/../../../../arm-none-eabi/lib/armv7e-m/softfp\libnosys.a
END GROUP
START GROUP
LOAD c:/program files (x86)/cypress/psoc creator/4.4/psoc creator/import/gnu/arm/5.4.1/bin/../lib/gcc/arm-none-eabi/5.4.1/armv7e-m/softfp\libgcc.a
LOAD c:/program files (x86)/cypress/psoc creator/4.4/psoc creator/import/gnu/arm/5.4.1/bin/../lib/gcc/arm-none-eabi/5.4.1/../../../../arm-none-eabi/lib/armv7e-m/softfp\libc.a
LOAD c:/program files (x86)/cypress/psoc creator/4.4/psoc creator/import/gnu/arm/5.4.1/bin/../lib/gcc/arm-none-eabi/5.4.1/../../../../arm-none-eabi/lib/armv7e-m/softfp\libm.a
LOAD c:/program files (x86)/cypress/psoc creator/4.4/psoc creator/import/gnu/arm/5.4.1/bin/../lib/gcc/arm-none-eabi/5.4.1/../../../../arm-none-eabi/lib/armv7e-m/softfp\libnosys.a
END GROUP

.text           0x10080000     0x7a50
                0x10080000                . = ALIGN (0x4)
                0x10080000                __Vectors = .
 *(.vectors)
 .vectors       0x10080000      0x28c .\CortexM4\ARM_GCC_541\Debug\startup_psoc6_01_cm4.o
                0x1008028c                . = ALIGN (0x4)
                0x1008028c                __Vectors_End = .
                0x0000028c                __Vectors_Size = (__Vectors_End - __Vectors)
                0x1008028c                __end__ = .
                0x1008028c                . = ALIGN (0x4)
 *(.text*)
 .text          0x1008028c       0x5c c:/program files (x86)/cypress/psoc creator/4.4/psoc creator/import/gnu/arm/5.4.1/bin/../lib/gcc/arm-none-eabi/5.4.1/armv7e-m/softfp/crtbegin.o
 .text          0x100802e8       0x84 .\CortexM4\ARM_GCC_541\Debug\startup_psoc6_01_cm4.o
                0x100802e8                Cy_OnResetUser
                0x100802ea                Reset_Handler
                0x1008034c                cpuss_interrupts_ipc_6_IRQHandler
                0x1008034c                DebugMon_Handler
                0x1008034c                tcpwm_1_interrupts_11_IRQHandler
                0x1008034c                cpuss_interrupts_ipc_0_IRQHandler
                0x1008034c                tcpwm_1_interrupts_15_IRQHandler
                0x1008034c                ioss_interrupts_gpio_13_IRQHandler
                0x1008034c                tcpwm_1_interrupts_13_IRQHandler
                0x1008034c                cpuss_interrupts_dw1_8_IRQHandler
                0x1008034c                tcpwm_0_interrupts_0_IRQHandler
                0x1008034c                SysTick_Handler
                0x1008034c                cpuss_interrupt_fm_IRQHandler
                0x1008034c                cpuss_interrupts_ipc_7_IRQHandler
                0x1008034c                tcpwm_1_interrupts_14_IRQHandler
                0x1008034c                cpuss_interrupts_dw0_5_IRQHandler
                0x1008034c                tcpwm_1_interrupts_9_IRQHandler
                0x1008034c                cpuss_interrupts_cm0_cti_1_IRQHandler
                0x1008034c                tcpwm_1_interrupts_22_IRQHandler
                0x1008034c                cpuss_interrupts_dw0_4_IRQHandler
                0x1008034c                PendSV_Handler
                0x1008034c                NMI_Handler
                0x1008034c                cpuss_interrupts_dw1_12_IRQHandler
                0x1008034c                tcpwm_1_interrupts_12_IRQHandler
                0x1008034c                smif_interrupt_IRQHandler
                0x1008034c                tcpwm_1_interrupts_2_IRQHandler
                0x1008034c                cpuss_interrupts_ipc_13_IRQHandler
                0x1008034c                udb_interrupts_11_IRQHandler
                0x1008034c                tcpwm_1_interrupts_18_IRQHandler
                0x1008034c                cpuss_interrupts_dw0_11_IRQHandler
                0x1008034c                tcpwm_0_interrupts_2_IRQHandler
                0x1008034c                cpuss_interrupts_dw0_13_IRQHandler
                0x1008034c                udb_interrupts_2_IRQHandler
                0x1008034c                cpuss_interrupts_dw1_7_IRQHandler
                0x1008034c                ioss_interrupts_gpio_1_IRQHandler
                0x1008034c                ioss_interrupts_gpio_7_IRQHandler
                0x1008034c                scb_5_interrupt_IRQHandler
                0x1008034c                udb_interrupts_6_IRQHandler
                0x1008034c                cpuss_interrupts_fault_1_IRQHandler
                0x1008034c                cpuss_interrupts_ipc_4_IRQHandler
                0x1008034c                cpuss_interrupts_ipc_5_IRQHandler
                0x1008034c                cpuss_interrupts_dw1_10_IRQHandler
                0x1008034c                udb_interrupts_0_IRQHandler
                0x1008034c                tcpwm_1_interrupts_6_IRQHandler
                0x1008034c                scb_4_interrupt_IRQHandler
                0x1008034c                pass_interrupt_dacs_IRQHandler
                0x1008034c                ioss_interrupts_gpio_2_IRQHandler
                0x1008034c                cpuss_interrupts_dw1_9_IRQHandler
                0x1008034c                cpuss_interrupts_dw1_13_IRQHandler
                0x1008034c                scb_2_interrupt_IRQHandler
                0x1008034c                cpuss_interrupts_cm0_cti_0_IRQHandler
                0x1008034c                udb_interrupts_5_IRQHandler
                0x1008034c                srss_interrupt_IRQHandler
                0x1008034c                udb_interrupts_12_IRQHandler
                0x1008034c                scb_0_interrupt_IRQHandler
                0x1008034c                csd_interrupt_IRQHandler
                0x1008034c                udb_interrupts_1_IRQHandler
                0x1008034c                profile_interrupt_IRQHandler
                0x1008034c                tcpwm_1_interrupts_1_IRQHandler
                0x1008034c                cpuss_interrupts_ipc_12_IRQHandler
                0x1008034c                tcpwm_1_interrupts_3_IRQHandler
                0x1008034c                tcpwm_0_interrupts_7_IRQHandler
                0x1008034c                cpuss_interrupts_dw1_1_IRQHandler
                0x1008034c                cpuss_interrupts_dw1_0_IRQHandler
                0x1008034c                cpuss_interrupts_dw0_9_IRQHandler
                0x1008034c                lpcomp_interrupt_IRQHandler
                0x1008034c                tcpwm_1_interrupts_23_IRQHandler
                0x1008034c                udb_interrupts_4_IRQHandler
                0x1008034c                tcpwm_1_interrupts_20_IRQHandler
                0x1008034c                ioss_interrupt_gpio_IRQHandler
                0x1008034c                tcpwm_0_interrupts_1_IRQHandler
                0x1008034c                ioss_interrupts_gpio_8_IRQHandler
                0x1008034c                tcpwm_0_interrupts_6_IRQHandler
                0x1008034c                scb_7_interrupt_IRQHandler
                0x1008034c                tcpwm_1_interrupts_7_IRQHandler
                0x1008034c                cpuss_interrupts_ipc_11_IRQHandler
                0x1008034c                udb_interrupts_13_IRQHandler
                0x1008034c                cpuss_interrupts_dw0_15_IRQHandler
                0x1008034c                udb_interrupts_7_IRQHandler
                0x1008034c                cpuss_interrupts_dw1_6_IRQHandler
                0x1008034c                cpuss_interrupt_crypto_IRQHandler
                0x1008034c                scb_1_interrupt_IRQHandler
                0x1008034c                Default_Handler
                0x1008034c                usb_interrupt_hi_IRQHandler
                0x1008034c                tcpwm_1_interrupts_0_IRQHandler
                0x1008034c                udb_interrupts_9_IRQHandler
                0x1008034c                audioss_interrupt_pdm_IRQHandler
                0x1008034c                srss_interrupt_mcwdt_0_IRQHandler
                0x1008034c                scb_3_interrupt_IRQHandler
                0x1008034c                pass_interrupt_ctbs_IRQHandler
                0x1008034c                udb_interrupts_8_IRQHandler
                0x1008034c                ioss_interrupts_gpio_3_IRQHandler
                0x1008034c                scb_6_interrupt_IRQHandler
                0x1008034c                cpuss_interrupts_cm4_cti_0_IRQHandler
                0x1008034c                cpuss_interrupts_dw1_3_IRQHandler
                0x1008034c                pass_interrupt_sar_IRQHandler
                0x1008034c                ioss_interrupts_gpio_0_IRQHandler
                0x1008034c                ioss_interrupts_gpio_14_IRQHandler
                0x1008034c                tcpwm_0_interrupts_4_IRQHandler
                0x1008034c                udb_interrupts_3_IRQHandler
                0x1008034c                tcpwm_0_interrupts_5_IRQHandler
                0x1008034c                cpuss_interrupts_ipc_15_IRQHandler
                0x1008034c                cpuss_interrupts_cm4_cti_1_IRQHandler
                0x1008034c                scb_8_interrupt_IRQHandler
                0x1008034c                srss_interrupt_mcwdt_1_IRQHandler
                0x1008034c                cpuss_interrupts_dw1_2_IRQHandler
                0x1008034c                SVC_Handler
                0x1008034c                cpuss_interrupts_dw1_5_IRQHandler
                0x1008034c                cpuss_interrupts_ipc_1_IRQHandler
                0x1008034c                cpuss_interrupts_dw0_0_IRQHandler
                0x1008034c                ioss_interrupts_gpio_12_IRQHandler
                0x1008034c                cpuss_interrupts_ipc_3_IRQHandler
                0x1008034c                tcpwm_1_interrupts_17_IRQHandler
                0x1008034c                srss_interrupt_backup_IRQHandler
                0x1008034c                bless_interrupt_IRQHandler
                0x1008034c                cpuss_interrupts_ipc_10_IRQHandler
                0x1008034c                cpuss_interrupts_ipc_9_IRQHandler
                0x1008034c                cpuss_interrupts_dw0_14_IRQHandler
                0x1008034c                tcpwm_1_interrupts_4_IRQHandler
                0x1008034c                tcpwm_0_interrupts_3_IRQHandler
                0x1008034c                cpuss_interrupts_dw1_15_IRQHandler
                0x1008034c                ioss_interrupts_gpio_10_IRQHandler
                0x1008034c                udb_interrupts_10_IRQHandler
                0x1008034c                cpuss_interrupts_dw0_8_IRQHandler
                0x1008034c                ioss_interrupts_gpio_11_IRQHandler
                0x1008034c                cpuss_interrupts_ipc_14_IRQHandler
                0x1008034c                ioss_interrupts_gpio_5_IRQHandler
                0x1008034c                ioss_interrupts_gpio_4_IRQHandler
                0x1008034c                tcpwm_1_interrupts_8_IRQHandler
                0x1008034c                cpuss_interrupts_dw1_14_IRQHandler
                0x1008034c                usb_interrupt_med_IRQHandler
                0x1008034c                cpuss_interrupts_dw0_2_IRQHandler
                0x1008034c                tcpwm_1_interrupts_10_IRQHandler
                0x1008034c                cpuss_interrupts_fault_0_IRQHandler
                0x1008034c                cpuss_interrupts_dw0_12_IRQHandler
                0x1008034c                ioss_interrupts_gpio_6_IRQHandler
                0x1008034c                tcpwm_1_interrupts_21_IRQHandler
                0x1008034c                tcpwm_1_interrupts_16_IRQHandler
                0x1008034c                cpuss_interrupts_dw1_4_IRQHandler
                0x1008034c                udb_interrupts_15_IRQHandler
                0x1008034c                cpuss_interrupts_dw1_11_IRQHandler
                0x1008034c                cpuss_interrupts_dw0_6_IRQHandler
                0x1008034c                ioss_interrupt_vdd_IRQHandler
                0x1008034c                cpuss_interrupts_dw0_7_IRQHandler
                0x1008034c                audioss_interrupt_i2s_IRQHandler
                0x1008034c                tcpwm_1_interrupts_5_IRQHandler
                0x1008034c                cpuss_interrupts_ipc_2_IRQHandler
                0x1008034c                cpuss_interrupts_dw0_10_IRQHandler
                0x1008034c                tcpwm_1_interrupts_19_IRQHandler
                0x1008034c                cpuss_interrupts_dw0_1_IRQHandler
                0x1008034c                ioss_interrupts_gpio_9_IRQHandler
                0x1008034c                usb_interrupt_lo_IRQHandler
                0x1008034c                cpuss_interrupts_ipc_8_IRQHandler
                0x1008034c                udb_interrupts_14_IRQHandler
                0x1008034c                cpuss_interrupts_dw0_3_IRQHandler
                0x10080350                UsageFault_Handler
                0x10080350                HardFault_Handler
                0x10080350                MemManage_Handler
                0x10080350                BusFault_Handler
 .text.main     0x1008036c       0x20 .\CortexM4\ARM_GCC_541\Debug\main_cm4.o
                0x1008036c                main
 .text.Cy_SysIpcPipeIsrCm4
                0x1008038c        0xc .\CortexM4\ARM_GCC_541\Debug\system_psoc6_cm4.o
                0x1008038c                Cy_SysIpcPipeIsrCm4
 .text.Cy_SystemInit
                0x10080398        0x4 .\CortexM4\ARM_GCC_541\Debug\system_psoc6_cm4.o
                0x10080398                Cy_SystemInit
 .text.SystemCoreClockUpdate
                0x1008039c      0x190 .\CortexM4\ARM_GCC_541\Debug\system_psoc6_cm4.o
                0x1008039c                SystemCoreClockUpdate
 .text.SystemInit
                0x1008052c       0x48 .\CortexM4\ARM_GCC_541\Debug\system_psoc6_cm4.o
                0x1008052c                SystemInit
 .text.Cy_SystemInitFpuEnable
                0x10080574       0x28 .\CortexM4\ARM_GCC_541\Debug\system_psoc6_cm4.o
                0x10080574                Cy_SystemInitFpuEnable
 .text.HostMain
                0x1008059c       0x80 .\CortexM4\ARM_GCC_541\Debug\HostMain.o
                0x1008059c                HostMain
 .text.BLE_EventHandler
                0x1008061c       0xe0 .\CortexM4\ARM_GCC_541\Debug\BLE-communication.o
                0x1008061c                BLE_EventHandler
 .text.BLE_checkTimer
                0x100806fc       0x24 .\CortexM4\ARM_GCC_541\Debug\BLE-communication.o
                0x100806fc                BLE_checkTimer
 .text.BLE_sendBattery
                0x10080720       0x1c .\CortexM4\ARM_GCC_541\Debug\BLE-communication.o
                0x10080720                BLE_sendBattery
 .text.BLE_SetCharacteristicValue
                0x1008073c       0x44 .\CortexM4\ARM_GCC_541\Debug\BLE-communication.o
                0x1008073c                BLE_SetCharacteristicValue
 .text.BLE_sendPower
                0x10080780       0x18 .\CortexM4\ARM_GCC_541\Debug\BLE-communication.o
                0x10080780                BLE_sendPower
 .text.MPU6050_init
                0x10080798        0xc .\CortexM4\ARM_GCC_541\Debug\kadenceControl.o
                0x10080798                MPU6050_init
 .text.MPU6050_getFullScaleGyroRange
                0x100807a4       0x24 .\CortexM4\ARM_GCC_541\Debug\kadenceControl.o
                0x100807a4                MPU6050_getFullScaleGyroRange
 .text.MPU6050_setFullScaleGyroRange
                0x100807c8       0x20 .\CortexM4\ARM_GCC_541\Debug\kadenceControl.o
                0x100807c8                MPU6050_setFullScaleGyroRange
 .text.MPU6050_getRotationX
                0x100807e8       0x28 .\CortexM4\ARM_GCC_541\Debug\kadenceControl.o
                0x100807e8                MPU6050_getRotationX
 .text.CS_getKadence
                0x10080810      0x18c .\CortexM4\ARM_GCC_541\Debug\kadenceControl.o
                0x10080810                CS_getKadence
 .text.MPU6050_setSleepEnabled
                0x1008099c       0x18 .\CortexM4\ARM_GCC_541\Debug\kadenceControl.o
                0x1008099c                MPU6050_setSleepEnabled
 .text.MPU6050_setClockSource
                0x100809b4       0x20 .\CortexM4\ARM_GCC_541\Debug\kadenceControl.o
                0x100809b4                MPU6050_setClockSource
 .text.MPU6050_initialize
                0x100809d4       0x18 .\CortexM4\ARM_GCC_541\Debug\kadenceControl.o
                0x100809d4                MPU6050_initialize
 .text.CS_initKadenceSensor
                0x100809ec       0x18 .\CortexM4\ARM_GCC_541\Debug\kadenceControl.o
                0x100809ec                CS_initKadenceSensor
 .text.delline  0x10080a04       0x20 .\CortexM4\ARM_GCC_541\Debug\VT100Terminal.o
                0x10080a04                delline
 .text.movecursor
                0x10080a24       0x60 .\CortexM4\ARM_GCC_541\Debug\VT100Terminal.o
                0x10080a24                movecursor
 .text.UARTprint
                0x10080a84       0x40 .\CortexM4\ARM_GCC_541\Debug\VT100Terminal.o
                0x10080a84                UARTprint
 .text.I2CReadBytes
                0x10080ac4       0x84 .\CortexM4\ARM_GCC_541\Debug\i2cFunctions.o
                0x10080ac4                I2CReadBytes
 .text.I2CWriteBytes
                0x10080b48       0x60 .\CortexM4\ARM_GCC_541\Debug\i2cFunctions.o
                0x10080b48                I2CWriteBytes
 .text.I2CReadByte
                0x10080ba8        0xc .\CortexM4\ARM_GCC_541\Debug\i2cFunctions.o
                0x10080ba8                I2CReadByte
 .text.I2CReadBits
                0x10080bb4       0x24 .\CortexM4\ARM_GCC_541\Debug\i2cFunctions.o
                0x10080bb4                I2CReadBits
 .text.I2CWriteByte
                0x10080bd8       0x18 .\CortexM4\ARM_GCC_541\Debug\i2cFunctions.o
                0x10080bd8                I2CWriteByte
 .text.I2CWriteBits
                0x10080bf0       0x4c .\CortexM4\ARM_GCC_541\Debug\i2cFunctions.o
                0x10080bf0                I2CWriteBits
 .text.I2CWriteBit
                0x10080c3c       0x40 .\CortexM4\ARM_GCC_541\Debug\i2cFunctions.o
                0x10080c3c                I2CWriteBit
 .text.Cy_BLE_Start
                0x10080c7c       0x38 .\CortexM4\ARM_GCC_541\Debug\BLE.o
                0x10080c7c                Cy_BLE_Start
 .text.Cy_BLE_Stop
                0x10080cb4        0x8 .\CortexM4\ARM_GCC_541\Debug\BLE.o
                0x10080cb4                Cy_BLE_Stop
 .text.UART_DEB_Start
                0x10080cbc       0x34 .\CortexM4\ARM_GCC_541\Debug\UART_DEB.o
                0x10080cbc                UART_DEB_Start
 .text.Cy_SysInt_SetVector
                0x10080cf0       0x48 .\CortexM4\ARM_GCC_541\Debug\cy_sysint.o
                0x10080cf0                Cy_SysInt_SetVector
 .text.Cy_SysInt_Init
                0x10080d38       0x74 .\CortexM4\ARM_GCC_541\Debug\cy_sysint.o
                0x10080d38                Cy_SysInt_Init
 .text.Cy_IPC_Drv_LockRelease
                0x10080dac       0x3c .\CortexM4\ARM_GCC_541\Debug\cy_ipc_drv.o
                0x10080dac                Cy_IPC_Drv_LockRelease
 .text.Cy_IPC_Drv_SendMsgWord
                0x10080de8       0x3c .\CortexM4\ARM_GCC_541\Debug\cy_ipc_drv.o
                0x10080de8                Cy_IPC_Drv_SendMsgWord
 .text.Cy_IPC_Drv_ReadMsgWord
                0x10080e24       0x38 .\CortexM4\ARM_GCC_541\Debug\cy_ipc_drv.o
                0x10080e24                Cy_IPC_Drv_ReadMsgWord
 .text.Cy_IPC_Sema_InitExt
                0x10080e5c       0xac .\CortexM4\ARM_GCC_541\Debug\cy_ipc_sema.o
                0x10080e5c                Cy_IPC_Sema_InitExt
 .text.Cy_IPC_Sema_Init
                0x10080f08       0x64 .\CortexM4\ARM_GCC_541\Debug\cy_ipc_sema.o
                0x10080f08                Cy_IPC_Sema_Init
 .text.Cy_IPC_Sema_Clear
                0x10080f6c       0x88 .\CortexM4\ARM_GCC_541\Debug\cy_ipc_sema.o
                0x10080f6c                Cy_IPC_Sema_Clear
 .text.Cy_IPC_Sema_Status
                0x10080ff4       0x40 .\CortexM4\ARM_GCC_541\Debug\cy_ipc_sema.o
                0x10080ff4                Cy_IPC_Sema_Status
 .text.Cy_IPC_Pipe_Config
                0x10081034       0x10 .\CortexM4\ARM_GCC_541\Debug\cy_ipc_pipe.o
                0x10081034                Cy_IPC_Pipe_Config
 .text.Cy_IPC_Pipe_EndpointInit
                0x10081044       0xd0 .\CortexM4\ARM_GCC_541\Debug\cy_ipc_pipe.o
                0x10081044                Cy_IPC_Pipe_EndpointInit
 .text.Cy_IPC_Pipe_Init
                0x10081114       0xb4 .\CortexM4\ARM_GCC_541\Debug\cy_ipc_pipe.o
                0x10081114                Cy_IPC_Pipe_Init
 .text.Cy_IPC_Pipe_SendMessage
                0x100811c8       0xa4 .\CortexM4\ARM_GCC_541\Debug\cy_ipc_pipe.o
                0x100811c8                Cy_IPC_Pipe_SendMessage
 .text.Cy_IPC_Pipe_RegisterCallback
                0x1008126c       0x50 .\CortexM4\ARM_GCC_541\Debug\cy_ipc_pipe.o
                0x1008126c                Cy_IPC_Pipe_RegisterCallback
 .text.Cy_IPC_Pipe_RegisterCallbackRel
                0x100812bc       0x2c .\CortexM4\ARM_GCC_541\Debug\cy_ipc_pipe.o
                0x100812bc                Cy_IPC_Pipe_RegisterCallbackRel
 .text.Cy_IPC_Pipe_ExecCallback
                0x100812e8       0xbc .\CortexM4\ARM_GCC_541\Debug\cy_ipc_pipe.o
                0x100812e8                Cy_IPC_Pipe_ExecCallback
 .text.Cy_IPC_Pipe_ExecuteCallback
                0x100813a4       0x2c .\CortexM4\ARM_GCC_541\Debug\cy_ipc_pipe.o
                0x100813a4                Cy_IPC_Pipe_ExecuteCallback
 .text.Cy_IPC_Pipe_EndpointPause
                0x100813d0       0x54 .\CortexM4\ARM_GCC_541\Debug\cy_ipc_pipe.o
                0x100813d0                Cy_IPC_Pipe_EndpointPause
 .text.Cy_IPC_Pipe_EndpointResume
                0x10081424       0x48 .\CortexM4\ARM_GCC_541\Debug\cy_ipc_pipe.o
                0x10081424                Cy_IPC_Pipe_EndpointResume
 .text.Cy_SCB_ReadArrayNoCheck
                0x1008146c       0x38 .\CortexM4\ARM_GCC_541\Debug\cy_scb_common.o
                0x1008146c                Cy_SCB_ReadArrayNoCheck
 .text.Cy_SCB_ReadArray
                0x100814a4       0x1c .\CortexM4\ARM_GCC_541\Debug\cy_scb_common.o
                0x100814a4                Cy_SCB_ReadArray
 .text.Cy_SCB_WriteArrayNoCheck
                0x100814c0       0x38 .\CortexM4\ARM_GCC_541\Debug\cy_scb_common.o
                0x100814c0                Cy_SCB_WriteArrayNoCheck
 .text.Cy_SCB_WriteArray
                0x100814f8       0x2c .\CortexM4\ARM_GCC_541\Debug\cy_scb_common.o
                0x100814f8                Cy_SCB_WriteArray
 .text.Cy_SCB_WriteString
                0x10081524       0x30 .\CortexM4\ARM_GCC_541\Debug\cy_scb_common.o
                0x10081524                Cy_SCB_WriteString
 .text.Cy_SCB_WriteDefaultArrayNoCheck
                0x10081554       0x10 .\CortexM4\ARM_GCC_541\Debug\cy_scb_common.o
                0x10081554                Cy_SCB_WriteDefaultArrayNoCheck
 .text.Cy_SCB_WriteDefaultArray
                0x10081564       0x2c .\CortexM4\ARM_GCC_541\Debug\cy_scb_common.o
                0x10081564                Cy_SCB_WriteDefaultArray
 .text.SlaveHandleStop
                0x10081590       0xec .\CortexM4\ARM_GCC_541\Debug\cy_scb_i2c.o
 .text.MasterHandleEvents
                0x1008167c       0x74 .\CortexM4\ARM_GCC_541\Debug\cy_scb_i2c.o
 .text.MasterHandleStop
                0x100816f0       0x2c .\CortexM4\ARM_GCC_541\Debug\cy_scb_i2c.o
 .text.MasterHandleComplete
                0x1008171c       0xf4 .\CortexM4\ARM_GCC_541\Debug\cy_scb_i2c.o
 .text.HandleStatus
                0x10081810       0xf0 .\CortexM4\ARM_GCC_541\Debug\cy_scb_i2c.o
 .text.WaitOneUnit
                0x10081900       0x24 .\CortexM4\ARM_GCC_541\Debug\cy_scb_i2c.o
 .text.SlaveHandleDataTransmit
                0x10081924       0xe8 .\CortexM4\ARM_GCC_541\Debug\cy_scb_i2c.o
 .text.MasterHandleDataTransmit
                0x10081a0c       0xb8 .\CortexM4\ARM_GCC_541\Debug\cy_scb_i2c.o
 .text.SlaveHandleAddress
                0x10081ac4      0x158 .\CortexM4\ARM_GCC_541\Debug\cy_scb_i2c.o
 .text.MasterHandleDataReceive
                0x10081c1c       0xf0 .\CortexM4\ARM_GCC_541\Debug\cy_scb_i2c.o
 .text.SlaveHandleDataReceive
                0x10081d0c       0xbc .\CortexM4\ARM_GCC_541\Debug\cy_scb_i2c.o
 .text.Cy_SCB_I2C_Init
                0x10081dc8      0x18c .\CortexM4\ARM_GCC_541\Debug\cy_scb_i2c.o
                0x10081dc8                Cy_SCB_I2C_Init
 .text.Cy_SCB_I2C_GetDataRate
                0x10081f54       0x90 .\CortexM4\ARM_GCC_541\Debug\cy_scb_i2c.o
                0x10081f54                Cy_SCB_I2C_GetDataRate
 .text.Cy_SCB_I2C_SetDataRate
                0x10081fe4      0x1d0 .\CortexM4\ARM_GCC_541\Debug\cy_scb_i2c.o
                0x10081fe4                Cy_SCB_I2C_SetDataRate
 .text.Cy_SCB_I2C_MasterSendStart
                0x100821b4       0xf0 .\CortexM4\ARM_GCC_541\Debug\cy_scb_i2c.o
                0x100821b4                Cy_SCB_I2C_MasterSendStart
 .text.Cy_SCB_I2C_MasterSendReStart
                0x100822a4       0xd4 .\CortexM4\ARM_GCC_541\Debug\cy_scb_i2c.o
                0x100822a4                Cy_SCB_I2C_MasterSendReStart
 .text.Cy_SCB_I2C_MasterSendStop
                0x10082378       0x64 .\CortexM4\ARM_GCC_541\Debug\cy_scb_i2c.o
                0x10082378                Cy_SCB_I2C_MasterSendStop
 .text.Cy_SCB_I2C_MasterReadByte
                0x100823dc       0xb4 .\CortexM4\ARM_GCC_541\Debug\cy_scb_i2c.o
                0x100823dc                Cy_SCB_I2C_MasterReadByte
 .text.Cy_SCB_I2C_MasterWriteByte
                0x10082490       0x68 .\CortexM4\ARM_GCC_541\Debug\cy_scb_i2c.o
                0x10082490                Cy_SCB_I2C_MasterWriteByte
 .text.Cy_SCB_I2C_SlaveInterrupt
                0x100824f8       0xe4 .\CortexM4\ARM_GCC_541\Debug\cy_scb_i2c.o
                0x100824f8                Cy_SCB_I2C_SlaveInterrupt
 .text.Cy_SCB_I2C_MasterInterrupt
                0x100825dc       0x8c .\CortexM4\ARM_GCC_541\Debug\cy_scb_i2c.o
                0x100825dc                Cy_SCB_I2C_MasterInterrupt
 .text.Cy_SCB_I2C_Interrupt
                0x10082668       0x18 .\CortexM4\ARM_GCC_541\Debug\cy_scb_i2c.o
                0x10082668                Cy_SCB_I2C_Interrupt
 .text.Cy_SCB_UART_Init
                0x10082680      0x364 .\CortexM4\ARM_GCC_541\Debug\cy_scb_uart.o
                0x10082680                Cy_SCB_UART_Init
 .text.Cy_Flash_ProcessOpcode
                0x100829e4       0xac .\CortexM4\ARM_GCC_541\Debug\cy_flash.o
 .text.Cy_Flash_OperationStatus
                0x10082a90       0x5c .\CortexM4\ARM_GCC_541\Debug\cy_flash.o
 .text.Cy_Flash_InitExt
                0x10082aec       0x80 .\CortexM4\ARM_GCC_541\Debug\cy_flash.o
                0x10082aec                Cy_Flash_InitExt
 .text.Cy_Flash_Init
                0x10082b6c       0x10 .\CortexM4\ARM_GCC_541\Debug\cy_flash.o
                0x10082b6c                Cy_Flash_Init
 .text.Cy_SysPm_RegisterCallback
                0x10082b7c       0x5c .\CortexM4\ARM_GCC_541\Debug\cy_syspm.o
                0x10082b7c                Cy_SysPm_RegisterCallback
 .text.Cy_SysPm_UnregisterCallback
                0x10082bd8       0x68 .\CortexM4\ARM_GCC_541\Debug\cy_syspm.o
                0x10082bd8                Cy_SysPm_UnregisterCallback
 .text.Cy_SysPm_ExecuteCallback
                0x10082c40       0xc8 .\CortexM4\ARM_GCC_541\Debug\cy_syspm.o
                0x10082c40                Cy_SysPm_ExecuteCallback
 .text.Cy_SysPm_SystemEnterHibernate
                0x10082d08       0x74 .\CortexM4\ARM_GCC_541\Debug\cy_syspm.o
                0x10082d08                Cy_SysPm_SystemEnterHibernate
 .text.Cy_SysPm_IoUnfreeze
                0x10082d7c       0x2c .\CortexM4\ARM_GCC_541\Debug\cy_syspm.o
                0x10082d7c                Cy_SysPm_IoUnfreeze
 .text.Cy_SysLib_Delay
                0x10082da8       0x30 .\CortexM4\ARM_GCC_541\Debug\cy_syslib.o
                0x10082da8                Cy_SysLib_Delay
 .text.Cy_SysLib_DelayUs
                0x10082dd8       0x14 .\CortexM4\ARM_GCC_541\Debug\cy_syslib.o
                0x10082dd8                Cy_SysLib_DelayUs
 .text.Cy_SysLib_Halt
                0x10082dec        0x4 .\CortexM4\ARM_GCC_541\Debug\cy_syslib.o
                0x10082dec                Cy_SysLib_Halt
 .text.Cy_SysLib_AssertFailed
                0x10082df0       0x1c .\CortexM4\ARM_GCC_541\Debug\cy_syslib.o
                0x10082df0                Cy_SysLib_AssertFailed
 .text.Cy_SysLib_ProcessingFault
                0x10082e0c        0x4 .\CortexM4\ARM_GCC_541\Debug\cy_syslib.o
                0x10082e0c                Cy_SysLib_ProcessingFault
 .text.Cy_SysLib_FaultHandler
                0x10082e10       0xa4 .\CortexM4\ARM_GCC_541\Debug\cy_syslib.o
                0x10082e10                Cy_SysLib_FaultHandler
 *fill*         0x10082eb4        0x4 
 .text          0x10082eb8       0x20 .\CortexM4\ARM_GCC_541\Debug\cy_syslib_gcc.o
                0x10082eb8                Cy_SysLib_DelayCycles
                0x10082eca                Cy_SysLib_EnterCriticalSection
                0x10082ed2                Cy_SysLib_ExitCriticalSection
 .text.Cy_PDL_Init
                0x10082ed8        0xc .\CortexM4\ARM_GCC_541\Debug\cy_device.o
                0x10082ed8                Cy_PDL_Init
 .text.Cy_BLE_DeepSleepCallback
                0x10082ee4       0x88 .\CortexM4\ARM_GCC_541\Debug\cy_ble.o
                0x10082ee4                Cy_BLE_DeepSleepCallback
 .text.Cy_BLE_SleepCallback
                0x10082f6c       0x64 .\CortexM4\ARM_GCC_541\Debug\cy_ble.o
                0x10082f6c                Cy_BLE_SleepCallback
 .text.Cy_BLE_UnregisterHostPMCallbacks
                0x10082fd0       0x18 .\CortexM4\ARM_GCC_541\Debug\cy_ble.o
                0x10082fd0                Cy_BLE_UnregisterHostPMCallbacks
 .text.Cy_BLE_Init
                0x10082fe8       0x54 .\CortexM4\ARM_GCC_541\Debug\cy_ble.o
                0x10082fe8                Cy_BLE_Init
 .text.Cy_BLE_Enable
                0x1008303c      0x12c .\CortexM4\ARM_GCC_541\Debug\cy_ble.o
                0x1008303c                Cy_BLE_Enable
 .text.Cy_BLE_Disable
                0x10083168        0x8 .\CortexM4\ARM_GCC_541\Debug\cy_ble.o
                0x10083168                Cy_BLE_Disable
 .text.Cy_BLE_IPC_HostMsgFlushRecvCallBack
                0x10083170       0x1c .\CortexM4\ARM_GCC_541\Debug\cy_ble_hal_pvt.o
 .text.Cy_BLE_IPC_HostMsgRecvCallBack
                0x1008318c       0x1c .\CortexM4\ARM_GCC_541\Debug\cy_ble_hal_pvt.o
 .text.Cy_BLE_HAL_BlockCalcCRC8
                0x100831a8       0x34 .\CortexM4\ARM_GCC_541\Debug\cy_ble_hal_pvt.o
                0x100831a8                Cy_BLE_HAL_BlockCalcCRC8
 .text.Cy_BLE_HAL_CalcCRC8
                0x100831dc        0xc .\CortexM4\ARM_GCC_541\Debug\cy_ble_hal_pvt.o
                0x100831dc                Cy_BLE_HAL_CalcCRC8
 .text.Cy_BLE_HAL_EnterCriticalSection
                0x100831e8        0x8 .\CortexM4\ARM_GCC_541\Debug\cy_ble_hal_pvt.o
                0x100831e8                Cy_BLE_HAL_EnterCriticalSection
 .text.Cy_BLE_HAL_ExitCriticalSection
                0x100831f0        0x8 .\CortexM4\ARM_GCC_541\Debug\cy_ble_hal_pvt.o
                0x100831f0                Cy_BLE_HAL_ExitCriticalSection
 .text.Cy_BLE_HAL_EnableHostIpcPipeInterrupt
                0x100831f8        0xc .\CortexM4\ARM_GCC_541\Debug\cy_ble_hal_pvt.o
                0x100831f8                Cy_BLE_HAL_EnableHostIpcPipeInterrupt
 .text.Cy_BLE_HAL_DisableHostIpcPipeInterrupt
                0x10083204        0xc .\CortexM4\ARM_GCC_541\Debug\cy_ble_hal_pvt.o
                0x10083204                Cy_BLE_HAL_DisableHostIpcPipeInterrupt
 .text.Cy_BLE_IPC_HostRegisterClientCallbacks
                0x10083210       0x34 .\CortexM4\ARM_GCC_541\Debug\cy_ble_hal_pvt.o
                0x10083210                Cy_BLE_IPC_HostRegisterClientCallbacks
 .text.Cy_BLE_IPC_SendMessageToController
                0x10083244       0x20 .\CortexM4\ARM_GCC_541\Debug\cy_ble_hal_pvt.o
                0x10083244                Cy_BLE_IPC_SendMessageToController
 .text.Cy_BLE_HAL_EccHeapInit
                0x10083264        0x4 .\CortexM4\ARM_GCC_541\Debug\cy_ble_hal_pvt.o
                0x10083264                Cy_BLE_HAL_EccHeapInit
 .text.Cy_BLE_HAL_EccHeapDeInit
                0x10083268        0x4 .\CortexM4\ARM_GCC_541\Debug\cy_ble_hal_pvt.o
                0x10083268                Cy_BLE_HAL_EccHeapDeInit
 .text.Cy_BLE_HAL_EccGetFeatureHeapReq
                0x1008326c        0x4 .\CortexM4\ARM_GCC_541\Debug\cy_ble_hal_pvt.o
                0x1008326c                Cy_BLE_HAL_EccGetFeatureHeapReq
 .text.Cy_BLE_HAL_PairingLocalPublicKeyHandler
                0x10083270        0x8 .\CortexM4\ARM_GCC_541\Debug\cy_ble_hal_pvt.o
                0x10083270                Cy_BLE_HAL_PairingLocalPublicKeyHandler
 .text.Cy_BLE_HAL_PairingRemoteKeyHandler
                0x10083278        0x8 .\CortexM4\ARM_GCC_541\Debug\cy_ble_hal_pvt.o
                0x10083278                Cy_BLE_HAL_PairingRemoteKeyHandler
 .text.Cy_BLE_HAL_PairingDhkeyHandler
                0x10083280        0x8 .\CortexM4\ARM_GCC_541\Debug\cy_ble_hal_pvt.o
                0x10083280                Cy_BLE_HAL_PairingDhkeyHandler
 .text.Cy_BLE_HAL_PairingDhkeyCheckHandler
                0x10083288        0x8 .\CortexM4\ARM_GCC_541\Debug\cy_ble_hal_pvt.o
                0x10083288                Cy_BLE_HAL_PairingDhkeyCheckHandler
 .text.Cy_BLE_HAL_PairingKeypressNotificationHandler
                0x10083290        0x8 .\CortexM4\ARM_GCC_541\Debug\cy_ble_hal_pvt.o
                0x10083290                Cy_BLE_HAL_PairingKeypressNotificationHandler
 .text.Cy_BLE_HAL_PairingRandHandler
                0x10083298        0x8 .\CortexM4\ARM_GCC_541\Debug\cy_ble_hal_pvt.o
                0x10083298                Cy_BLE_HAL_PairingRandHandler
 .text.Cy_BLE_HAL_PairingConfirmHandler
                0x100832a0        0x8 .\CortexM4\ARM_GCC_541\Debug\cy_ble_hal_pvt.o
                0x100832a0                Cy_BLE_HAL_PairingConfirmHandler
 .text.Cy_BLE_HAL_PairingLrConfirmingHandler
                0x100832a8        0x8 .\CortexM4\ARM_GCC_541\Debug\cy_ble_hal_pvt.o
                0x100832a8                Cy_BLE_HAL_PairingLrConfirmingHandler
 .text.Cy_BLE_HAL_PairingScTbxLocalPubkeyGenerateComplete
                0x100832b0        0x8 .\CortexM4\ARM_GCC_541\Debug\cy_ble_hal_pvt.o
                0x100832b0                Cy_BLE_HAL_PairingScTbxLocalPubkeyGenerateComplete
 .text.Cy_BLE_HAL_PairingScTbxGenerateLocalP256PublicKey
                0x100832b8        0x8 .\CortexM4\ARM_GCC_541\Debug\cy_ble_hal_pvt.o
                0x100832b8                Cy_BLE_HAL_PairingScTbxGenerateLocalP256PublicKey
 .text.Cy_BLE_HAL_SeSmpScUserPasskeyHandler
                0x100832c0        0x8 .\CortexM4\ARM_GCC_541\Debug\cy_ble_hal_pvt.o
                0x100832c0                Cy_BLE_HAL_SeSmpScUserPasskeyHandler
 .text.Cy_BLE_HAL_EccPointMult
                0x100832c8        0x4 .\CortexM4\ARM_GCC_541\Debug\cy_ble_hal_pvt.o
                0x100832c8                Cy_BLE_HAL_EccPointMult
 .text.Cy_BLE_ServiceInit
                0x100832cc       0x18 .\CortexM4\ARM_GCC_541\Debug\cy_ble_gap.o
                0x100832cc                Cy_BLE_ServiceInit
 .text.Cy_BLE_GAPP_StartAdvertisement
                0x100832e4      0x120 .\CortexM4\ARM_GCC_541\Debug\cy_ble_gap.o
                0x100832e4                Cy_BLE_GAPP_StartAdvertisement
 .text.Cy_BLE_ChangeAdDeviceAddress
                0x10083404       0x5c .\CortexM4\ARM_GCC_541\Debug\cy_ble_gap.o
                0x10083404                Cy_BLE_ChangeAdDeviceAddress
 .text.Cy_BLE_GATTS_WriteAttributeValueCCCD
                0x10083460       0x6c .\CortexM4\ARM_GCC_541\Debug\cy_ble_gatt.o
                0x10083460                Cy_BLE_GATTS_WriteAttributeValueCCCD
 .text.Cy_BLE_GATTS_WriteEventHandler
                0x100834cc       0x84 .\CortexM4\ARM_GCC_541\Debug\cy_ble_gatt.o
                0x100834cc                Cy_BLE_GATTS_WriteEventHandler
 .text.Cy_BLE_GATTS_ReadAttributeValueCCCDReqHandler
                0x10083550       0x58 .\CortexM4\ARM_GCC_541\Debug\cy_ble_gatt.o
                0x10083550                Cy_BLE_GATTS_ReadAttributeValueCCCDReqHandler
 .text.Cy_BLE_SendWriteResponse
                0x100835a8       0x44 .\CortexM4\ARM_GCC_541\Debug\cy_ble_event_handler.o
 .text.Cy_BLE_RegisterServiceEventHandler
                0x100835ec       0x60 .\CortexM4\ARM_GCC_541\Debug\cy_ble_event_handler.o
                0x100835ec                Cy_BLE_RegisterServiceEventHandler
 .text.Cy_BLE_InvokeServiceEventHandler
                0x1008364c       0x38 .\CortexM4\ARM_GCC_541\Debug\cy_ble_event_handler.o
                0x1008364c                Cy_BLE_InvokeServiceEventHandler
 .text.Cy_BLE_IsDeviceAddressValid
                0x10083684       0x20 .\CortexM4\ARM_GCC_541\Debug\cy_ble_event_handler.o
                0x10083684                Cy_BLE_IsDeviceAddressValid
 .text.Cy_BLE_EventHandler
                0x100836a4      0x724 .\CortexM4\ARM_GCC_541\Debug\cy_ble_event_handler.o
                0x100836a4                Cy_BLE_EventHandler
 .text.Cy_BLE_BASS_WriteEventHandler
                0x10083dc8       0xc4 .\CortexM4\ARM_GCC_541\Debug\cy_ble_bas.o
 .text.Cy_BLE_BAS_EventHandler
                0x10083e8c       0x24 .\CortexM4\ARM_GCC_541\Debug\cy_ble_bas.o
 .text.Cy_BLE_BAS_Init
                0x10083eb0       0x2c .\CortexM4\ARM_GCC_541\Debug\cy_ble_bas.o
                0x10083eb0                Cy_BLE_BAS_Init
 .text.Cy_BLE_BASS_SetCharacteristicValue
                0x10083edc       0x58 .\CortexM4\ARM_GCC_541\Debug\cy_ble_bas.o
                0x10083edc                Cy_BLE_BASS_SetCharacteristicValue
 .text.Cy_BLE_CUSTOM_EventHandler
                0x10083f34        0x4 .\CortexM4\ARM_GCC_541\Debug\cy_ble_custom.o
 .text.Cy_BLE_CUSTOM_Init
                0x10083f38       0x20 .\CortexM4\ARM_GCC_541\Debug\cy_ble_custom.o
                0x10083f38                Cy_BLE_CUSTOM_Init
 .text.I2C_MPU6050_Interrupt
                0x10083f58       0x14 .\CortexM4\ARM_GCC_541\Debug\I2C_MPU6050.o
 .text.I2C_MPU6050_Start
                0x10083f6c       0x78 .\CortexM4\ARM_GCC_541\Debug\I2C_MPU6050.o
                0x10083f6c                I2C_MPU6050_Start
 .text          0x10083fe4      0x370 c:/program files (x86)/cypress/psoc creator/4.4/psoc creator/import/gnu/arm/5.4.1/bin/../lib/gcc/arm-none-eabi/5.4.1/armv7e-m/softfp\libgcc.a(_arm_addsubdf3.o)
                0x10083fe4                __aeabi_drsub
                0x10083fec                __aeabi_dsub
                0x10083fec                __subdf3
                0x10083ff0                __aeabi_dadd
                0x10083ff0                __adddf3
                0x10084268                __floatunsidf
                0x10084268                __aeabi_ui2d
                0x10084288                __floatsidf
                0x10084288                __aeabi_i2d
                0x100842ac                __aeabi_f2d
                0x100842ac                __extendsfdf2
                0x100842e8                __floatundidf
                0x100842e8                __aeabi_ul2d
                0x100842f8                __floatdidf
                0x100842f8                __aeabi_l2d
 .text          0x10084354      0x424 c:/program files (x86)/cypress/psoc creator/4.4/psoc creator/import/gnu/arm/5.4.1/bin/../lib/gcc/arm-none-eabi/5.4.1/armv7e-m/softfp\libgcc.a(_arm_muldivdf3.o)
                0x10084354                __aeabi_dmul
                0x10084354                __muldf3
                0x100845a8                __divdf3
                0x100845a8                __aeabi_ddiv
 .text.memcmp   0x10084778       0x1e c:/program files (x86)/cypress/psoc creator/4.4/psoc creator/import/gnu/arm/5.4.1/bin/../lib/gcc/arm-none-eabi/5.4.1/../../../../arm-none-eabi/lib/armv7e-m/softfp\libg_nano.a(lib_a-memcmp.o)
                0x10084778                memcmp
 .text.memcpy   0x10084796       0x16 c:/program files (x86)/cypress/psoc creator/4.4/psoc creator/import/gnu/arm/5.4.1/bin/../lib/gcc/arm-none-eabi/5.4.1/../../../../arm-none-eabi/lib/armv7e-m/softfp\libg_nano.a(lib_a-memcpy-stub.o)
                0x10084796                memcpy
 .text.memset   0x100847ac       0x10 c:/program files (x86)/cypress/psoc creator/4.4/psoc creator/import/gnu/arm/5.4.1/bin/../lib/gcc/arm-none-eabi/5.4.1/../../../../arm-none-eabi/lib/armv7e-m/softfp\libg_nano.a(lib_a-memset.o)
                0x100847ac                memset
 .text.__cvt    0x100847bc       0xc2 c:/program files (x86)/cypress/psoc creator/4.4/psoc creator/import/gnu/arm/5.4.1/bin/../lib/gcc/arm-none-eabi/5.4.1/../../../../arm-none-eabi/lib/armv7e-m/softfp\libg_nano.a(lib_a-nano-vfprintf_float.o)
                0x100847bc                __cvt
 .text.__exponent
                0x1008487e       0x60 c:/program files (x86)/cypress/psoc creator/4.4/psoc creator/import/gnu/arm/5.4.1/bin/../lib/gcc/arm-none-eabi/5.4.1/../../../../arm-none-eabi/lib/armv7e-m/softfp\libg_nano.a(lib_a-nano-vfprintf_float.o)
                0x1008487e                __exponent
 *fill*         0x100848de        0x2 
 .text._printf_float
                0x100848e0      0x488 c:/program files (x86)/cypress/psoc creator/4.4/psoc creator/import/gnu/arm/5.4.1/bin/../lib/gcc/arm-none-eabi/5.4.1/../../../../arm-none-eabi/lib/armv7e-m/softfp\libg_nano.a(lib_a-nano-vfprintf_float.o)
                0x100848e0                _printf_float
 .text._printf_common
                0x10084d68       0xec c:/program files (x86)/cypress/psoc creator/4.4/psoc creator/import/gnu/arm/5.4.1/bin/../lib/gcc/arm-none-eabi/5.4.1/../../../../arm-none-eabi/lib/armv7e-m/softfp\libg_nano.a(lib_a-nano-vfprintf_i.o)
                0x10084d68                _printf_common
 .text._printf_i
                0x10084e54      0x24c c:/program files (x86)/cypress/psoc creator/4.4/psoc creator/import/gnu/arm/5.4.1/bin/../lib/gcc/arm-none-eabi/5.4.1/../../../../arm-none-eabi/lib/armv7e-m/softfp\libg_nano.a(lib_a-nano-vfprintf_i.o)
                0x10084e54                _printf_i
 .text.sprintf  0x100850a0       0x48 c:/program files (x86)/cypress/psoc creator/4.4/psoc creator/import/gnu/arm/5.4.1/bin/../lib/gcc/arm-none-eabi/5.4.1/../../../../arm-none-eabi/lib/armv7e-m/softfp\libg_nano.a(lib_a-sprintf.o)
                0x100850a0                siprintf
                0x100850a0                sprintf
 .text          0x100850e8       0x10 c:/program files (x86)/cypress/psoc creator/4.4/psoc creator/import/gnu/arm/5.4.1/bin/../lib/gcc/arm-none-eabi/5.4.1/../../../../arm-none-eabi/lib/armv7e-m/softfp\libg_nano.a(lib_a-strlen.o)
                0x100850e8                strlen
 .text.strncpy  0x100850f8       0x26 c:/program files (x86)/cypress/psoc creator/4.4/psoc creator/import/gnu/arm/5.4.1/bin/../lib/gcc/arm-none-eabi/5.4.1/../../../../arm-none-eabi/lib/armv7e-m/softfp\libg_nano.a(lib_a-strncpy.o)
                0x100850f8                strncpy
 .text.quorem   0x1008511e      0x11e c:/program files (x86)/cypress/psoc creator/4.4/psoc creator/import/gnu/arm/5.4.1/bin/../lib/gcc/arm-none-eabi/5.4.1/../../../../arm-none-eabi/lib/armv7e-m/softfp\libg_nano.a(lib_a-dtoa.o)
 *fill*         0x1008523c        0x4 
 .text._dtoa_r  0x10085240      0xb38 c:/program files (x86)/cypress/psoc creator/4.4/psoc creator/import/gnu/arm/5.4.1/bin/../lib/gcc/arm-none-eabi/5.4.1/../../../../arm-none-eabi/lib/armv7e-m/softfp\libg_nano.a(lib_a-dtoa.o)
                0x10085240                _dtoa_r
 .text._localeconv_r
                0x10085d78        0x8 c:/program files (x86)/cypress/psoc creator/4.4/psoc creator/import/gnu/arm/5.4.1/bin/../lib/gcc/arm-none-eabi/5.4.1/../../../../arm-none-eabi/lib/armv7e-m/softfp\libg_nano.a(lib_a-locale.o)
                0x10085d78                _localeconv_r
 .text.malloc   0x10085d80       0x10 c:/program files (x86)/cypress/psoc creator/4.4/psoc creator/import/gnu/arm/5.4.1/bin/../lib/gcc/arm-none-eabi/5.4.1/../../../../arm-none-eabi/lib/armv7e-m/softfp\libg_nano.a(lib_a-malloc.o)
                0x10085d80                malloc
 .text          0x10085d90       0xa0 c:/program files (x86)/cypress/psoc creator/4.4/psoc creator/import/gnu/arm/5.4.1/bin/../lib/gcc/arm-none-eabi/5.4.1/../../../../arm-none-eabi/lib/armv7e-m/softfp\libg_nano.a(lib_a-memchr.o)
                0x10085d90                memchr
 .text._Balloc  0x10085e30       0x6a c:/program files (x86)/cypress/psoc creator/4.4/psoc creator/import/gnu/arm/5.4.1/bin/../lib/gcc/arm-none-eabi/5.4.1/../../../../arm-none-eabi/lib/armv7e-m/softfp\libg_nano.a(lib_a-mprec.o)
                0x10085e30                _Balloc
 .text._Bfree   0x10085e9a       0x2e c:/program files (x86)/cypress/psoc creator/4.4/psoc creator/import/gnu/arm/5.4.1/bin/../lib/gcc/arm-none-eabi/5.4.1/../../../../arm-none-eabi/lib/armv7e-m/softfp\libg_nano.a(lib_a-mprec.o)
                0x10085e9a                _Bfree
 .text.__multadd
                0x10085ec8       0x76 c:/program files (x86)/cypress/psoc creator/4.4/psoc creator/import/gnu/arm/5.4.1/bin/../lib/gcc/arm-none-eabi/5.4.1/../../../../arm-none-eabi/lib/armv7e-m/softfp\libg_nano.a(lib_a-mprec.o)
                0x10085ec8                __multadd
 .text.__hi0bits
                0x10085f3e       0x40 c:/program files (x86)/cypress/psoc creator/4.4/psoc creator/import/gnu/arm/5.4.1/bin/../lib/gcc/arm-none-eabi/5.4.1/../../../../arm-none-eabi/lib/armv7e-m/softfp\libg_nano.a(lib_a-mprec.o)
                0x10085f3e                __hi0bits
 .text.__lo0bits
                0x10085f7e       0x5a c:/program files (x86)/cypress/psoc creator/4.4/psoc creator/import/gnu/arm/5.4.1/bin/../lib/gcc/arm-none-eabi/5.4.1/../../../../arm-none-eabi/lib/armv7e-m/softfp\libg_nano.a(lib_a-mprec.o)
                0x10085f7e                __lo0bits
 .text.__i2b    0x10085fd8       0x12 c:/program files (x86)/cypress/psoc creator/4.4/psoc creator/import/gnu/arm/5.4.1/bin/../lib/gcc/arm-none-eabi/5.4.1/../../../../arm-none-eabi/lib/armv7e-m/softfp\libg_nano.a(lib_a-mprec.o)
                0x10085fd8                __i2b
 .text.__multiply
                0x10085fea      0x122 c:/program files (x86)/cypress/psoc creator/4.4/psoc creator/import/gnu/arm/5.4.1/bin/../lib/gcc/arm-none-eabi/5.4.1/../../../../arm-none-eabi/lib/armv7e-m/softfp\libg_nano.a(lib_a-mprec.o)
                0x10085fea                __multiply
 .text.__pow5mult
                0x1008610c       0x9c c:/program files (x86)/cypress/psoc creator/4.4/psoc creator/import/gnu/arm/5.4.1/bin/../lib/gcc/arm-none-eabi/5.4.1/../../../../arm-none-eabi/lib/armv7e-m/softfp\libg_nano.a(lib_a-mprec.o)
                0x1008610c                __pow5mult
 .text.__lshift
                0x100861a8       0xa2 c:/program files (x86)/cypress/psoc creator/4.4/psoc creator/import/gnu/arm/5.4.1/bin/../lib/gcc/arm-none-eabi/5.4.1/../../../../arm-none-eabi/lib/armv7e-m/softfp\libg_nano.a(lib_a-mprec.o)
                0x100861a8                __lshift
 .text.__mcmp   0x1008624a       0x38 c:/program files (x86)/cypress/psoc creator/4.4/psoc creator/import/gnu/arm/5.4.1/bin/../lib/gcc/arm-none-eabi/5.4.1/../../../../arm-none-eabi/lib/armv7e-m/softfp\libg_nano.a(lib_a-mprec.o)
                0x1008624a                __mcmp
 .text.__mdiff  0x10086282       0xbe c:/program files (x86)/cypress/psoc creator/4.4/psoc creator/import/gnu/arm/5.4.1/bin/../lib/gcc/arm-none-eabi/5.4.1/../../../../arm-none-eabi/lib/armv7e-m/softfp\libg_nano.a(lib_a-mprec.o)
                0x10086282                __mdiff
 .text.__d2b    0x10086340       0x9c c:/program files (x86)/cypress/psoc creator/4.4/psoc creator/import/gnu/arm/5.4.1/bin/../lib/gcc/arm-none-eabi/5.4.1/../../../../arm-none-eabi/lib/armv7e-m/softfp\libg_nano.a(lib_a-mprec.o)
                0x10086340                __d2b
 .text._calloc_r
                0x100863dc       0x1c c:/program files (x86)/cypress/psoc creator/4.4/psoc creator/import/gnu/arm/5.4.1/bin/../lib/gcc/arm-none-eabi/5.4.1/../../../../arm-none-eabi/lib/armv7e-m/softfp\libg_nano.a(lib_a-nano-callocr.o)
                0x100863dc                _calloc_r
 .text._free_r  0x100863f8       0x9c c:/program files (x86)/cypress/psoc creator/4.4/psoc creator/import/gnu/arm/5.4.1/bin/../lib/gcc/arm-none-eabi/5.4.1/../../../../arm-none-eabi/lib/armv7e-m/softfp\libg_nano.a(lib_a-nano-freer.o)
                0x100863f8                _free_r
 .text._malloc_r
                0x10086494       0xbc c:/program files (x86)/cypress/psoc creator/4.4/psoc creator/import/gnu/arm/5.4.1/bin/../lib/gcc/arm-none-eabi/5.4.1/../../../../arm-none-eabi/lib/armv7e-m/softfp\libg_nano.a(lib_a-nano-mallocr.o)
                0x10086494                _malloc_r
 .text.__ssputs_r
                0x10086550       0xb2 c:/program files (x86)/cypress/psoc creator/4.4/psoc creator/import/gnu/arm/5.4.1/bin/../lib/gcc/arm-none-eabi/5.4.1/../../../../arm-none-eabi/lib/armv7e-m/softfp\libg_nano.a(lib_a-nano-svfprintf.o)
                0x10086550                __ssputs_r
 *fill*         0x10086602        0x2 
 .text._svfprintf_r
                0x10086604      0x1e8 c:/program files (x86)/cypress/psoc creator/4.4/psoc creator/import/gnu/arm/5.4.1/bin/../lib/gcc/arm-none-eabi/5.4.1/../../../../arm-none-eabi/lib/armv7e-m/softfp\libg_nano.a(lib_a-nano-svfprintf.o)
                0x10086604                _svfiprintf_r
                0x10086604                _svfprintf_r
 .text._sbrk_r  0x100867ec       0x20 c:/program files (x86)/cypress/psoc creator/4.4/psoc creator/import/gnu/arm/5.4.1/bin/../lib/gcc/arm-none-eabi/5.4.1/../../../../arm-none-eabi/lib/armv7e-m/softfp\libg_nano.a(lib_a-sbrkr.o)
                0x100867ec                _sbrk_r
 .text.memmove  0x1008680c       0x36 c:/program files (x86)/cypress/psoc creator/4.4/psoc creator/import/gnu/arm/5.4.1/bin/../lib/gcc/arm-none-eabi/5.4.1/../../../../arm-none-eabi/lib/armv7e-m/softfp\libg_nano.a(lib_a-memmove.o)
                0x1008680c                memmove
 .text.__malloc_lock
                0x10086842        0x2 c:/program files (x86)/cypress/psoc creator/4.4/psoc creator/import/gnu/arm/5.4.1/bin/../lib/gcc/arm-none-eabi/5.4.1/../../../../arm-none-eabi/lib/armv7e-m/softfp\libg_nano.a(lib_a-mlock.o)
                0x10086842                __malloc_lock
 .text.__malloc_unlock
                0x10086844        0x2 c:/program files (x86)/cypress/psoc creator/4.4/psoc creator/import/gnu/arm/5.4.1/bin/../lib/gcc/arm-none-eabi/5.4.1/../../../../arm-none-eabi/lib/armv7e-m/softfp\libg_nano.a(lib_a-mlock.o)
                0x10086844                __malloc_unlock
 .text._realloc_r
                0x10086846       0x4c c:/program files (x86)/cypress/psoc creator/4.4/psoc creator/import/gnu/arm/5.4.1/bin/../lib/gcc/arm-none-eabi/5.4.1/../../../../arm-none-eabi/lib/armv7e-m/softfp\libg_nano.a(lib_a-nano-reallocr.o)
                0x10086846                _realloc_r
 .text._malloc_usable_size_r
                0x10086892       0x14 c:/program files (x86)/cypress/psoc creator/4.4/psoc creator/import/gnu/arm/5.4.1/bin/../lib/gcc/arm-none-eabi/5.4.1/../../../../arm-none-eabi/lib/armv7e-m/softfp\libg_nano.a(lib_a-nano-msizer.o)
                0x10086892                _malloc_usable_size_r
 *fill*         0x100868a6        0x2 
 .text          0x100868a8      0x110 c:/program files (x86)/cypress/psoc creator/4.4/psoc creator/import/gnu/arm/5.4.1/bin/../lib/gcc/arm-none-eabi/5.4.1/armv7e-m/softfp\libgcc.a(_arm_cmpdf2.o)
                0x100868a8                __gtdf2
                0x100868a8                __gedf2
                0x100868b0                __ltdf2
                0x100868b0                __ledf2
                0x100868b8                __nedf2
                0x100868b8                __eqdf2
                0x100868b8                __cmpdf2
                0x10086934                __aeabi_cdrcmple
                0x10086944                __aeabi_cdcmpeq
                0x10086944                __aeabi_cdcmple
                0x10086954                __aeabi_dcmpeq
                0x10086968                __aeabi_dcmplt
                0x1008697c                __aeabi_dcmple
                0x10086990                __aeabi_dcmpge
                0x100869a4                __aeabi_dcmpgt
 .text          0x100869b8       0x2c c:/program files (x86)/cypress/psoc creator/4.4/psoc creator/import/gnu/arm/5.4.1/bin/../lib/gcc/arm-none-eabi/5.4.1/armv7e-m/softfp\libgcc.a(_arm_unorddf2.o)
                0x100869b8                __unorddf2
                0x100869b8                __aeabi_dcmpun
 .text          0x100869e4       0x50 c:/program files (x86)/cypress/psoc creator/4.4/psoc creator/import/gnu/arm/5.4.1/bin/../lib/gcc/arm-none-eabi/5.4.1/armv7e-m/softfp\libgcc.a(_arm_fixdfsi.o)
                0x100869e4                __aeabi_d2iz
                0x100869e4                __fixdfsi
 .text._sbrk    0x10086a34       0x1c c:/program files (x86)/cypress/psoc creator/4.4/psoc creator/import/gnu/arm/5.4.1/bin/../lib/gcc/arm-none-eabi/5.4.1/../../../../arm-none-eabi/lib/armv7e-m/softfp\libnosys.a(sbrk.o)
                0x10086a34                _sbrk
 *(.init)
 .init          0x10086a50        0x4 c:/program files (x86)/cypress/psoc creator/4.4/psoc creator/import/gnu/arm/5.4.1/bin/../lib/gcc/arm-none-eabi/5.4.1/armv7e-m/softfp/crti.o
                0x10086a50                _init
 .init          0x10086a54        0x8 c:/program files (x86)/cypress/psoc creator/4.4/psoc creator/import/gnu/arm/5.4.1/bin/../lib/gcc/arm-none-eabi/5.4.1/armv7e-m/softfp/crtn.o
 *(.fini)
 .fini          0x10086a5c        0x4 c:/program files (x86)/cypress/psoc creator/4.4/psoc creator/import/gnu/arm/5.4.1/bin/../lib/gcc/arm-none-eabi/5.4.1/armv7e-m/softfp/crti.o
                0x10086a5c                _fini
 .fini          0x10086a60        0x8 c:/program files (x86)/cypress/psoc creator/4.4/psoc creator/import/gnu/arm/5.4.1/bin/../lib/gcc/arm-none-eabi/5.4.1/armv7e-m/softfp/crtn.o
 *crtbegin.o(.ctors)
 *crtbegin?.o(.ctors)
 *(EXCLUDE_FILE(*crtend.o *crtend?.o) .ctors)
 *(SORT(.ctors.*))
 *(.ctors)
 *crtbegin.o(.dtors)
 *crtbegin?.o(.dtors)
 *(EXCLUDE_FILE(*crtend.o *crtend?.o) .dtors)
 *(SORT(.dtors.*))
 *(.dtors)
 *(.rodata .rodata.* .constdata .constdata.* .conststring .conststring.*)
 .rodata        0x10086a68       0x34 .\CortexM4\ARM_GCC_541\Debug\system_psoc6_cm4.o
 .rodata.str1.4
                0x10086a9c       0x1e .\CortexM4\ARM_GCC_541\Debug\HostMain.o
 *fill*         0x10086aba        0x2 
 .rodata.str1.4
                0x10086abc       0x6d .\CortexM4\ARM_GCC_541\Debug\BLE-communication.o
 *fill*         0x10086b29        0x3 
 .rodata.str1.4
                0x10086b2c       0x7b .\CortexM4\ARM_GCC_541\Debug\kadenceControl.o
                                 0x7f (size before relaxing)
 *fill*         0x10086ba7        0x1 
 .rodata.str1.4
                0x10086ba8       0x57 .\CortexM4\ARM_GCC_541\Debug\VT100Terminal.o
                                 0x5b (size before relaxing)
 *fill*         0x10086bff        0x1 
 .rodata        0x10086c00        0x8 .\CortexM4\ARM_GCC_541\Debug\cyfitter_sysint_cfg.o
                0x10086c00                I2C_MPU6050_SCB_IRQ_cfg
 .rodata        0x10086c08      0x21a .\CortexM4\ARM_GCC_541\Debug\BLE_config.o
 *fill*         0x10086e22        0x2 
 .rodata        0x10086e24        0x8 .\CortexM4\ARM_GCC_541\Debug\BLE_bas_config.o
 .rodata        0x10086e2c        0x6 .\CortexM4\ARM_GCC_541\Debug\BLE_custom_config.o
 *fill*         0x10086e32        0x2 
 .rodata        0x10086e34       0x40 .\CortexM4\ARM_GCC_541\Debug\UART_DEB.o
                0x10086e34                UART_DEB_config
 .rodata.str1.4
                0x10086e74       0x41 .\CortexM4\ARM_GCC_541\Debug\cy_sysint.o
 *fill*         0x10086eb5        0x3 
 .rodata.str1.4
                0x10086eb8       0x7f .\CortexM4\ARM_GCC_541\Debug\cy_ipc_drv.o
 .rodata.str1.4
                0x10086f37       0x3f .\CortexM4\ARM_GCC_541\Debug\cy_ipc_sema.o
 *fill*         0x10086f37        0x1 
 .rodata.str1.4
                0x10086f38       0x40 .\CortexM4\ARM_GCC_541\Debug\cy_ipc_pipe.o
                                 0x7f (size before relaxing)
 .rodata.str1.4
                0x10086f78       0xc3 .\CortexM4\ARM_GCC_541\Debug\cy_scb_i2c.o
 *fill*         0x1008703b        0x1 
 .rodata.str1.4
                0x1008703c       0x80 .\CortexM4\ARM_GCC_541\Debug\cy_scb_uart.o
                                 0xc4 (size before relaxing)
 .rodata.str1.4
                0x100870bc       0x3f .\CortexM4\ARM_GCC_541\Debug\cy_flash.o
 *fill*         0x100870fb        0x1 
 .rodata.str1.4
                0x100870fc       0x3f .\CortexM4\ARM_GCC_541\Debug\cy_syspm.o
                                 0x7f (size before relaxing)
 *fill*         0x1008713b        0x1 
 .rodata        0x1008713c      0x170 .\CortexM4\ARM_GCC_541\Debug\cy_device.o
                0x1008713c                cy_deviceIpBlockCfgPSoC6_02
                0x100871f4                cy_deviceIpBlockCfgPSoC6_01
 .rodata        0x100872ac       0x14 .\CortexM4\ARM_GCC_541\Debug\cy_ble.o
 .rodata        0x100872c0      0x100 .\CortexM4\ARM_GCC_541\Debug\cy_ble_hal_pvt.o
 .rodata        0x100873c0        0x2 .\CortexM4\ARM_GCC_541\Debug\cy_ble_event_handler.o
 *fill*         0x100873c2        0x2 
 .rodata.str1.4
                0x100873c4       0x38 .\CortexM4\ARM_GCC_541\Debug\cy_ble_event_handler.o
                                 0x37 (size before relaxing)
 .rodata        0x100873fc       0x14 .\CortexM4\ARM_GCC_541\Debug\I2C_MPU6050.o
                0x100873fc                I2C_MPU6050_config
 .constdata     0x10087410       0x18 Generated_Source\PSoC6\pdl\middleware\ble\lib\cy_ble_stack_gcc_host_ipc_cm4.a(BT_os.o)
                0x10087410                cyBleStackMemoryConfig
 .constdata     0x10087428       0x58 Generated_Source\PSoC6\pdl\middleware\ble\lib\cy_ble_stack_gcc_host_ipc_cm4.a(l2cap_init.o)
                0x10087428                l2cap_le_sig_handler
 .constdata     0x10087480       0x3c Generated_Source\PSoC6\pdl\middleware\ble\lib\cy_ble_stack_gcc_host_ipc_cm4.a(fsm_engine_pl.o)
                0x10087480                fsm_module_table
 .constdata     0x100874bc      0x110 Generated_Source\PSoC6\pdl\middleware\ble\lib\cy_ble_stack_gcc_host_ipc_cm4.a(gap_hci_iface.o)
                0x100874bc                hciCommandCompleteEventHandlers
 .constdata     0x100875cc       0x20 Generated_Source\PSoC6\pdl\middleware\ble\lib\cy_ble_stack_gcc_host_ipc_cm4.a(gap_privacy.o)
 .constdata     0x100875ec       0x32 Generated_Source\PSoC6\pdl\middleware\ble\lib\cy_ble_stack_gcc_host_ipc_cm4.a(smp_core.o)
                0x100875ec                smp_iocap_assoc_map
                0x10087605                smp_sc_iocap_assoc_map
 *fill*         0x1008761e        0x2 
 .constdata     0x10087620        0xc Generated_Source\PSoC6\pdl\middleware\ble\lib\cy_ble_stack_gcc_host_ipc_cm4.a(smp_interface.o)
                0x10087620                smp_event_fp
 .constdata     0x1008762c       0x22 Generated_Source\PSoC6\pdl\middleware\ble\lib\cy_ble_stack_gcc_host_ipc_cm4.a(smp_utils.o)
                0x1008762c                smp_event_map
 *fill*         0x1008764e        0x2 
 .constdata     0x10087650       0xb4 Generated_Source\PSoC6\pdl\middleware\ble\lib\cy_ble_stack_gcc_host_ipc_cm4.a(smp_fsm_table.o)
                0x10087650                smp_state_event_table
 .constdata     0x10087704      0x110 Generated_Source\PSoC6\pdl\middleware\ble\lib\cy_ble_stack_gcc_host_ipc_cm4.a(smp_fsm_table.o)
                0x10087704                smp_event_handler_table
 .constdata     0x10087814       0x20 Generated_Source\PSoC6\pdl\middleware\ble\lib\cy_ble_stack_gcc_host_ipc_cm4.a(aes_cmac.o)
                0x10087814                cmac_zero_data
                0x10087824                cmac_rb_data
 .constdata     0x10087834       0x60 Generated_Source\PSoC6\pdl\middleware\ble\lib\cy_ble_stack_gcc_host_ipc_cm4.a(att_fsm_table.o)
                0x10087834                att_state_event_table
 .constdata     0x10087894       0x58 Generated_Source\PSoC6\pdl\middleware\ble\lib\cy_ble_stack_gcc_host_ipc_cm4.a(att_fsm_table.o)
                0x10087894                att_event_handler_table
 .rodata.str1.1
                0x100878ec        0x2 c:/program files (x86)/cypress/psoc creator/4.4/psoc creator/import/gnu/arm/5.4.1/bin/../lib/gcc/arm-none-eabi/5.4.1/../../../../arm-none-eabi/lib/armv7e-m/softfp\libg_nano.a(lib_a-impure.o)
 .rodata.str1.1
                0x100878ee       0x12 c:/program files (x86)/cypress/psoc creator/4.4/psoc creator/import/gnu/arm/5.4.1/bin/../lib/gcc/arm-none-eabi/5.4.1/../../../../arm-none-eabi/lib/armv7e-m/softfp\libg_nano.a(lib_a-nano-vfprintf_float.o)
 .rodata.str1.1
                0x10087900       0x22 c:/program files (x86)/cypress/psoc creator/4.4/psoc creator/import/gnu/arm/5.4.1/bin/../lib/gcc/arm-none-eabi/5.4.1/../../../../arm-none-eabi/lib/armv7e-m/softfp\libg_nano.a(lib_a-nano-vfprintf_i.o)
 .rodata.str1.1
                0x10087922        0xd c:/program files (x86)/cypress/psoc creator/4.4/psoc creator/import/gnu/arm/5.4.1/bin/../lib/gcc/arm-none-eabi/5.4.1/../../../../arm-none-eabi/lib/armv7e-m/softfp\libg_nano.a(lib_a-dtoa.o)
                                  0xf (size before relaxing)
 .rodata.str1.1
                0x1008792f        0x8 c:/program files (x86)/cypress/psoc creator/4.4/psoc creator/import/gnu/arm/5.4.1/bin/../lib/gcc/arm-none-eabi/5.4.1/../../../../arm-none-eabi/lib/armv7e-m/softfp\libg_nano.a(lib_a-locale.o)
                                  0xb (size before relaxing)
 *fill*         0x10087937        0x1 
 .rodata.p05.5410
                0x10087938        0xc c:/program files (x86)/cypress/psoc creator/4.4/psoc creator/import/gnu/arm/5.4.1/bin/../lib/gcc/arm-none-eabi/5.4.1/../../../../arm-none-eabi/lib/armv7e-m/softfp\libg_nano.a(lib_a-mprec.o)
 *fill*         0x10087944        0x4 
 .rodata.__mprec_bigtens
                0x10087948       0x28 c:/program files (x86)/cypress/psoc creator/4.4/psoc creator/import/gnu/arm/5.4.1/bin/../lib/gcc/arm-none-eabi/5.4.1/../../../../arm-none-eabi/lib/armv7e-m/softfp\libg_nano.a(lib_a-mprec.o)
                0x10087948                __mprec_bigtens
 .rodata.__mprec_tens
                0x10087970       0xc8 c:/program files (x86)/cypress/psoc creator/4.4/psoc creator/import/gnu/arm/5.4.1/bin/../lib/gcc/arm-none-eabi/5.4.1/../../../../arm-none-eabi/lib/armv7e-m/softfp\libg_nano.a(lib_a-mprec.o)
                0x10087970                __mprec_tens
 .rodata.str1.1
                0x10087a38       0x11 c:/program files (x86)/cypress/psoc creator/4.4/psoc creator/import/gnu/arm/5.4.1/bin/../lib/gcc/arm-none-eabi/5.4.1/../../../../arm-none-eabi/lib/armv7e-m/softfp\libg_nano.a(lib_a-nano-svfprintf.o)
 *(.eh_frame*)
 *fill*         0x10087a49        0x3 
 .eh_frame      0x10087a4c        0x0 c:/program files (x86)/cypress/psoc creator/4.4/psoc creator/import/gnu/arm/5.4.1/bin/../lib/gcc/arm-none-eabi/5.4.1/armv7e-m/softfp/crtbegin.o
 .eh_frame      0x10087a4c        0x4 c:/program files (x86)/cypress/psoc creator/4.4/psoc creator/import/gnu/arm/5.4.1/bin/../lib/gcc/arm-none-eabi/5.4.1/armv7e-m/softfp/crtend.o

.glue_7         0x10087a50        0x0
 .glue_7        0x10087a50        0x0 linker stubs

.glue_7t        0x10087a50        0x0
 .glue_7t       0x10087a50        0x0 linker stubs

.vfp11_veneer   0x10087a50        0x0
 .vfp11_veneer  0x10087a50        0x0 linker stubs

.v4_bx          0x10087a50        0x0
 .v4_bx         0x10087a50        0x0 linker stubs

.iplt           0x10087a50        0x0
 .iplt          0x10087a50        0x0 c:/program files (x86)/cypress/psoc creator/4.4/psoc creator/import/gnu/arm/5.4.1/bin/../lib/gcc/arm-none-eabi/5.4.1/armv7e-m/softfp/crtbegin.o

i.CyBleStackMgr_Init
                0x10087a50       0xdc
 i.CyBleStackMgr_Init
                0x10087a50       0xdc Generated_Source\PSoC6\pdl\middleware\ble\lib\cy_ble_stack_gcc_host_ipc_cm4.a(CyBleStackMgrIP_Interface.o)
                0x10087a50                CyBleStackMgr_Init

i.CyBleStackMgr_ProcessBleEvents
                0x10087b2c       0x14
 i.CyBleStackMgr_ProcessBleEvents
                0x10087b2c       0x14 Generated_Source\PSoC6\pdl\middleware\ble\lib\cy_ble_stack_gcc_host_ipc_cm4.a(CyBleStackMgrIP_Interface.o)
                0x10087b2c                CyBleStackMgr_ProcessBleEvents

i.CyBleStackMgr_Shutdown
                0x10087b40       0x20
 i.CyBleStackMgr_Shutdown
                0x10087b40       0x20 Generated_Source\PSoC6\pdl\middleware\ble\lib\cy_ble_stack_gcc_host_ipc_cm4.a(CyBleStackMgrIP_Interface.o)
                0x10087b40                CyBleStackMgr_Shutdown

i.CyBle_GetHeapMemory
                0x10087b60       0x3c
 i.CyBle_GetHeapMemory
                0x10087b60       0x3c Generated_Source\PSoC6\pdl\middleware\ble\lib\cy_ble_stack_gcc_host_ipc_cm4.a(CyBleStackMgrIP_Interface.o)
                0x10087b60                CyBle_GetHeapMemory

i.CyBle_GetNumAppBufferPools
                0x10087b9c        0xc
 i.CyBle_GetNumAppBufferPools
                0x10087b9c        0xc Generated_Source\PSoC6\pdl\middleware\ble\lib\cy_ble_stack_gcc_host_ipc_cm4.a(CyBleStackMgrIP_Interface.o)
                0x10087b9c                CyBle_GetNumAppBufferPools

i.CyBle_HostStackBufferPoolInit
                0x10087ba8       0xc4
 i.CyBle_HostStackBufferPoolInit
                0x10087ba8       0xc4 Generated_Source\PSoC6\pdl\middleware\ble\lib\cy_ble_stack_gcc_host_ipc_cm4.a(CyBleStackMgrIP_Interface.o)

i.CyBle_SortBufers
                0x10087c6c       0x40
 i.CyBle_SortBufers
                0x10087c6c       0x40 Generated_Source\PSoC6\pdl\middleware\ble\lib\cy_ble_stack_gcc_host_ipc_cm4.a(CyBleStackMgrIP_Interface.o)
                0x10087c6c                CyBle_SortBufers

i.CyBle_StackGetConfigPtr
                0x10087cac        0x8
 i.CyBle_StackGetConfigPtr
                0x10087cac        0x8 Generated_Source\PSoC6\pdl\middleware\ble\lib\cy_ble_stack_gcc_host_ipc_cm4.a(CyBleStackMgrIP_Interface.o)
                0x10087cac                CyBle_StackGetConfigPtr

i.Cy_BLE_ProcessEvents
                0x10087cb4        0x4
 i.Cy_BLE_ProcessEvents
                0x10087cb4        0x4 Generated_Source\PSoC6\pdl\middleware\ble\lib\cy_ble_stack_gcc_host_ipc_cm4.a(CyBleStackMgrIP_Interface.o)
                0x10087cb4                Cy_BLE_ProcessEvents

i.Cy_BLE_StackEnterLPM
                0x10087cb8       0x16
 i.Cy_BLE_StackEnterLPM
                0x10087cb8       0x16 Generated_Source\PSoC6\pdl\middleware\ble\lib\cy_ble_stack_gcc_host_ipc_cm4.a(CyBleStackMgrIP_Interface.o)
                0x10087cb8                Cy_BLE_StackEnterLPM

i.Cy_BLE_StackGetBleSsState
                0x10087cce        0x4
 i.Cy_BLE_StackGetBleSsState
                0x10087cce        0x4 Generated_Source\PSoC6\pdl\middleware\ble\lib\cy_ble_stack_gcc_host_ipc_cm4.a(CyBleStackMgrIP_Interface.o)
                0x10087cce                Cy_BLE_StackGetBleSsState

i.Cy_BLE_StackGetFeatureConfig
                0x10087cd4       0x20
 i.Cy_BLE_StackGetFeatureConfig
                0x10087cd4       0x20 Generated_Source\PSoC6\pdl\middleware\ble\lib\cy_ble_stack_gcc_host_ipc_cm4.a(CyBleStackMgrIP_Interface.o)
                0x10087cd4                Cy_BLE_StackGetFeatureConfig

i.Cy_BLE_StackInit
                0x10087cf4       0x70
 i.Cy_BLE_StackInit
                0x10087cf4       0x70 Generated_Source\PSoC6\pdl\middleware\ble\lib\cy_ble_stack_gcc_host_ipc_cm4.a(CyBleStackMgrIP_Interface.o)
                0x10087cf4                Cy_BLE_StackInit

i.Cy_BLE_StackSetFeatureConfig
                0x10087d64       0x54
 i.Cy_BLE_StackSetFeatureConfig
                0x10087d64       0x54 Generated_Source\PSoC6\pdl\middleware\ble\lib\cy_ble_stack_gcc_host_ipc_cm4.a(CyBleStackMgrIP_Interface.o)
                0x10087d64                Cy_BLE_StackSetFeatureConfig

i.ble_stack_idle_task_callback
                0x10087db8        0x2
 i.ble_stack_idle_task_callback
                0x10087db8        0x2 Generated_Source\PSoC6\pdl\middleware\ble\lib\cy_ble_stack_gcc_host_ipc_cm4.a(CyBleStackMgrIP_Interface.o)
                0x10087db8                ble_stack_idle_task_callback

i.BT_OSFreeBuf  0x10087dbc       0x20
 i.BT_OSFreeBuf
                0x10087dbc       0x20 Generated_Source\PSoC6\pdl\middleware\ble\lib\cy_ble_stack_gcc_host_ipc_cm4.a(BT_os.o)
                0x10087dbc                BT_OSFreeBuf

i.BT_OSGetBuF   0x10087ddc       0x30
 i.BT_OSGetBuF  0x10087ddc       0x30 Generated_Source\PSoC6\pdl\middleware\ble\lib\cy_ble_stack_gcc_host_ipc_cm4.a(BT_os.o)
                0x10087ddc                BT_OSGetBuF

i.BT_OSMemCreate
                0x10087e0c       0x3c
 i.BT_OSMemCreate
                0x10087e0c       0x3c Generated_Source\PSoC6\pdl\middleware\ble\lib\cy_ble_stack_gcc_host_ipc_cm4.a(BT_os.o)
                0x10087e0c                BT_OSMemCreate

i.BT_alloc_mem_ext
                0x10087e48       0x40
 i.BT_alloc_mem_ext
                0x10087e48       0x40 Generated_Source\PSoC6\pdl\middleware\ble\lib\cy_ble_stack_gcc_host_ipc_cm4.a(BT_os.o)
                0x10087e48                BT_alloc_mem_ext

i.BT_free_mem   0x10087e88        0xa
 i.BT_free_mem  0x10087e88        0xa Generated_Source\PSoC6\pdl\middleware\ble\lib\cy_ble_stack_gcc_host_ipc_cm4.a(BT_os.o)
                0x10087e88                BT_free_mem

i.bt_stack_create_buffer_pool
                0x10087e94       0x2c
 i.bt_stack_create_buffer_pool
                0x10087e94       0x2c Generated_Source\PSoC6\pdl\middleware\ble\lib\cy_ble_stack_gcc_host_ipc_cm4.a(BT_os.o)
                0x10087e94                bt_stack_create_buffer_pool

i.CyBle_CreateBleStackTask
                0x10087ec0       0x30
 i.CyBle_CreateBleStackTask
                0x10087ec0       0x30 Generated_Source\PSoC6\pdl\middleware\ble\lib\cy_ble_stack_gcc_host_ipc_cm4.a(CyBleStackMgr_StackTaskHandler.o)
                0x10087ec0                CyBle_CreateBleStackTask

i.CyBle_SignalBleStackTask
                0x10087ef0       0x38
 i.CyBle_SignalBleStackTask
                0x10087ef0       0x38 Generated_Source\PSoC6\pdl\middleware\ble\lib\cy_ble_stack_gcc_host_ipc_cm4.a(CyBleStackMgr_StackTaskHandler.o)
                0x10087ef0                CyBle_SignalBleStackTask

i.CyBle_StackTaskHandler
                0x10087f28       0x74
 i.CyBle_StackTaskHandler
                0x10087f28       0x74 Generated_Source\PSoC6\pdl\middleware\ble\lib\cy_ble_stack_gcc_host_ipc_cm4.a(CyBleStackMgr_StackTaskHandler.o)
                0x10087f28                CyBle_StackTaskHandler

i.IsStackTaskFree
                0x10087f9c        0xc
 i.IsStackTaskFree
                0x10087f9c        0xc Generated_Source\PSoC6\pdl\middleware\ble\lib\cy_ble_stack_gcc_host_ipc_cm4.a(CyBleStackMgr_StackTaskHandler.o)
                0x10087f9c                IsStackTaskFree

i.storage_bt_init_pl
                0x10087fa8       0x8c
 i.storage_bt_init_pl
                0x10087fa8       0x8c Generated_Source\PSoC6\pdl\middleware\ble\lib\cy_ble_stack_gcc_host_ipc_cm4.a(storage_pl.o)
                0x10087fa8                storage_bt_init_pl

i.storage_bt_reset_offset
                0x10088034       0x3c
 i.storage_bt_reset_offset
                0x10088034       0x3c Generated_Source\PSoC6\pdl\middleware\ble\lib\cy_ble_stack_gcc_host_ipc_cm4.a(storage_pl.o)
                0x10088034                storage_bt_reset_offset

i.storage_manager_init
                0x10088070       0x58
 i.storage_manager_init
                0x10088070       0x58 Generated_Source\PSoC6\pdl\middleware\ble\lib\cy_ble_stack_gcc_host_ipc_cm4.a(storage_pl.o)
                0x10088070                storage_manager_init

i.storage_manager_register_module
                0x100880c8       0x68
 i.storage_manager_register_module
                0x100880c8       0x68 Generated_Source\PSoC6\pdl\middleware\ble\lib\cy_ble_stack_gcc_host_ipc_cm4.a(storage_pl.o)
                0x100880c8                storage_manager_register_module

i.storage_validate_init_params
                0x10088130       0x98
 i.storage_validate_init_params
                0x10088130       0x98 Generated_Source\PSoC6\pdl\middleware\ble\lib\cy_ble_stack_gcc_host_ipc_cm4.a(storage_pl.o)
                0x10088130                storage_validate_init_params

i.OS_init       0x100881c8       0x64
 i.OS_init      0x100881c8       0x64 Generated_Source\PSoC6\pdl\middleware\ble\lib\cy_ble_stack_gcc_host_ipc_cm4.a(mint_os.o)
                0x100881c8                OS_init

i.OS_shutdown   0x1008822c        0x4
 i.OS_shutdown  0x1008822c        0x4 Generated_Source\PSoC6\pdl\middleware\ble\lib\cy_ble_stack_gcc_host_ipc_cm4.a(mint_os.o)
                0x1008822c                OS_shutdown

i.mintos_malloc
                0x10088230       0x34
 i.mintos_malloc
                0x10088230       0x34 Generated_Source\PSoC6\pdl\middleware\ble\lib\cy_ble_stack_gcc_host_ipc_cm4.a(mint_os.o)
                0x10088230                mintos_malloc

i.OS_create_queue
                0x10088264       0x74
 i.OS_create_queue
                0x10088264       0x74 Generated_Source\PSoC6\pdl\middleware\ble\lib\cy_ble_stack_gcc_host_ipc_cm4.a(mint_os_queue.o)
                0x10088264                OS_create_queue

i.OS_enqueue_item
                0x100882d8       0x9c
 i.OS_enqueue_item
                0x100882d8       0x9c Generated_Source\PSoC6\pdl\middleware\ble\lib\cy_ble_stack_gcc_host_ipc_cm4.a(mint_os_queue.o)
                0x100882d8                OS_enqueue_item

i.OS_queue_get_num_of_items
                0x10088374       0x2c
 i.OS_queue_get_num_of_items
                0x10088374       0x2c Generated_Source\PSoC6\pdl\middleware\ble\lib\cy_ble_stack_gcc_host_ipc_cm4.a(mint_os_queue.o)
                0x10088374                OS_queue_get_num_of_items

i.OS_queue_mgmt_init
                0x100883a0       0x58
 i.OS_queue_mgmt_init
                0x100883a0       0x58 Generated_Source\PSoC6\pdl\middleware\ble\lib\cy_ble_stack_gcc_host_ipc_cm4.a(mint_os_queue.o)
                0x100883a0                OS_queue_mgmt_init

i.OS_remove_item
                0x100883f8       0xb8
 i.OS_remove_item
                0x100883f8       0xb8 Generated_Source\PSoC6\pdl\middleware\ble\lib\cy_ble_stack_gcc_host_ipc_cm4.a(mint_os_queue.o)
                0x100883f8                OS_remove_item

i.OS_create_task
                0x100884b0       0x88
 i.OS_create_task
                0x100884b0       0x88 Generated_Source\PSoC6\pdl\middleware\ble\lib\cy_ble_stack_gcc_host_ipc_cm4.a(mint_os_task.o)
                0x100884b0                OS_create_task

i.OS_is_task_free
                0x10088538       0x30
 i.OS_is_task_free
                0x10088538       0x30 Generated_Source\PSoC6\pdl\middleware\ble\lib\cy_ble_stack_gcc_host_ipc_cm4.a(mint_os_task.o)
                0x10088538                OS_is_task_free

i.OS_scheduler  0x10088568       0x64
 i.OS_scheduler
                0x10088568       0x64 Generated_Source\PSoC6\pdl\middleware\ble\lib\cy_ble_stack_gcc_host_ipc_cm4.a(mint_os_task.o)
                0x10088568                OS_scheduler

i.OS_send_signal_to_task
                0x100885cc        0xc
 i.OS_send_signal_to_task
                0x100885cc        0xc Generated_Source\PSoC6\pdl\middleware\ble\lib\cy_ble_stack_gcc_host_ipc_cm4.a(mint_os_task.o)
                0x100885cc                OS_send_signal_to_task

i.OS_send_signal_to_task_context
                0x100885d8       0x3c
 i.OS_send_signal_to_task_context
                0x100885d8       0x3c Generated_Source\PSoC6\pdl\middleware\ble\lib\cy_ble_stack_gcc_host_ipc_cm4.a(mint_os_task.o)

i.OS_task_mgmt_init
                0x10088614       0x60
 i.OS_task_mgmt_init
                0x10088614       0x60 Generated_Source\PSoC6\pdl\middleware\ble\lib\cy_ble_stack_gcc_host_ipc_cm4.a(mint_os_task.o)
                0x10088614                OS_task_mgmt_init

i.mint_buf_mgmt_allocate_buffer
                0x10088674       0x54
 i.mint_buf_mgmt_allocate_buffer
                0x10088674       0x54 Generated_Source\PSoC6\pdl\middleware\ble\lib\cy_ble_stack_gcc_host_ipc_cm4.a(mint_buf_mgmt.o)
                0x10088674                mint_buf_mgmt_allocate_buffer

i.mint_buf_mgmt_create_pool
                0x100886c8       0xd4
 i.mint_buf_mgmt_create_pool
                0x100886c8       0xd4 Generated_Source\PSoC6\pdl\middleware\ble\lib\cy_ble_stack_gcc_host_ipc_cm4.a(mint_buf_mgmt.o)
                0x100886c8                mint_buf_mgmt_create_pool

i.mint_buf_mgmt_free_buffer
                0x1008879c       0xac
 i.mint_buf_mgmt_free_buffer
                0x1008879c       0xac Generated_Source\PSoC6\pdl\middleware\ble\lib\cy_ble_stack_gcc_host_ipc_cm4.a(mint_buf_mgmt.o)
                0x1008879c                mint_buf_mgmt_free_buffer

i.mint_buf_mgmt_init
                0x10088848       0x5c
 i.mint_buf_mgmt_init
                0x10088848       0x5c Generated_Source\PSoC6\pdl\middleware\ble\lib\cy_ble_stack_gcc_host_ipc_cm4.a(mint_buf_mgmt.o)
                0x10088848                mint_buf_mgmt_init

i.mint_buf_mgmt_malloc
                0x100888a4       0x28
 i.mint_buf_mgmt_malloc
                0x100888a4       0x28 Generated_Source\PSoC6\pdl\middleware\ble\lib\cy_ble_stack_gcc_host_ipc_cm4.a(mint_buf_mgmt.o)
                0x100888a4                mint_buf_mgmt_malloc

i.mint_buf_mgmt_pl_init
                0x100888cc       0x44
 i.mint_buf_mgmt_pl_init
                0x100888cc       0x44 Generated_Source\PSoC6\pdl\middleware\ble\lib\cy_ble_stack_gcc_host_ipc_cm4.a(mint_buf_mgmt.o)
                0x100888cc                mint_buf_mgmt_pl_init

i.mint_buf_mgmt_stack_init
                0x10088910       0x22
 i.mint_buf_mgmt_stack_init
                0x10088910       0x22 Generated_Source\PSoC6\pdl\middleware\ble\lib\cy_ble_stack_gcc_host_ipc_cm4.a(mint_buf_mgmt.o)
                0x10088910                mint_buf_mgmt_stack_init

i.mint_buf_mgmt_stack_pop
                0x10088932       0x34
 i.mint_buf_mgmt_stack_pop
                0x10088932       0x34 Generated_Source\PSoC6\pdl\middleware\ble\lib\cy_ble_stack_gcc_host_ipc_cm4.a(mint_buf_mgmt.o)
                0x10088932                mint_buf_mgmt_stack_pop

i.mint_buf_mgmt_stack_push
                0x10088966       0x34
 i.mint_buf_mgmt_stack_push
                0x10088966       0x34 Generated_Source\PSoC6\pdl\middleware\ble\lib\cy_ble_stack_gcc_host_ipc_cm4.a(mint_buf_mgmt.o)
                0x10088966                mint_buf_mgmt_stack_push

i.mint_buf_mgmt_stack_search_item
                0x1008899a       0x2e
 i.mint_buf_mgmt_stack_search_item
                0x1008899a       0x2e Generated_Source\PSoC6\pdl\middleware\ble\lib\cy_ble_stack_gcc_host_ipc_cm4.a(mint_buf_mgmt.o)
                0x1008899a                mint_buf_mgmt_stack_search_item

i.CyBleHost_HciIpcFreePktBuffer
                0x100889c8       0x2e
 i.CyBleHost_HciIpcFreePktBuffer
                0x100889c8       0x2e Generated_Source\PSoC6\pdl\middleware\ble\lib\cy_ble_stack_gcc_host_ipc_cm4.a(transport_ipc.o)
                0x100889c8                CyBleHost_HciIpcFreePktBuffer

i.CyBleHost_HciIpcMsgCompleteReceive
                0x100889f8       0x28
 i.CyBleHost_HciIpcMsgCompleteReceive
                0x100889f8       0x28 Generated_Source\PSoC6\pdl\middleware\ble\lib\cy_ble_stack_gcc_host_ipc_cm4.a(transport_ipc.o)
                0x100889f8                CyBleHost_HciIpcMsgCompleteReceive

i.CyBleHost_HciIpcMsgReceive
                0x10088a20       0x28
 i.CyBleHost_HciIpcMsgReceive
                0x10088a20       0x28 Generated_Source\PSoC6\pdl\middleware\ble\lib\cy_ble_stack_gcc_host_ipc_cm4.a(transport_ipc.o)
                0x10088a20                CyBleHost_HciIpcMsgReceive

i.hci_transport_bt_shutdown
                0x10088a48        0x4
 i.hci_transport_bt_shutdown
                0x10088a48        0x4 Generated_Source\PSoC6\pdl\middleware\ble\lib\cy_ble_stack_gcc_host_ipc_cm4.a(transport_ipc.o)
                0x10088a48                hci_transport_bt_shutdown

i.hci_transport_init
                0x10088a4c       0x10
 i.hci_transport_init
                0x10088a4c       0x10 Generated_Source\PSoC6\pdl\middleware\ble\lib\cy_ble_stack_gcc_host_ipc_cm4.a(transport_ipc.o)
                0x10088a4c                hci_transport_init

i.hci_transport_write_data
                0x10088a5c       0x9c
 i.hci_transport_write_data
                0x10088a5c       0x9c Generated_Source\PSoC6\pdl\middleware\ble\lib\cy_ble_stack_gcc_host_ipc_cm4.a(transport_ipc.o)
                0x10088a5c                hci_transport_write_data

i.CyBleHost_IPC_HAL_Init
                0x10088af8       0x40
 i.CyBleHost_IPC_HAL_Init
                0x10088af8       0x40 Generated_Source\PSoC6\pdl\middleware\ble\lib\cy_ble_stack_gcc_host_ipc_cm4.a(CyBleStackMgr_PSoCIPCHal.o)
                0x10088af8                CyBleHost_IPC_HAL_Init

i.CyBleHost_IPC_HAL_InitWithStaticMem
                0x10088b38        0xc
 i.CyBleHost_IPC_HAL_InitWithStaticMem
                0x10088b38        0xc Generated_Source\PSoC6\pdl\middleware\ble\lib\cy_ble_stack_gcc_host_ipc_cm4.a(CyBleStackMgr_PSoCIPCHal.o)
                0x10088b38                CyBleHost_IPC_HAL_InitWithStaticMem

i.CyBleHost_IPC_HAL_IsQueueEmpty
                0x10088b44       0x24
 i.CyBleHost_IPC_HAL_IsQueueEmpty
                0x10088b44       0x24 Generated_Source\PSoC6\pdl\middleware\ble\lib\cy_ble_stack_gcc_host_ipc_cm4.a(CyBleStackMgr_PSoCIPCHal.o)
                0x10088b44                CyBleHost_IPC_HAL_IsQueueEmpty

i.CyBleHost_IPC_HAL_PipeReleaseCallback
                0x10088b68       0x1c
 i.CyBleHost_IPC_HAL_PipeReleaseCallback
                0x10088b68       0x1c Generated_Source\PSoC6\pdl\middleware\ble\lib\cy_ble_stack_gcc_host_ipc_cm4.a(CyBleStackMgr_PSoCIPCHal.o)

i.CyBleHost_IPC_HAL_ProcessMsgQ
                0x10088b84       0x3c
 i.CyBleHost_IPC_HAL_ProcessMsgQ
                0x10088b84       0x3c Generated_Source\PSoC6\pdl\middleware\ble\lib\cy_ble_stack_gcc_host_ipc_cm4.a(CyBleStackMgr_PSoCIPCHal.o)
                0x10088b84                CyBleHost_IPC_HAL_ProcessMsgQ

i.CyBleHost_IPC_HAL_PushMessage
                0x10088bc0       0x48
 i.CyBleHost_IPC_HAL_PushMessage
                0x10088bc0       0x48 Generated_Source\PSoC6\pdl\middleware\ble\lib\cy_ble_stack_gcc_host_ipc_cm4.a(CyBleStackMgr_PSoCIPCHal.o)

i.CyBleHost_IPC_HAL_Reset
                0x10088c08       0x30
 i.CyBleHost_IPC_HAL_Reset
                0x10088c08       0x30 Generated_Source\PSoC6\pdl\middleware\ble\lib\cy_ble_stack_gcc_host_ipc_cm4.a(CyBleStackMgr_PSoCIPCHal.o)
                0x10088c08                CyBleHost_IPC_HAL_Reset

i.CyBleHost_IPC_HAL_SendEnqueue
                0x10088c38       0x10
 i.CyBleHost_IPC_HAL_SendEnqueue
                0x10088c38       0x10 Generated_Source\PSoC6\pdl\middleware\ble\lib\cy_ble_stack_gcc_host_ipc_cm4.a(CyBleStackMgr_PSoCIPCHal.o)
                0x10088c38                CyBleHost_IPC_HAL_SendEnqueue

i.CyBle_BluetoothOnCmptCB
                0x10088c48       0x60
 i.CyBle_BluetoothOnCmptCB
                0x10088c48       0x60 Generated_Source\PSoC6\pdl\middleware\ble\lib\cy_ble_stack_gcc_host_ipc_cm4.a(host_main.o)

i.CyBle_HostDisableFeatures
                0x10088ca8       0x12
 i.CyBle_HostDisableFeatures
                0x10088ca8       0x12 Generated_Source\PSoC6\pdl\middleware\ble\lib\cy_ble_stack_gcc_host_ipc_cm4.a(host_main.o)
                0x10088ca8                CyBle_HostDisableFeatures

i.CyBle_HostInit
                0x10088cbc       0x68
 i.CyBle_HostInit
                0x10088cbc       0x68 Generated_Source\PSoC6\pdl\middleware\ble\lib\cy_ble_stack_gcc_host_ipc_cm4.a(host_main.o)
                0x10088cbc                CyBle_HostInit

i.CyBle_HostIsStackFree
                0x10088d24       0x16
 i.CyBle_HostIsStackFree
                0x10088d24       0x16 Generated_Source\PSoC6\pdl\middleware\ble\lib\cy_ble_stack_gcc_host_ipc_cm4.a(host_main.o)
                0x10088d24                CyBle_HostIsStackFree

i.CyBle_HostSetFeatureConfig
                0x10088d3c       0x80
 i.CyBle_HostSetFeatureConfig
                0x10088d3c       0x80 Generated_Source\PSoC6\pdl\middleware\ble\lib\cy_ble_stack_gcc_host_ipc_cm4.a(host_main.o)
                0x10088d3c                CyBle_HostSetFeatureConfig

i.CyBle_HostStackHeapDeInit
                0x10088dbc       0x1e
 i.CyBle_HostStackHeapDeInit
                0x10088dbc       0x1e Generated_Source\PSoC6\pdl\middleware\ble\lib\cy_ble_stack_gcc_host_ipc_cm4.a(host_main.o)
                0x10088dbc                CyBle_HostStackHeapDeInit

i.CyBle_HostStackHeapInit
                0x10088ddc       0x4c
 i.CyBle_HostStackHeapInit
                0x10088ddc       0x4c Generated_Source\PSoC6\pdl\middleware\ble\lib\cy_ble_stack_gcc_host_ipc_cm4.a(host_main.o)
                0x10088ddc                CyBle_HostStackHeapInit

i.CyBle_HostStackInit
                0x10088e28       0x30
 i.CyBle_HostStackInit
                0x10088e28       0x30 Generated_Source\PSoC6\pdl\middleware\ble\lib\cy_ble_stack_gcc_host_ipc_cm4.a(host_main.o)
                0x10088e28                CyBle_HostStackInit

i.CyBle_HostStackOn
                0x10088e58       0x30
 i.CyBle_HostStackOn
                0x10088e58       0x30 Generated_Source\PSoC6\pdl\middleware\ble\lib\cy_ble_stack_gcc_host_ipc_cm4.a(host_main.o)

i.CyBle_HostValidateAppBuffers
                0x10088e88       0x4c
 i.CyBle_HostValidateAppBuffers
                0x10088e88       0x4c Generated_Source\PSoC6\pdl\middleware\ble\lib\cy_ble_stack_gcc_host_ipc_cm4.a(host_main.o)
                0x10088e88                CyBle_HostValidateAppBuffers

i.CyBle_HostValidateInputParams
                0x10088ed4       0xc4
 i.CyBle_HostValidateInputParams
                0x10088ed4       0xc4 Generated_Source\PSoC6\pdl\middleware\ble\lib\cy_ble_stack_gcc_host_ipc_cm4.a(host_main.o)
                0x10088ed4                CyBle_HostValidateInputParams

i.CyBle_SendEvToApp
                0x10088f98       0x14
 i.CyBle_SendEvToApp
                0x10088f98       0x14 Generated_Source\PSoC6\pdl\middleware\ble\lib\cy_ble_stack_gcc_host_ipc_cm4.a(host_main.o)
                0x10088f98                CyBle_SendEvToApp

i.CyBle_ShutdownResetComplete
                0x10088fac       0x78
 i.CyBle_ShutdownResetComplete
                0x10088fac       0x78 Generated_Source\PSoC6\pdl\middleware\ble\lib\cy_ble_stack_gcc_host_ipc_cm4.a(host_main.o)
                0x10088fac                CyBle_ShutdownResetComplete

i.CyBle_StackResetGlobalVariables
                0x10089024       0x14
 i.CyBle_StackResetGlobalVariables
                0x10089024       0x14 Generated_Source\PSoC6\pdl\middleware\ble\lib\cy_ble_stack_gcc_host_ipc_cm4.a(host_main.o)

i.CyBle_StackResetShutdown
                0x10089038        0xa
 i.CyBle_StackResetShutdown
                0x10089038        0xa Generated_Source\PSoC6\pdl\middleware\ble\lib\cy_ble_stack_gcc_host_ipc_cm4.a(host_main.o)

i.CyBle_TimerExpiryHandler
                0x10089044       0x2c
 i.CyBle_TimerExpiryHandler
                0x10089044       0x2c Generated_Source\PSoC6\pdl\middleware\ble\lib\cy_ble_stack_gcc_host_ipc_cm4.a(host_main.o)

i.Cy_BLE_StackShutdown