ARM GAS  C:\Users\dryos\AppData\Local\Temp\cchMHFvM.s 			page 1


   1              		.syntax unified
   2              		.cpu cortex-m4
   3              		.eabi_attribute 27, 1
   4              		.fpu fpv4-sp-d16
   5              		.eabi_attribute 20, 1
   6              		.eabi_attribute 21, 1
   7              		.eabi_attribute 23, 3
   8              		.eabi_attribute 24, 1
   9              		.eabi_attribute 25, 1
  10              		.eabi_attribute 26, 1
  11              		.eabi_attribute 30, 1
  12              		.eabi_attribute 34, 1
  13              		.eabi_attribute 18, 4
  14              		.thumb
  15              		.syntax unified
  16              		.file	"VT100Terminal.c"
  17              		.text
  18              	.Ltext0:
  19              		.cfi_sections	.debug_frame
  20              	.Letext0:
  21              		.section	.debug_line,"",%progbits
  22              	.Ldebug_line0:
  23              		.section	.debug_str,"MS",%progbits,1
  24              	.LASF0:
  25 0000 463A5C47 		.ascii	"F:\\Git downloads\\PRJ4\\POPE\\POPEproject.cydsn\000"
  25      69742064 
  25      6F776E6C 
  25      6F616473 
  25      5C50524A 
  26              	.LASF1:
  27 002d 56543130 		.ascii	"VT100Terminal.c\000"
  27      30546572 
  27      6D696E61 
  27      6C2E6300 
  28              	.LASF2:
  29 003d 474E5520 		.ascii	"GNU C11 5.4.1 20160609 (release) [ARM/embedded-5-br"
  29      43313120 
  29      352E342E 
  29      31203230 
  29      31363036 
  30 0070 616E6368 		.ascii	"anch revision 237715] -mcpu=cortex-m4 -mfloat-abi=s"
  30      20726576 
  30      6973696F 
  30      6E203233 
  30      37373135 
  31 00a3 6F667466 		.ascii	"oftfp -mfpu=fpv4-sp-d16 -mthumb -g -Og -ffunction-s"
  31      70202D6D 
  31      6670753D 
  31      66707634 
  31      2D73702D 
  32 00d6 65637469 		.ascii	"ections -ffat-lto-objects\000"
  32      6F6E7320 
  32      2D666661 
  32      742D6C74 
  32      6F2D6F62 
  33              		.ident	"GCC: (GNU Tools for ARM Embedded Processors) 5.4.1 20160609 (release) [ARM/embedded-5-bran
