Archive member included to satisfy reference by file (symbol)

Generated_Source\PSoC6\pdl\middleware\ble\lib\cy_ble_stack_gcc_controller_ipc_cm0p.a(CyBleStackMgrIP_Interface.o)
                              .\CortexM0p\ARM_GCC_541\Debug\main_cm0p.o (Cy_BLE_ProcessEvents)
Generated_Source\PSoC6\pdl\middleware\ble\lib\cy_ble_stack_gcc_controller_ipc_cm0p.a(CyBleStackMgr_PSoCHal.o)
                              Generated_Source\PSoC6\pdl\middleware\ble\lib\cy_ble_stack_gcc_controller_ipc_cm0p.a(CyBleStackMgrIP_Interface.o) (bt_config)
Generated_Source\PSoC6\pdl\middleware\ble\lib\cy_ble_stack_gcc_controller_ipc_cm0p.a(CyBleStackMgr_BleSSDriver.o)
                              Generated_Source\PSoC6\pdl\middleware\ble\lib\cy_ble_stack_gcc_controller_ipc_cm0p.a(CyBleStackMgrIP_Interface.o) (CyBleStackMgr_BleSSInit)
Generated_Source\PSoC6\pdl\middleware\ble\lib\cy_ble_stack_gcc_controller_ipc_cm0p.a(CyBleStackMgr_StackTaskHandler.o)
                              Generated_Source\PSoC6\pdl\middleware\ble\lib\cy_ble_stack_gcc_controller_ipc_cm0p.a(CyBleStackMgrIP_Interface.o) (CyBle_CreateBleStackTask)
Generated_Source\PSoC6\pdl\middleware\ble\lib\cy_ble_stack_gcc_controller_ipc_cm0p.a(config_bin.o)
                              Generated_Source\PSoC6\pdl\middleware\ble\lib\cy_ble_stack_gcc_controller_ipc_cm0p.a(CyBleStackMgr_PSoCHal.o) (bt_cfg_pdata)
Generated_Source\PSoC6\pdl\middleware\ble\lib\cy_ble_stack_gcc_controller_ipc_cm0p.a(BT_timer.o)
                              Generated_Source\PSoC6\pdl\middleware\ble\lib\cy_ble_stack_gcc_controller_ipc_cm0p.a(CyBleStackMgr_StackTaskHandler.o) (BT_timer_process_signals)
Generated_Source\PSoC6\pdl\middleware\ble\lib\cy_ble_stack_gcc_controller_ipc_cm0p.a(bt_os_common.o)
                              Generated_Source\PSoC6\pdl\middleware\ble\lib\cy_ble_stack_gcc_controller_ipc_cm0p.a(CyBleStackMgr_StackTaskHandler.o) (BT_ISROSQPost)
Generated_Source\PSoC6\pdl\middleware\ble\lib\cy_ble_stack_gcc_controller_ipc_cm0p.a(CyBleStackMgrIP_Pilo.o)
                              Generated_Source\PSoC6\pdl\middleware\ble\lib\cy_ble_stack_gcc_controller_ipc_cm0p.a(CyBleStackMgrIP_Interface.o) (CyPilo_InitCalibration)
Generated_Source\PSoC6\pdl\middleware\ble\lib\cy_ble_stack_gcc_controller_ipc_cm0p.a(mint_os.o)
                              Generated_Source\PSoC6\pdl\middleware\ble\lib\cy_ble_stack_gcc_controller_ipc_cm0p.a(CyBleStackMgrIP_Interface.o) (OS_init)
Generated_Source\PSoC6\pdl\middleware\ble\lib\cy_ble_stack_gcc_controller_ipc_cm0p.a(mint_os_queue.o)
                              Generated_Source\PSoC6\pdl\middleware\ble\lib\cy_ble_stack_gcc_controller_ipc_cm0p.a(mint_os.o) (OS_TOTAL_QUEUES)
Generated_Source\PSoC6\pdl\middleware\ble\lib\cy_ble_stack_gcc_controller_ipc_cm0p.a(mint_os_task.o)
                              Generated_Source\PSoC6\pdl\middleware\ble\lib\cy_ble_stack_gcc_controller_ipc_cm0p.a(mint_os.o) (idle_func_handler)
Generated_Source\PSoC6\pdl\middleware\ble\lib\cy_ble_stack_gcc_controller_ipc_cm0p.a(mint_buf_mgmt.o)
                              Generated_Source\PSoC6\pdl\middleware\ble\lib\cy_ble_stack_gcc_controller_ipc_cm0p.a(CyBleStackMgrIP_Interface.o) (mint_buf_mgmt_init)
Generated_Source\PSoC6\pdl\middleware\ble\lib\cy_ble_stack_gcc_controller_ipc_cm0p.a(transport_ipc.o)
                              Generated_Source\PSoC6\pdl\middleware\ble\lib\cy_ble_stack_gcc_controller_ipc_cm0p.a(CyBleStackMgr_PSoCHal.o) (CyBleController_HciIpcInit)
Generated_Source\PSoC6\pdl\middleware\ble\lib\cy_ble_stack_gcc_controller_ipc_cm0p.a(CyBleStackMgr_PSoCIPCHal.o)
                              Generated_Source\PSoC6\pdl\middleware\ble\lib\cy_ble_stack_gcc_controller_ipc_cm0p.a(CyBleStackMgrIP_Interface.o) (CyBleController_IPC_HAL_InitWithStaticMem)
Generated_Source\PSoC6\pdl\middleware\ble\lib\cy_ble_stack_gcc_controller_ipc_cm0p.a(CyBleControllerIP_Interface.o)
                              Generated_Source\PSoC6\pdl\middleware\ble\lib\cy_ble_stack_gcc_controller_ipc_cm0p.a(CyBleStackMgrIP_Interface.o) (CyBle_ControllerEnableDleFeature)
Generated_Source\PSoC6\pdl\middleware\ble\lib\cy_ble_stack_gcc_controller_ipc_cm0p.a(ll.o)
                              Generated_Source\PSoC6\pdl\middleware\ble\lib\cy_ble_stack_gcc_controller_ipc_cm0p.a(CyBleControllerIP_Interface.o) (ll_self_device_data)
Generated_Source\PSoC6\pdl\middleware\ble\lib\cy_ble_stack_gcc_controller_ipc_cm0p.a(ll_advertiser.o)
                              Generated_Source\PSoC6\pdl\middleware\ble\lib\cy_ble_stack_gcc_controller_ipc_cm0p.a(ll.o) (ll_adv_is_configured_connection_adv)
Generated_Source\PSoC6\pdl\middleware\ble\lib\cy_ble_stack_gcc_controller_ipc_cm0p.a(ll_connection.o)
                              Generated_Source\PSoC6\pdl\middleware\ble\lib\cy_ble_stack_gcc_controller_ipc_cm0p.a(ll.o) (bleSlDsmFix)
Generated_Source\PSoC6\pdl\middleware\ble\lib\cy_ble_stack_gcc_controller_ipc_cm0p.a(llh_api.o)
[...]
Memory Configuration

Name             Origin             Length             Attributes
ram              0x08000000         0x00024000         xrw
flash            0x10000000         0x00080000         xr
em_eeprom        0x14000000         0x00008000         xr
sflash_user_data 0x16000800         0x00000800         xr
sflash_nar       0x16001a00         0x00000200         xr
sflash_public_key 0x16005a00         0x00000c00         xr
sflash_toc_2     0x16007c00         0x00000200         xr
sflash_rtoc_2    0x16007e00         0x00000200         xr
xip              0x18000000         0x08000000         xr
efuse            0x90700000         0x00100000         r
*default*        0x00000000         0xffffffff

Linker script and memory map

LOAD c:/program files (x86)/cypress/psoc creator/4.4/psoc creator/import/gnu/arm/5.4.1/bin/../lib/gcc/arm-none-eabi/5.4.1/armv6-m/crti.o
LOAD c:/program files (x86)/cypress/psoc creator/4.4/psoc creator/import/gnu/arm/5.4.1/bin/../lib/gcc/arm-none-eabi/5.4.1/armv6-m/crtbegin.o
LOAD c:/program files (x86)/cypress/psoc creator/4.4/psoc creator/import/gnu/arm/5.4.1/bin/../lib/gcc/arm-none-eabi/5.4.1/../../../../arm-none-eabi/lib/armv6-m/crt0.o
START GROUP
LOAD Generated_Source\PSoC6\pdl\middleware\ble\lib\cy_ble_stack_gcc_radio_max_cm0p.a
LOAD Generated_Source\PSoC6\pdl\middleware\ble\lib\cy_ble_stack_gcc_controller_ipc_cm0p.a
LOAD .\CortexM0p\ARM_GCC_541\Debug\startup_psoc6_01_cm0plus.o
LOAD .\CortexM0p\ARM_GCC_541\Debug\main_cm0p.o
LOAD .\CortexM0p\ARM_GCC_541\Debug\system_psoc6_cm0plus.o
LOAD .\CortexM0p\ARM_GCC_541\Debug\cyfitter_sysint_cfg.o
LOAD .\CortexM0p\ARM_GCC_541\Debug\cyfitter_cfg.o
LOAD .\CortexM0p\ARM_GCC_541\Debug\cymetadata.o
LOAD .\CortexM0p\ARM_GCC_541\Debug\BLE.o
LOAD .\CortexM0p\ARM_GCC_541\Debug\BLE_config.o
LOAD .\CortexM0p\ARM_GCC_541\Debug\BLE_bas_config.o
LOAD .\CortexM0p\ARM_GCC_541\Debug\BLE_custom_config.o
LOAD .\CortexM0p\ARM_GCC_541\Debug\UART_DEB.o
LOAD .\CortexM0p\ARM_GCC_541\Debug\cy_sysint.o
LOAD .\CortexM0p\ARM_GCC_541\Debug\cy_ipc_drv.o
LOAD .\CortexM0p\ARM_GCC_541\Debug\cy_ipc_sema.o
LOAD .\CortexM0p\ARM_GCC_541\Debug\cy_ipc_pipe.o
LOAD .\CortexM0p\ARM_GCC_541\Debug\cy_sysclk.o
LOAD .\CortexM0p\ARM_GCC_541\Debug\cy_wdt.o
LOAD .\CortexM0p\ARM_GCC_541\Debug\cy_scb_common.o
LOAD .\CortexM0p\ARM_GCC_541\Debug\cy_scb_i2c.o
LOAD .\CortexM0p\ARM_GCC_541\Debug\cy_scb_ezi2c.o
LOAD .\CortexM0p\ARM_GCC_541\Debug\cy_scb_spi.o
LOAD .\CortexM0p\ARM_GCC_541\Debug\cy_scb_uart.o
LOAD .\CortexM0p\ARM_GCC_541\Debug\cy_efuse.o
LOAD .\CortexM0p\ARM_GCC_541\Debug\cy_flash.o
LOAD .\CortexM0p\ARM_GCC_541\Debug\cy_gpio.o
LOAD .\CortexM0p\ARM_GCC_541\Debug\cy_sysanalog.o
LOAD .\CortexM0p\ARM_GCC_541\Debug\cy_syspm.o
LOAD .\CortexM0p\ARM_GCC_541\Debug\cy_syslib.o
LOAD .\CortexM0p\ARM_GCC_541\Debug\cy_syslib_gcc.o
LOAD .\CortexM0p\ARM_GCC_541\Debug\cy_trigmux.o
LOAD .\CortexM0p\ARM_GCC_541\Debug\cy_systick.o
LOAD .\CortexM0p\ARM_GCC_541\Debug\cy_profile.o
LOAD .\CortexM0p\ARM_GCC_541\Debug\cy_prot.o
LOAD .\CortexM0p\ARM_GCC_541\Debug\cy_lvd.o
LOAD .\CortexM0p\ARM_GCC_541\Debug\cy_device.o
LOAD .\CortexM0p\ARM_GCC_541\Debug\cy_ble.o
LOAD .\CortexM0p\ARM_GCC_541\Debug\cy_ble_hal_int.o
LOAD .\CortexM0p\ARM_GCC_541\Debug\cy_ble_hal_pvt.o
LOAD .\CortexM0p\ARM_GCC_541\Debug\cy_ble_gap.o
LOAD .\CortexM0p\ARM_GCC_541\Debug\cy_ble_gatt.o
LOAD .\CortexM0p\ARM_GCC_541\Debug\cy_ble_event_handler.o
LOAD .\CortexM0p\ARM_GCC_541\Debug\cy_ble_ancs.o
LOAD .\CortexM0p\ARM_GCC_541\Debug\cy_ble_ans.o
LOAD .\CortexM0p\ARM_GCC_541\Debug\cy_ble_aios.o
LOAD .\CortexM0p\ARM_GCC_541\Debug\cy_ble_bas.o
LOAD .\CortexM0p\ARM_GCC_541\Debug\cy_ble_bcs.o
LOAD .\CortexM0p\ARM_GCC_541\Debug\cy_ble_bls.o
LOAD .\CortexM0p\ARM_GCC_541\Debug\cy_ble_bms.o
LOAD .\CortexM0p\ARM_GCC_541\Debug\cy_ble_bts.o
LOAD .\CortexM0p\ARM_GCC_541\Debug\cy_ble_cgms.o
LOAD .\CortexM0p\ARM_GCC_541\Debug\cy_ble_cps.o
LOAD .\CortexM0p\ARM_GCC_541\Debug\cy_ble_cscs.o
LOAD .\CortexM0p\ARM_GCC_541\Debug\cy_ble_cts.o
LOAD .\CortexM0p\ARM_GCC_541\Debug\cy_ble_custom.o
LOAD .\CortexM0p\ARM_GCC_541\Debug\cy_ble_dis.o
LOAD .\CortexM0p\ARM_GCC_541\Debug\cy_ble_ess.o
LOAD .\CortexM0p\ARM_GCC_541\Debug\cy_ble_gls.o
LOAD .\CortexM0p\ARM_GCC_541\Debug\cy_ble_hids.o
LOAD .\CortexM0p\ARM_GCC_541\Debug\cy_ble_hps.o
LOAD .\CortexM0p\ARM_GCC_541\Debug\cy_ble_hrs.o
LOAD .\CortexM0p\ARM_GCC_541\Debug\cy_ble_hts.o
LOAD .\CortexM0p\ARM_GCC_541\Debug\cy_ble_ias.o
LOAD .\CortexM0p\ARM_GCC_541\Debug\cy_ble_ips.o
LOAD .\CortexM0p\ARM_GCC_541\Debug\cy_ble_lls.o
LOAD .\CortexM0p\ARM_GCC_541\Debug\cy_ble_lns.o
LOAD .\CortexM0p\ARM_GCC_541\Debug\cy_ble_ndcs.o
LOAD .\CortexM0p\ARM_GCC_541\Debug\cy_ble_plxs.o
LOAD .\CortexM0p\ARM_GCC_541\Debug\cy_ble_pass.o
LOAD .\CortexM0p\ARM_GCC_541\Debug\cy_ble_rscs.o
LOAD .\CortexM0p\ARM_GCC_541\Debug\cy_ble_rtus.o
LOAD .\CortexM0p\ARM_GCC_541\Debug\cy_ble_scps.o
LOAD .\CortexM0p\ARM_GCC_541\Debug\cy_ble_tps.o
LOAD .\CortexM0p\ARM_GCC_541\Debug\cy_ble_uds.o
LOAD .\CortexM0p\ARM_GCC_541\Debug\cy_ble_wpts.o
LOAD .\CortexM0p\ARM_GCC_541\Debug\cy_ble_wss.o
LOAD .\CortexM0p\ARM_GCC_541\Debug\cy_ble_clk.o
LOAD .\CortexM0p\ARM_GCC_541\Debug\I2C_MPU6050.o
END GROUP
START GROUP
LOAD c:/program files (x86)/cypress/psoc creator/4.4/psoc creator/import/gnu/arm/5.4.1/bin/../lib/gcc/arm-none-eabi/5.4.1/armv6-m\libgcc.a
LOAD c:/program files (x86)/cypress/psoc creator/4.4/psoc creator/import/gnu/arm/5.4.1/bin/../lib/gcc/arm-none-eabi/5.4.1/../../../../arm-none-eabi/lib/armv6-m\libg_nano.a
LOAD c:/program files (x86)/cypress/psoc creator/4.4/psoc creator/import/gnu/arm/5.4.1/bin/../lib/gcc/arm-none-eabi/5.4.1/../../../../arm-none-eabi/lib/armv6-m\libc_nano.a
END GROUP
START GROUP
LOAD c:/program files (x86)/cypress/psoc creator/4.4/psoc creator/import/gnu/arm/5.4.1/bin/../lib/gcc/arm-none-eabi/5.4.1/armv6-m\libgcc.a
LOAD c:/program files (x86)/cypress/psoc creator/4.4/psoc creator/import/gnu/arm/5.4.1/bin/../lib/gcc/arm-none-eabi/5.4.1/../../../../arm-none-eabi/lib/armv6-m\libc_nano.a
END GROUP
LOAD c:/program files (x86)/cypress/psoc creator/4.4/psoc creator/import/gnu/arm/5.4.1/bin/../lib/gcc/arm-none-eabi/5.4.1/armv6-m/crtend.o
LOAD c:/program files (x86)/cypress/psoc creator/4.4/psoc creator/import/gnu/arm/5.4.1/bin/../lib/gcc/arm-none-eabi/5.4.1/armv6-m/crtn.o
START GROUP
LOAD c:/program files (x86)/cypress/psoc creator/4.4/psoc creator/import/gnu/arm/5.4.1/bin/../lib/gcc/arm-none-eabi/5.4.1/armv6-m\libgcc.a
LOAD c:/program files (x86)/cypress/psoc creator/4.4/psoc creator/import/gnu/arm/5.4.1/bin/../lib/gcc/arm-none-eabi/5.4.1/../../../../arm-none-eabi/lib/armv6-m\libc.a
LOAD c:/program files (x86)/cypress/psoc creator/4.4/psoc creator/import/gnu/arm/5.4.1/bin/../lib/gcc/arm-none-eabi/5.4.1/../../../../arm-none-eabi/lib/armv6-m\libnosys.a
END GROUP
START GROUP
LOAD c:/program files (x86)/cypress/psoc creator/4.4/psoc creator/import/gnu/arm/5.4.1/bin/../lib/gcc/arm-none-eabi/5.4.1/armv6-m\libgcc.a
LOAD c:/program files (x86)/cypress/psoc creator/4.4/psoc creator/import/gnu/arm/5.4.1/bin/../lib/gcc/arm-none-eabi/5.4.1/../../../../arm-none-eabi/lib/armv6-m\libc.a
LOAD c:/program files (x86)/cypress/psoc creator/4.4/psoc creator/import/gnu/arm/5.4.1/bin/../lib/gcc/arm-none-eabi/5.4.1/../../../../arm-none-eabi/lib/armv6-m\libm.a
LOAD c:/program files (x86)/cypress/psoc creator/4.4/psoc creator/import/gnu/arm/5.4.1/bin/../lib/gcc/arm-none-eabi/5.4.1/../../../../arm-none-eabi/lib/armv6-m\libnosys.a
END GROUP

.cy_app_header
 *(.cy_app_header)

.text           0x10000000     0x6100
                0x10000000                . = ALIGN (0x4)
                0x10000000                __Vectors = .
 *(.vectors)
 .vectors       0x10000000       0xc0 .\CortexM0p\ARM_GCC_541\Debug\startup_psoc6_01_cm0plus.o
                0x100000c0                . = ALIGN (0x4)
                0x100000c0                __Vectors_End = .
                0x000000c0                __Vectors_Size = (__Vectors_End - __Vectors)
                0x100000c0                __end__ = .
                0x100000c0                . = ALIGN (0x4)
 *(.text*)
 .text          0x100000c0       0x60 c:/program files (x86)/cypress/psoc creator/4.4/psoc creator/import/gnu/arm/5.4.1/bin/../lib/gcc/arm-none-eabi/5.4.1/armv6-m/crtbegin.o
 .text          0x10000120       0x80 .\CortexM0p\ARM_GCC_541\Debug\startup_psoc6_01_cm0plus.o
                0x10000120                Cy_OnResetUser
                0x10000122                Reset_Handler
                0x10000180                NvicMux10_IRQHandler
                0x10000180                NvicMux26_IRQHandler
                0x10000180                SysTick_Handler
                0x10000180                NvicMux21_IRQHandler
                0x10000180                NMI_Handler
                0x10000180                NvicMux19_IRQHandler
                0x10000180                NvicMux8_IRQHandler
                0x10000180                NvicMux27_IRQHandler
                0x10000180                PendSV_Handler
                0x10000180                NvicMux17_IRQHandler
                0x10000180                NvicMux0_IRQHandler
                0x10000180                NvicMux25_IRQHandler
                0x10000180                NvicMux13_IRQHandler
                0x10000180                NvicMux11_IRQHandler
                0x10000180                NvicMux9_IRQHandler
                0x10000180                NvicMux18_IRQHandler
                0x10000180                NvicMux6_IRQHandler
                0x10000180                NvicMux22_IRQHandler
                0x10000180                NvicMux7_IRQHandler
                0x10000180                NvicMux2_IRQHandler
                0x10000180                NvicMux4_IRQHandler
                0x10000180                Default_Handler
                0x10000180                NvicMux30_IRQHandler
                0x10000180                NvicMux12_IRQHandler
                0x10000180                NvicMux5_IRQHandler
                0x10000180                NvicMux14_IRQHandler
                0x10000180                NvicMux3_IRQHandler
                0x10000180                SVC_Handler
                0x10000180                NvicMux1_IRQHandler
                0x10000180                NvicMux16_IRQHandler
                0x10000180                NvicMux29_IRQHandler
                0x10000180                NvicMux31_IRQHandler
                0x10000180                NvicMux24_IRQHandler
                0x10000180                NvicMux20_IRQHandler
                0x10000180                NvicMux15_IRQHandler
                0x10000180                NvicMux28_IRQHandler
                0x10000180                NvicMux23_IRQHandler
                0x10000184                HardFault_Handler
 .text.main     0x100001a0       0x20 .\CortexM0p\ARM_GCC_541\Debug\main_cm0p.o
                0x100001a0                main
 .text.Cy_SysIpcPipeIsrCm0
                0x100001c0        0xc .\CortexM0p\ARM_GCC_541\Debug\system_psoc6_cm0plus.o
                0x100001c0                Cy_SysIpcPipeIsrCm0
 .text.SystemCoreClockUpdate
                0x100001cc      0x1b0 .\CortexM0p\ARM_GCC_541\Debug\system_psoc6_cm0plus.o
                0x100001cc                SystemCoreClockUpdate
 .text.SystemInit
                0x1000037c       0xc8 .\CortexM0p\ARM_GCC_541\Debug\system_psoc6_cm0plus.o
                0x1000037c                SystemInit
 .text.Cy_SysGetCM4Status
                0x10000444       0x10 .\CortexM0p\ARM_GCC_541\Debug\system_psoc6_cm0plus.o
                0x10000444                Cy_SysGetCM4Status
 .text.Cy_SysResetCM4
                0x10000454       0x34 .\CortexM0p\ARM_GCC_541\Debug\system_psoc6_cm0plus.o
                0x10000454                Cy_SysResetCM4
 .text.Cy_SysEnableCM4
                0x10000488       0x5c .\CortexM0p\ARM_GCC_541\Debug\system_psoc6_cm0plus.o
                0x10000488                Cy_SysEnableCM4
 .text.CyClockStartupError
                0x100004e4        0x4 .\CortexM0p\ARM_GCC_541\Debug\cyfitter_cfg.o
 .text.AnalogSetDefault
                0x100004e8       0x10 .\CortexM0p\ARM_GCC_541\Debug\cyfitter_cfg.o
 .text.ClockInit
                0x100004f8      0x2b4 .\CortexM0p\ARM_GCC_541\Debug\cyfitter_cfg.o
 .text.Cy_SystemInit
                0x100007ac      0x134 .\CortexM0p\ARM_GCC_541\Debug\cyfitter_cfg.o
                0x100007ac                Cy_SystemInit
 .text.Cy_BLE_Start
                0x100008e0       0x2c .\CortexM0p\ARM_GCC_541\Debug\BLE.o
                0x100008e0                Cy_BLE_Start
 .text.Cy_SysInt_SetInterruptSource
                0x1000090c       0x78 .\CortexM0p\ARM_GCC_541\Debug\cy_sysint.o
                0x1000090c                Cy_SysInt_SetInterruptSource
 .text.Cy_SysInt_SetVector
                0x10000984       0x44 .\CortexM0p\ARM_GCC_541\Debug\cy_sysint.o
                0x10000984                Cy_SysInt_SetVector
 .text.Cy_SysInt_Init
                0x100009c8       0xc4 .\CortexM0p\ARM_GCC_541\Debug\cy_sysint.o
                0x100009c8                Cy_SysInt_Init
 .text.Cy_IPC_Drv_LockRelease
                0x10000a8c       0x40 .\CortexM0p\ARM_GCC_541\Debug\cy_ipc_drv.o
                0x10000a8c                Cy_IPC_Drv_LockRelease
 .text.Cy_IPC_Drv_SendMsgWord
                0x10000acc       0x40 .\CortexM0p\ARM_GCC_541\Debug\cy_ipc_drv.o
                0x10000acc                Cy_IPC_Drv_SendMsgWord
 .text.Cy_IPC_Drv_ReadMsgWord
                0x10000b0c       0x38 .\CortexM0p\ARM_GCC_541\Debug\cy_ipc_drv.o
                0x10000b0c                Cy_IPC_Drv_ReadMsgWord
 .text.Cy_IPC_Sema_InitExt
                0x10000b44       0xac .\CortexM0p\ARM_GCC_541\Debug\cy_ipc_sema.o
                0x10000b44                Cy_IPC_Sema_InitExt
 .text.Cy_IPC_Sema_Init
                0x10000bf0       0x68 .\CortexM0p\ARM_GCC_541\Debug\cy_ipc_sema.o
                0x10000bf0                Cy_IPC_Sema_Init
 .text.Cy_IPC_Sema_Set
                0x10000c58       0x8c .\CortexM0p\ARM_GCC_541\Debug\cy_ipc_sema.o
                0x10000c58                Cy_IPC_Sema_Set
 .text.Cy_IPC_Sema_Clear
                0x10000ce4       0x8c .\CortexM0p\ARM_GCC_541\Debug\cy_ipc_sema.o
                0x10000ce4                Cy_IPC_Sema_Clear
 .text.Cy_IPC_Sema_Status
                0x10000d70       0x3c .\CortexM0p\ARM_GCC_541\Debug\cy_ipc_sema.o
                0x10000d70                Cy_IPC_Sema_Status
 .text.Cy_IPC_Pipe_Config
                0x10000dac       0x14 .\CortexM0p\ARM_GCC_541\Debug\cy_ipc_pipe.o
                0x10000dac                Cy_IPC_Pipe_Config
 .text.Cy_IPC_Pipe_EndpointInit
                0x10000dc0       0xd8 .\CortexM0p\ARM_GCC_541\Debug\cy_ipc_pipe.o
                0x10000dc0                Cy_IPC_Pipe_EndpointInit
 .text.Cy_IPC_Pipe_Init
                0x10000e98       0xbc .\CortexM0p\ARM_GCC_541\Debug\cy_ipc_pipe.o
                0x10000e98                Cy_IPC_Pipe_Init
 .text.Cy_IPC_Pipe_SendMessage
                0x10000f54       0xb8 .\CortexM0p\ARM_GCC_541\Debug\cy_ipc_pipe.o
                0x10000f54                Cy_IPC_Pipe_SendMessage
 .text.Cy_IPC_Pipe_RegisterCallback
                0x1000100c       0x54 .\CortexM0p\ARM_GCC_541\Debug\cy_ipc_pipe.o
                0x1000100c                Cy_IPC_Pipe_RegisterCallback
 .text.Cy_IPC_Pipe_RegisterCallbackRel
                0x10001060       0x30 .\CortexM0p\ARM_GCC_541\Debug\cy_ipc_pipe.o
                0x10001060                Cy_IPC_Pipe_RegisterCallbackRel
 .text.Cy_IPC_Pipe_ExecCallback
                0x10001090       0xd0 .\CortexM0p\ARM_GCC_541\Debug\cy_ipc_pipe.o
                0x10001090                Cy_IPC_Pipe_ExecCallback
 .text.Cy_IPC_Pipe_ExecuteCallback
                0x10001160       0x30 .\CortexM0p\ARM_GCC_541\Debug\cy_ipc_pipe.o
                0x10001160                Cy_IPC_Pipe_ExecuteCallback
 .text.Cy_IPC_Pipe_EndpointPause
                0x10001190       0x50 .\CortexM0p\ARM_GCC_541\Debug\cy_ipc_pipe.o
                0x10001190                Cy_IPC_Pipe_EndpointPause
 .text.Cy_IPC_Pipe_EndpointResume
                0x100011e0       0x48 .\CortexM0p\ARM_GCC_541\Debug\cy_ipc_pipe.o
                0x100011e0                Cy_IPC_Pipe_EndpointResume
 .text.Cy_SysClk_ClkPathSetSource
                0x10001228       0x5c .\CortexM0p\ARM_GCC_541\Debug\cy_sysclk.o
                0x10001228                Cy_SysClk_ClkPathSetSource
 .text.Cy_SysClk_ClkPathGetSource
                0x10001284       0x4c .\CortexM0p\ARM_GCC_541\Debug\cy_sysclk.o
                0x10001284                Cy_SysClk_ClkPathGetSource
 .text.Cy_SysClk_FllManualConfigure
                0x100012d0      0x178 .\CortexM0p\ARM_GCC_541\Debug\cy_sysclk.o
                0x100012d0                Cy_SysClk_FllManualConfigure
 .text.Cy_SysClk_FllEnable
                0x10001448       0xdc .\CortexM0p\ARM_GCC_541\Debug\cy_sysclk.o
                0x10001448                Cy_SysClk_FllEnable
 .text.Cy_SysClk_StartClkMeasurementCounters
                0x10001524      0x19c .\CortexM0p\ARM_GCC_541\Debug\cy_sysclk.o
                0x10001524                Cy_SysClk_StartClkMeasurementCounters
 .text.Cy_SysClk_ClkMeasurementCountersGetFreq
                0x100016c0       0xbc .\CortexM0p\ARM_GCC_541\Debug\cy_sysclk.o
                0x100016c0                Cy_SysClk_ClkMeasurementCountersGetFreq
 .text.Cy_WDT_Unlock
                0x1000177c       0x24 .\CortexM0p\ARM_GCC_541\Debug\cy_wdt.o
                0x1000177c                Cy_WDT_Unlock
 .text.Cy_Flash_BoundsCheck
                0x100017a0        0xc .\CortexM0p\ARM_GCC_541\Debug\cy_flash.o
 .text.Cy_Flash_ProcessOpcode
                0x100017ac       0xbc .\CortexM0p\ARM_GCC_541\Debug\cy_flash.o
 .text.Cy_Flash_OperationStatus
                0x10001868       0x5c .\CortexM0p\ARM_GCC_541\Debug\cy_flash.o
 .text.Cy_Flash_InitExt
                0x100018c4       0x44 .\CortexM0p\ARM_GCC_541\Debug\cy_flash.o
                0x100018c4                Cy_Flash_InitExt
 .text.Cy_Flash_Init
                0x10001908       0x10 .\CortexM0p\ARM_GCC_541\Debug\cy_flash.o
                0x10001908                Cy_Flash_Init
 .text.Cy_Flash_WriteRow
                0x10001918       0xa0 .\CortexM0p\ARM_GCC_541\Debug\cy_flash.o
                0x10001918                Cy_Flash_WriteRow
 .text.Cy_Flash_IsOperationComplete
                0x100019b8        0x8 .\CortexM0p\ARM_GCC_541\Debug\cy_flash.o
                0x100019b8                Cy_Flash_IsOperationComplete
 .text.Cy_Flash_StartErase
                0x100019c0       0xac .\CortexM0p\ARM_GCC_541\Debug\cy_flash.o
                0x100019c0                Cy_Flash_StartErase
 .text.Cy_Flash_StartProgram
                0x10001a6c       0xb4 .\CortexM0p\ARM_GCC_541\Debug\cy_flash.o
                0x10001a6c                Cy_Flash_StartProgram
 .text.Cy_GPIO_Pin_Init
                0x10001b20      0x334 .\CortexM0p\ARM_GCC_541\Debug\cy_gpio.o
                0x10001b20                Cy_GPIO_Pin_Init
 .text.Cy_GPIO_Port_Init
                0x10001e54       0xdc .\CortexM0p\ARM_GCC_541\Debug\cy_gpio.o
                0x10001e54                Cy_GPIO_Port_Init
 .text.SetReadMarginTrimUlp
                0x10001f30       0x98 .\CortexM0p\ARM_GCC_541\Debug\cy_syspm.o
 .text.SetReadMarginTrimLp
                0x10001fc8       0x90 .\CortexM0p\ARM_GCC_541\Debug\cy_syspm.o
 .text.SetWriteAssistTrimUlp
                0x10002058       0x74 .\CortexM0p\ARM_GCC_541\Debug\cy_syspm.o
 .text.SetWriteAssistTrimLp
                0x100020cc       0x84 .\CortexM0p\ARM_GCC_541\Debug\cy_syspm.o
 .text.IsVoltageChangePossible
                0x10002150       0x58 .\CortexM0p\ARM_GCC_541\Debug\cy_syspm.o
 .text.Cy_SysPm_BuckIsOutputEnabled
                0x100021a8       0x5c .\CortexM0p\ARM_GCC_541\Debug\cy_syspm.o
                0x100021a8                Cy_SysPm_BuckIsOutputEnabled
 .text.Cy_SysPm_BuckSetVoltage2
                0x10002204       0x6c .\CortexM0p\ARM_GCC_541\Debug\cy_syspm.o
                0x10002204                Cy_SysPm_BuckSetVoltage2
 .text.Cy_SysPm_RegisterCallback
                0x10002270       0x5c .\CortexM0p\ARM_GCC_541\Debug\cy_syspm.o
                0x10002270                Cy_SysPm_RegisterCallback
 .text.Cy_SysPm_ExecuteCallback
                0x100022cc       0xd4 .\CortexM0p\ARM_GCC_541\Debug\cy_syspm.o
                0x100022cc                Cy_SysPm_ExecuteCallback
 .text.Cy_SysPm_CpuEnterSleep
                0x100023a0       0x8c .\CortexM0p\ARM_GCC_541\Debug\cy_syspm.o
                0x100023a0                Cy_SysPm_CpuEnterSleep
 .text.Cy_SysPm_IoUnfreeze
                0x1000242c       0x2c .\CortexM0p\ARM_GCC_541\Debug\cy_syspm.o
                0x1000242c                Cy_SysPm_IoUnfreeze
 .text.Cy_SysPm_WriteVoltageBitForFlash
                0x10002458      0x12c .\CortexM0p\ARM_GCC_541\Debug\cy_syspm.o
                0x10002458                Cy_SysPm_WriteVoltageBitForFlash
 .text.Cy_SysPm_BuckSetVoltage1
                0x10002584       0xa0 .\CortexM0p\ARM_GCC_541\Debug\cy_syspm.o
                0x10002584                Cy_SysPm_BuckSetVoltage1
 .text.Cy_SysPm_LdoSetVoltage
                0x10002624       0xd0 .\CortexM0p\ARM_GCC_541\Debug\cy_syspm.o
                0x10002624                Cy_SysPm_LdoSetVoltage
 .text.Cy_SysPm_SaveRegisters
                0x100026f4       0x80 .\CortexM0p\ARM_GCC_541\Debug\cy_syspm.o
                0x100026f4                Cy_SysPm_SaveRegisters
 .text.Cy_SysPm_RestoreRegisters
                0x10002774       0x7c .\CortexM0p\ARM_GCC_541\Debug\cy_syspm.o
                0x10002774                Cy_SysPm_RestoreRegisters
 .text.Cy_SysPm_CpuEnterDeepSleep
                0x100027f0       0xf8 .\CortexM0p\ARM_GCC_541\Debug\cy_syspm.o
                0x100027f0                Cy_SysPm_CpuEnterDeepSleep
 .text.Cy_SysLib_DelayUs
                0x100028e8       0x14 .\CortexM0p\ARM_GCC_541\Debug\cy_syslib.o
                0x100028e8                Cy_SysLib_DelayUs
 .text.Cy_SysLib_Halt
                0x100028fc        0x4 .\CortexM0p\ARM_GCC_541\Debug\cy_syslib.o
                0x100028fc                Cy_SysLib_Halt
 .text.Cy_SysLib_AssertFailed
                0x10002900       0x1c .\CortexM0p\ARM_GCC_541\Debug\cy_syslib.o
                0x10002900                Cy_SysLib_AssertFailed
 .text.Cy_SysLib_ClearFlashCacheAndBuffer
                0x1000291c       0x10 .\CortexM0p\ARM_GCC_541\Debug\cy_syslib.o
                0x1000291c                Cy_SysLib_ClearFlashCacheAndBuffer
 .text.Cy_SysLib_ResetBackupDomain
                0x1000292c       0x20 .\CortexM0p\ARM_GCC_541\Debug\cy_syslib.o
                0x1000292c                Cy_SysLib_ResetBackupDomain
 .text.Cy_SysLib_GetResetReason
                0x1000294c       0x1c .\CortexM0p\ARM_GCC_541\Debug\cy_syslib.o
                0x1000294c                Cy_SysLib_GetResetReason
 .text.Cy_SysLib_ProcessingFault
                0x10002968        0x4 .\CortexM0p\ARM_GCC_541\Debug\cy_syslib.o
                0x10002968                Cy_SysLib_ProcessingFault
 .text.Cy_SysLib_FaultHandler
                0x1000296c       0x30 .\CortexM0p\ARM_GCC_541\Debug\cy_syslib.o
                0x1000296c                Cy_SysLib_FaultHandler
 .text.Cy_SysLib_SetWaitStates
                0x1000299c       0xe0 .\CortexM0p\ARM_GCC_541\Debug\cy_syslib.o
                0x1000299c                Cy_SysLib_SetWaitStates
 *fill*         0x10002a7c        0x4 
 .text          0x10002a80       0x20 .\CortexM0p\ARM_GCC_541\Debug\cy_syslib_gcc.o
                0x10002a80                Cy_SysLib_DelayCycles
                0x10002a92                Cy_SysLib_EnterCriticalSection
                0x10002a9a                Cy_SysLib_ExitCriticalSection
 .text.Cy_SysTick_SetClockSource
                0x10002aa0       0x3c .\CortexM0p\ARM_GCC_541\Debug\cy_systick.o
                0x10002aa0                Cy_SysTick_SetClockSource
 .text.Cy_Prot_GetActivePC
                0x10002adc       0x34 .\CortexM0p\ARM_GCC_541\Debug\cy_prot.o
                0x10002adc                Cy_Prot_GetActivePC
 .text.Cy_PDL_Init
                0x10002b10        0xc .\CortexM0p\ARM_GCC_541\Debug\cy_device.o
                0x10002b10                Cy_PDL_Init
 .text.Cy_BLE_DeepSleepCallback
                0x10002b1c       0xb4 .\CortexM0p\ARM_GCC_541\Debug\cy_ble.o
                0x10002b1c                Cy_BLE_DeepSleepCallback
 .text.Cy_BLE_Init
                0x10002bd0       0x18 .\CortexM0p\ARM_GCC_541\Debug\cy_ble.o
                0x10002bd0                Cy_BLE_Init
 .text.Cy_BLE_Enable
                0x10002be8       0x7c .\CortexM0p\ARM_GCC_541\Debug\cy_ble.o
                0x10002be8                Cy_BLE_Enable
 .text.Cy_BLE_ConfigureExtPA
                0x10002c64       0x10 .\CortexM0p\ARM_GCC_541\Debug\cy_ble.o
                0x10002c64                Cy_BLE_ConfigureExtPA
 .text.Cy_BLE_BlessInterrupt
                0x10002c74        0x8 .\CortexM0p\ARM_GCC_541\Debug\cy_ble_hal_int.o
                0x10002c74                Cy_BLE_BlessInterrupt
 .text.Cy_BLE_IPC_CtrlMsgFlushRecvCallBack
                0x10002c7c       0x10 .\CortexM0p\ARM_GCC_541\Debug\cy_ble_hal_pvt.o
 .text.Cy_BLE_HAL_RadioCalibrationRead
                0x10002c8c       0x2c .\CortexM0p\ARM_GCC_541\Debug\cy_ble_hal_pvt.o
                0x10002c8c                Cy_BLE_HAL_RadioCalibrationRead
 .text.Cy_BLE_HAL_NvramWrite
                0x10002cb8      0x324 .\CortexM0p\ARM_GCC_541\Debug\cy_ble_hal_pvt.o
                0x10002cb8                Cy_BLE_HAL_NvramWrite
 .text.Cy_BLE_HAL_RadioCalibrationWrite
                0x10002fdc       0x2c .\CortexM0p\ARM_GCC_541\Debug\cy_ble_hal_pvt.o
                0x10002fdc                Cy_BLE_HAL_RadioCalibrationWrite
 .text.Cy_BLE_HAL_GetIcPackageType
                0x10003008        0x4 .\CortexM0p\ARM_GCC_541\Debug\cy_ble_hal_pvt.o
                0x10003008                Cy_BLE_HAL_GetIcPackageType
 .text.Cy_BLE_HAL_RadioGetAbsVbat
                0x1000300c       0x20 .\CortexM0p\ARM_GCC_541\Debug\cy_ble_hal_pvt.o
                0x1000300c                Cy_BLE_HAL_RadioGetAbsVbat
 .text.Cy_BLE_HAL_RadioGetAbsTemp
                0x1000302c       0x24 .\CortexM0p\ARM_GCC_541\Debug\cy_ble_hal_pvt.o
                0x1000302c                Cy_BLE_HAL_RadioGetAbsTemp
 .text.Cy_BLE_HAL_IsDefinedTx5dbm
                0x10003050        0x4 .\CortexM0p\ARM_GCC_541\Debug\cy_ble_hal_pvt.o
                0x10003050                Cy_BLE_HAL_IsDefinedTx5dbm
 .text.Cy_BLE_HAL_DelayUs
                0x10003054        0x8 .\CortexM0p\ARM_GCC_541\Debug\cy_ble_hal_pvt.o
                0x10003054                Cy_BLE_HAL_DelayUs
 .text.Cy_BLE_HAL_EnableBlessInterrupt
                0x1000305c       0x24 .\CortexM0p\ARM_GCC_541\Debug\cy_ble_hal_pvt.o
                0x1000305c                Cy_BLE_HAL_EnableBlessInterrupt
 .text.Cy_BLE_HAL_DisableBlessInterrupt
                0x10003080       0x30 .\CortexM0p\ARM_GCC_541\Debug\cy_ble_hal_pvt.o
                0x10003080                Cy_BLE_HAL_DisableBlessInterrupt
 .text.Cy_BLE_HAL_LfClkGetSource
                0x100030b0       0x14 .\CortexM0p\ARM_GCC_541\Debug\cy_ble_hal_pvt.o
                0x100030b0                Cy_BLE_HAL_LfClkGetSource
 .text.Cy_BLE_HAL_ClkMeasurementCountersDone
                0x100030c4       0x14 .\CortexM0p\ARM_GCC_541\Debug\cy_ble_hal_pvt.o
                0x100030c4                Cy_BLE_HAL_ClkMeasurementCountersDone
 .text.Cy_BLE_HAL_ClkMeasurementCountersGetFreq
                0x100030d8        0x8 .\CortexM0p\ARM_GCC_541\Debug\cy_ble_hal_pvt.o
                0x100030d8                Cy_BLE_HAL_ClkMeasurementCountersGetFreq
 .text.Cy_BLE_HAL_StartClkMeasurementCounters
                0x100030e0       0x2c .\CortexM0p\ARM_GCC_541\Debug\cy_ble_hal_pvt.o
                0x100030e0                Cy_BLE_HAL_StartClkMeasurementCounters
 .text.Cy_BLE_HAL_TryPiloTrim
                0x1000310c       0x78 .\CortexM0p\ARM_GCC_541\Debug\cy_ble_hal_pvt.o
                0x1000310c                Cy_BLE_HAL_TryPiloTrim
 .text.Cy_BLE_HAL_PiloTrim
                0x10003184       0x14 .\CortexM0p\ARM_GCC_541\Debug\cy_ble_hal_pvt.o
                0x10003184                Cy_BLE_HAL_PiloTrim
 .text.Cy_BLE_HAL_BlessStart
                0x10003198       0x40 .\CortexM0p\ARM_GCC_541\Debug\cy_ble_hal_pvt.o
                0x10003198                Cy_BLE_HAL_BlessStart
 .text.Cy_BLE_HAL_GetIpBlockVersion
                0x100031d8        0x4 .\CortexM0p\ARM_GCC_541\Debug\cy_ble_hal_pvt.o
                0x100031d8                Cy_BLE_HAL_GetIpBlockVersion
 .text.Cy_BLE_HAL_EnterCriticalSection
                0x100031dc        0x8 .\CortexM0p\ARM_GCC_541\Debug\cy_ble_hal_pvt.o
                0x100031dc                Cy_BLE_HAL_EnterCriticalSection
 .text.Cy_BLE_HAL_ExitCriticalSection
                0x100031e4        0x8 .\CortexM0p\ARM_GCC_541\Debug\cy_ble_hal_pvt.o
                0x100031e4                Cy_BLE_HAL_ExitCriticalSection
 .text.Cy_BLE_HAL_SysPmSleep
                0x100031ec        0x8 .\CortexM0p\ARM_GCC_541\Debug\cy_ble_hal_pvt.o
                0x100031ec                Cy_BLE_HAL_SysPmSleep
 .text.Cy_BLE_HAL_SimoBuckSetVoltage2
                0x100031f4        0xc .\CortexM0p\ARM_GCC_541\Debug\cy_ble_hal_pvt.o
                0x100031f4                Cy_BLE_HAL_SimoBuckSetVoltage2
 .text.Cy_BLE_HAL_EnableControllerIpcPipeInterrupt
                0x10003200        0xc .\CortexM0p\ARM_GCC_541\Debug\cy_ble_hal_pvt.o
                0x10003200                Cy_BLE_HAL_EnableControllerIpcPipeInterrupt
 .text.Cy_BLE_HAL_DisableControllerIpcPipeInterrupt
                0x1000320c        0xc .\CortexM0p\ARM_GCC_541\Debug\cy_ble_hal_pvt.o
                0x1000320c                Cy_BLE_HAL_DisableControllerIpcPipeInterrupt
 .text.Cy_BLE_IPC_ControllerRegisterClientCallbacks
                0x10003218       0x28 .\CortexM0p\ARM_GCC_541\Debug\cy_ble_hal_pvt.o
                0x10003218                Cy_BLE_IPC_ControllerRegisterClientCallbacks
 .text.Cy_BLE_IPC_SendMessageToHost
                0x10003240       0x20 .\CortexM0p\ARM_GCC_541\Debug\cy_ble_hal_pvt.o
                0x10003240                Cy_BLE_IPC_SendMessageToHost
 .text.Cy_BLE_HAL_RcbRegRead
                0x10003260       0x50 .\CortexM0p\ARM_GCC_541\Debug\cy_ble_clk.o
 .text.Cy_BLE_HAL_RcbRegWrite
                0x100032b0       0x4c .\CortexM0p\ARM_GCC_541\Debug\cy_ble_clk.o
 .text.Cy_BLE_HAL_MxdRadioEnableClocks
                0x100032fc      0x21c .\CortexM0p\ARM_GCC_541\Debug\cy_ble_clk.o
 .text.Cy_BLE_HAL_EcoSetTrim
                0x10003518       0x38 .\CortexM0p\ARM_GCC_541\Debug\cy_ble_clk.o
 .text.Cy_BLE_EcoStop
                0x10003550       0x18 .\CortexM0p\ARM_GCC_541\Debug\cy_ble_clk.o
                0x10003550                Cy_BLE_EcoStop
 .text.Cy_BLE_HAL_Init
                0x10003568       0x68 .\CortexM0p\ARM_GCC_541\Debug\cy_ble_clk.o
                0x10003568                Cy_BLE_HAL_Init
 .text.Cy_BLE_EcoStart
                0x100035d0      0x254 .\CortexM0p\ARM_GCC_541\Debug\cy_ble_clk.o
                0x100035d0                Cy_BLE_EcoStart
 .text.Cy_BLE_HAL_EcoGetFrequency
                0x10003824        0xc .\CortexM0p\ARM_GCC_541\Debug\cy_ble_clk.o
                0x10003824                Cy_BLE_HAL_EcoGetFrequency
 .text.Cy_BLE_HAL_IsEcoCpuClockSrc
                0x10003830       0x20 .\CortexM0p\ARM_GCC_541\Debug\cy_ble_clk.o
                0x10003830                Cy_BLE_HAL_IsEcoCpuClockSrc
 .text.Cy_BLE_HAL_IsWcoLfclkSrc
                0x10003850       0x24 .\CortexM0p\ARM_GCC_541\Debug\cy_ble_clk.o
                0x10003850                Cy_BLE_HAL_IsWcoLfclkSrc
 .text          0x10003874      0x114 c:/program files (x86)/cypress/psoc creator/4.4/psoc creator/import/gnu/arm/5.4.1/bin/../lib/gcc/arm-none-eabi/5.4.1/armv6-m\libgcc.a(_udivsi3.o)
                0x10003874                __aeabi_uidiv
                0x10003874                __udivsi3
                0x10003980                __aeabi_uidivmod
 .text          0x10003988      0x1d4 c:/program files (x86)/cypress/psoc creator/4.4/psoc creator/import/gnu/arm/5.4.1/bin/../lib/gcc/arm-none-eabi/5.4.1/armv6-m\libgcc.a(_divsi3.o)
                0x10003988                __divsi3
                0x10003988                __aeabi_idiv
                0x10003b54                __aeabi_idivmod
 .text          0x10003b5c        0x4 c:/program files (x86)/cypress/psoc creator/4.4/psoc creator/import/gnu/arm/5.4.1/bin/../lib/gcc/arm-none-eabi/5.4.1/armv6-m\libgcc.a(_dvmd_tls.o)
                0x10003b5c                __aeabi_idiv0
                0x10003b5c                __aeabi_ldiv0
 .text          0x10003b60       0x40 c:/program files (x86)/cypress/psoc creator/4.4/psoc creator/import/gnu/arm/5.4.1/bin/../lib/gcc/arm-none-eabi/5.4.1/armv6-m\libgcc.a(_aeabi_uldivmod.o)
                0x10003b60                __aeabi_uldivmod
 .text          0x10003ba0       0x58 c:/program files (x86)/cypress/psoc creator/4.4/psoc creator/import/gnu/arm/5.4.1/bin/../lib/gcc/arm-none-eabi/5.4.1/armv6-m\libgcc.a(_muldi3.o)
                0x10003ba0                __muldi3
                0x10003ba0                __aeabi_lmul
 .text          0x10003bf8       0x3c c:/program files (x86)/cypress/psoc creator/4.4/psoc creator/import/gnu/arm/5.4.1/bin/../lib/gcc/arm-none-eabi/5.4.1/armv6-m\libgcc.a(_fixunsdfsi.o)
                0x10003bf8                __aeabi_d2uiz
                0x10003bf8                __fixunsdfsi
 .text          0x10003c34      0x180 c:/program files (x86)/cypress/psoc creator/4.4/psoc creator/import/gnu/arm/5.4.1/bin/../lib/gcc/arm-none-eabi/5.4.1/armv6-m\libgcc.a(_udivmoddi4.o)
                0x10003c34                __udivmoddi4
 .text          0x10003db4      0x62c c:/program files (x86)/cypress/psoc creator/4.4/psoc creator/import/gnu/arm/5.4.1/bin/../lib/gcc/arm-none-eabi/5.4.1/armv6-m\libgcc.a(divdf3.o)
                0x10003db4                __aeabi_ddiv
 .text          0x100043e0      0x4f4 c:/program files (x86)/cypress/psoc creator/4.4/psoc creator/import/gnu/arm/5.4.1/bin/../lib/gcc/arm-none-eabi/5.4.1/armv6-m\libgcc.a(muldf3.o)
                0x100043e0                __aeabi_dmul
 .text          0x100048d4      0x6a8 c:/program files (x86)/cypress/psoc creator/4.4/psoc creator/import/gnu/arm/5.4.1/bin/../lib/gcc/arm-none-eabi/5.4.1/armv6-m\libgcc.a(subdf3.o)
                0x100048d4                __aeabi_dsub
 .text          0x10004f7c       0x6c c:/program files (x86)/cypress/psoc creator/4.4/psoc creator/import/gnu/arm/5.4.1/bin/../lib/gcc/arm-none-eabi/5.4.1/armv6-m\libgcc.a(fixdfsi.o)
                0x10004f7c                __aeabi_d2iz
 .text          0x10004fe8       0x70 c:/program files (x86)/cypress/psoc creator/4.4/psoc creator/import/gnu/arm/5.4.1/bin/../lib/gcc/arm-none-eabi/5.4.1/armv6-m\libgcc.a(floatunsidf.o)
                0x10004fe8                __aeabi_ui2d
 .text          0x10005058       0x7c c:/program files (x86)/cypress/psoc creator/4.4/psoc creator/import/gnu/arm/5.4.1/bin/../lib/gcc/arm-none-eabi/5.4.1/armv6-m\libgcc.a(_arm_cmpdf2.o)
                0x10005058                __aeabi_cdrcmple
                0x10005068                __aeabi_cdcmple
                0x10005068                __aeabi_cdcmpeq
                0x10005078                __aeabi_dcmpeq
                0x10005084                __aeabi_dcmplt
                0x10005098                __aeabi_dcmple
                0x100050ac                __aeabi_dcmpgt
                0x100050c0                __aeabi_dcmpge
 .text          0x100050d4       0x3c c:/program files (x86)/cypress/psoc creator/4.4/psoc creator/import/gnu/arm/5.4.1/bin/../lib/gcc/arm-none-eabi/5.4.1/armv6-m\libgcc.a(_clzsi2.o)
                0x100050d4                __clzsi2
 .text          0x10005110       0x18 c:/program files (x86)/cypress/psoc creator/4.4/psoc creator/import/gnu/arm/5.4.1/bin/../lib/gcc/arm-none-eabi/5.4.1/armv6-m\libgcc.a(_clzdi2.o)
                0x10005110                __clzdi2
 .text          0x10005128       0x80 c:/program files (x86)/cypress/psoc creator/4.4/psoc creator/import/gnu/arm/5.4.1/bin/../lib/gcc/arm-none-eabi/5.4.1/armv6-m\libgcc.a(eqdf2.o)
                0x10005128                __nedf2
                0x10005128                __eqdf2
 .text          0x100051a8       0xc8 c:/program files (x86)/cypress/psoc creator/4.4/psoc creator/import/gnu/arm/5.4.1/bin/../lib/gcc/arm-none-eabi/5.4.1/armv6-m\libgcc.a(gedf2.o)
                0x100051a8                __gedf2
                0x100051a8                __gtdf2
 .text          0x10005270       0xd4 c:/program files (x86)/cypress/psoc creator/4.4/psoc creator/import/gnu/arm/5.4.1/bin/../lib/gcc/arm-none-eabi/5.4.1/armv6-m\libgcc.a(ledf2.o)
                0x10005270                __ledf2
                0x10005270                __ltdf2
 .text.memcmp   0x10005344       0x1e c:/program files (x86)/cypress/psoc creator/4.4/psoc creator/import/gnu/arm/5.4.1/bin/../lib/gcc/arm-none-eabi/5.4.1/../../../../arm-none-eabi/lib/armv6-m\libg_nano.a(lib_a-memcmp.o)
                0x10005344                memcmp
 .text.memcpy   0x10005362       0x12 c:/program files (x86)/cypress/psoc creator/4.4/psoc creator/import/gnu/arm/5.4.1/bin/../lib/gcc/arm-none-eabi/5.4.1/../../../../arm-none-eabi/lib/armv6-m\libg_nano.a(lib_a-memcpy-stub.o)
                0x10005362                memcpy
 .text.memset   0x10005374       0x10 c:/program files (x86)/cypress/psoc creator/4.4/psoc creator/import/gnu/arm/5.4.1/bin/../lib/gcc/arm-none-eabi/5.4.1/../../../../arm-none-eabi/lib/armv6-m\libg_nano.a(lib_a-memset.o)
                0x10005374                memset
 .text.strncpy  0x10005384       0x26 c:/program files (x86)/cypress/psoc creator/4.4/psoc creator/import/gnu/arm/5.4.1/bin/../lib/gcc/arm-none-eabi/5.4.1/../../../../arm-none-eabi/lib/armv6-m\libg_nano.a(lib_a-strncpy.o)
                0x10005384                strncpy
 *(.init)
 *fill*         0x100053aa        0x2 
 .init          0x100053ac        0x4 c:/program files (x86)/cypress/psoc creator/4.4/psoc creator/import/gnu/arm/5.4.1/bin/../lib/gcc/arm-none-eabi/5.4.1/armv6-m/crti.o
                0x100053ac                _init
 .init          0x100053b0        0x8 c:/program files (x86)/cypress/psoc creator/4.4/psoc creator/import/gnu/arm/5.4.1/bin/../lib/gcc/arm-none-eabi/5.4.1/armv6-m/crtn.o
 *(.fini)
 .fini          0x100053b8        0x4 c:/program files (x86)/cypress/psoc creator/4.4/psoc creator/import/gnu/arm/5.4.1/bin/../lib/gcc/arm-none-eabi/5.4.1/armv6-m/crti.o
                0x100053b8                _fini
 .fini          0x100053bc        0x8 c:/program files (x86)/cypress/psoc creator/4.4/psoc creator/import/gnu/arm/5.4.1/bin/../lib/gcc/arm-none-eabi/5.4.1/armv6-m/crtn.o
 *fill*         0x100053c4        0x4 
 .fini.__stub   0x100053c8       0x20 linker stubs
 *crtbegin.o(.ctors)
 *crtbegin?.o(.ctors)
 *(EXCLUDE_FILE(*crtend.o *crtend?.o) .ctors)
 *(SORT(.ctors.*))
 *(.ctors)
 *crtbegin.o(.dtors)
 *crtbegin?.o(.dtors)
 *(EXCLUDE_FILE(*crtend.o *crtend?.o) .dtors)
 *(SORT(.dtors.*))
 *(.dtors)
 *(.rodata .rodata.* .constdata .constdata.* .conststring .conststring.*)
 .rodata        0x100053e8       0x34 .\CortexM0p\ARM_GCC_541\Debug\system_psoc6_cm0plus.o
 .rodata.str1.4
                0x1000541c       0x17 .\CortexM0p\ARM_GCC_541\Debug\system_psoc6_cm0plus.o
 *fill*         0x10005433        0x1 
 .rodata        0x10005434        0x8 .\CortexM0p\ARM_GCC_541\Debug\cyfitter_sysint_cfg.o
                0x10005434                BLE_PM_bless_isr_cfg
 .rodata        0x1000543c       0x5c .\CortexM0p\ARM_GCC_541\Debug\cyfitter_cfg.o
 .rodata.str1.4
                0x10005498       0x41 .\CortexM0p\ARM_GCC_541\Debug\cy_sysint.o
 *fill*         0x100054d9        0x3 
 .rodata.str1.4
                0x100054dc       0x7f .\CortexM0p\ARM_GCC_541\Debug\cy_ipc_drv.o
 .rodata.str1.4
                0x1000555b       0x3f .\CortexM0p\ARM_GCC_541\Debug\cy_ipc_sema.o
 *fill*         0x1000555b        0x1 
 .rodata.str1.4
                0x1000555c       0x40 .\CortexM0p\ARM_GCC_541\Debug\cy_ipc_pipe.o
                                 0x7f (size before relaxing)
 .rodata.str1.4
                0x1000559c       0x85 .\CortexM0p\ARM_GCC_541\Debug\cy_sysclk.o
 *fill*         0x10005621        0x3 
 .rodata.str1.4
                0x10005624       0x3f .\CortexM0p\ARM_GCC_541\Debug\cy_flash.o
 *fill*         0x10005663        0x1 
 .rodata.str1.4
                0x10005664       0x7d .\CortexM0p\ARM_GCC_541\Debug\cy_gpio.o
 *fill*         0x100056e1        0x3 
 .rodata.str1.4
                0x100056e4       0x3f .\CortexM0p\ARM_GCC_541\Debug\cy_syspm.o
                                 0x7f (size before relaxing)
 *fill*         0x10005723        0x1 
 .rodata.str1.4
                0x10005724       0x3d .\CortexM0p\ARM_GCC_541\Debug\cy_prot.o
 *fill*         0x10005761        0x3 
 .rodata        0x10005764      0x170 .\CortexM0p\ARM_GCC_541\Debug\cy_device.o
                0x10005764                cy_deviceIpBlockCfgPSoC6_02
                0x1000581c                cy_deviceIpBlockCfgPSoC6_01
 .rodata.str1.4
                0x100058d4       0x3c .\CortexM0p\ARM_GCC_541\Debug\cy_ble_hal_pvt.o
                                 0x3b (size before relaxing)
 .rodata        0x10005910       0x6c .\CortexM0p\ARM_GCC_541\Debug\cy_ble_clk.o
 .constdata     0x1000597c       0x4c Generated_Source\PSoC6\pdl\middleware\ble\lib\cy_ble_stack_gcc_controller_ipc_cm0p.a(config_bin.o)
                0x1000597c                bt_cfg_pdata
 .constdata     0x100059c8       0x10 Generated_Source\PSoC6\pdl\middleware\ble\lib\cy_ble_stack_gcc_controller_ipc_cm0p.a(ll_connection.o)
                0x100059c8                g_slave_clock_accuracy
 .constdata     0x100059d8      0x102 Generated_Source\PSoC6\pdl\middleware\ble\lib\cy_ble_stack_gcc_controller_ipc_cm0p.a(ll_pdu.o)
                0x100059d8                enc_valid_pdu_list
                0x100059e0                fp_ll_pdu_handlers
                0x10005a44                fp_ll_pdu_ack_handlers
                0x10005aa8                ll_pdu_valid_length
 *fill*         0x10005ada        0x2 
 .constdata     0x10005adc       0x88 Generated_Source\PSoC6\pdl\middleware\ble\lib\cy_ble_stack_gcc_controller_ipc_cm0p.a(ll_privacy.o)
 .constdata     0x10005b64       0x40 Generated_Source\PSoC6\pdl\middleware\ble\lib\cy_ble_stack_gcc_controller_ipc_cm0p.a(ll_dle.o)
 .constdata     0x10005ba4       0x50 Generated_Source\PSoC6\pdl\middleware\ble\lib\cy_ble_stack_gcc_controller_ipc_cm0p.a(ll_phy_update.o)
 .constdata     0x10005bf4       0x84 Generated_Source\PSoC6\pdl\middleware\ble\lib\cy_ble_stack_gcc_controller_ipc_cm0p.a(lec_hci_le_commands.o)
 .constdata     0x10005c78       0x84 Generated_Source\PSoC6\pdl\middleware\ble\lib\cy_ble_stack_gcc_controller_ipc_cm0p.a(lec_hci_le_commands.o)
 .constdata     0x10005cfc       0x84 Generated_Source\PSoC6\pdl\middleware\ble\lib\cy_ble_stack_gcc_controller_ipc_cm0p.a(lec_hci_le_commands.o)
 .constdata     0x10005d80       0x21 Generated_Source\PSoC6\pdl\middleware\ble\lib\cy_ble_stack_gcc_controller_ipc_cm0p.a(lec_hci_le_commands.o)
 .constdata     0x10005da1       0x40 Generated_Source\PSoC6\pdl\middleware\ble\lib\cy_ble_stack_gcc_controller_ipc_cm0p.a(lec_hci_le_common_commands.o)
                0x10005da1                Cu8_hci_le_supported_commands_array
 *fill*         0x10005de1        0x3 
 .constdata     0x10005de4       0xcc Generated_Source\PSoC6\pdl\middleware\ble\lib\cy_ble_stack_gcc_controller_ipc_cm0p.a(lec_hci_le_privacy.o)
 .constdata     0x10005eb0        0xc Generated_Source\PSoC6\pdl\middleware\ble\lib\cy_ble_stack_gcc_controller_ipc_cm0p.a(lec_hci_le_privacy.o)
 .constdata     0x10005ebc       0x60 Generated_Source\PSoC6\pdl\middleware\ble\lib\cy_ble_stack_gcc_controller_ipc_cm0p.a(lec_hci_le_dle.o)
 .constdata     0x10005f1c       0x78 Generated_Source\PSoC6\pdl\middleware\ble\lib\cy_ble_stack_gcc_controller_ipc_cm0p.a(lec_hci_le_phy_update.o)
 .conststring   0x10005f94       0x87 Generated_Source\PSoC6\pdl\middleware\ble\lib\cy_ble_stack_gcc_controller_ipc_cm0p.a(drbg.o)
 *fill*         0x1000601b        0x1 
 .constdata     0x1000601c       0x60 Generated_Source\PSoC6\pdl\middleware\ble\lib\cy_ble_stack_gcc_radio_max_cm0p.a(CyBlessVer3.o)
                0x1000601c                rssiMap
 .rodata        0x1000607c       0x40 c:/program files (x86)/cypress/psoc creator/4.4/psoc creator/import/gnu/arm/5.4.1/bin/../lib/gcc/arm-none-eabi/5.4.1/armv6-m\libgcc.a(divdf3.o)
 .rodata        0x100060bc       0x40 c:/program files (x86)/cypress/psoc creator/4.4/psoc creator/import/gnu/arm/5.4.1/bin/../lib/gcc/arm-none-eabi/5.4.1/armv6-m\libgcc.a(muldf3.o)
 *(.eh_frame*)
 .eh_frame      0x100060fc        0x0 c:/program files (x86)/cypress/psoc creator/4.4/psoc creator/import/gnu/arm/5.4.1/bin/../lib/gcc/arm-none-eabi/5.4.1/armv6-m/crtbegin.o
 .eh_frame      0x100060fc        0x4 c:/program files (x86)/cypress/psoc creator/4.4/psoc creator/import/gnu/arm/5.4.1/bin/../lib/gcc/arm-none-eabi/5.4.1/armv6-m/crtend.o

.glue_7         0x10006100        0x0
 .glue_7        0x10006100        0x0 linker stubs

.glue_7t        0x10006100        0x0
 .glue_7t       0x10006100        0x0 linker stubs

.vfp11_veneer   0x10006100        0x0
 .vfp11_veneer  0x10006100        0x0 linker stubs

.v4_bx          0x10006100        0x0
 .v4_bx         0x10006100        0x0 linker stubs

.iplt           0x10006100        0x0
 .iplt          0x10006100        0x0 c:/program files (x86)/cypress/psoc creator/4.4/psoc creator/import/gnu/arm/5.4.1/bin/../lib/gcc/arm-none-eabi/5.4.1/armv6-m/crtbegin.o

i.CyBleStackMgr_Init
                0x10006100       0xf8
 i.CyBleStackMgr_Init
                0x10006100       0xf8 Generated_Source\PSoC6\pdl\middleware\ble\lib\cy_ble_stack_gcc_controller_ipc_cm0p.a(CyBleStackMgrIP_Interface.o)
                0x10006100                CyBleStackMgr_Init

i.CyBleStackMgr_ProcessBleEvents
                0x100061f8       0x2c
 i.CyBleStackMgr_ProcessBleEvents
                0x100061f8       0x2c Generated_Source\PSoC6\pdl\middleware\ble\lib\cy_ble_stack_gcc_controller_ipc_cm0p.a(CyBleStackMgrIP_Interface.o)
                0x100061f8                CyBleStackMgr_ProcessBleEvents

i.CyBleStackMgr_Shutdown
                0x10006224       0x28
 i.CyBleStackMgr_Shutdown
                0x10006224       0x28 Generated_Source\PSoC6\pdl\middleware\ble\lib\cy_ble_stack_gcc_controller_ipc_cm0p.a(CyBleStackMgrIP_Interface.o)
                0x10006224                CyBleStackMgr_Shutdown

i.CyBle_GetHeapConfig
                0x1000624c        0x8
 i.CyBle_GetHeapConfig
                0x1000624c        0x8 Generated_Source\PSoC6\pdl\middleware\ble\lib\cy_ble_stack_gcc_controller_ipc_cm0p.a(CyBleStackMgrIP_Interface.o)
                0x1000624c                CyBle_GetHeapConfig

i.CyBle_GetHeapMemory
                0x10006254       0x3c
 i.CyBle_GetHeapMemory
                0x10006254       0x3c Generated_Source\PSoC6\pdl\middleware\ble\lib\cy_ble_stack_gcc_controller_ipc_cm0p.a(CyBleStackMgrIP_Interface.o)
                0x10006254                CyBle_GetHeapMemory

i.CyBle_StackGetConfigPtr
                0x10006290        0x8
 i.CyBle_StackGetConfigPtr
                0x10006290        0x8 Generated_Source\PSoC6\pdl\middleware\ble\lib\cy_ble_stack_gcc_controller_ipc_cm0p.a(CyBleStackMgrIP_Interface.o)
                0x10006290                CyBle_StackGetConfigPtr

i.Cy_BLE_GetStackLibraryVersion
                0x10006298       0x20
 i.Cy_BLE_GetStackLibraryVersion
                0x10006298       0x20 Generated_Source\PSoC6\pdl\middleware\ble\lib\cy_ble_stack_gcc_controller_ipc_cm0p.a(CyBleStackMgrIP_Interface.o)
                0x10006298                Cy_BLE_GetStackLibraryVersion

i.Cy_BLE_ProcessEvents
                0x100062b8        0x8
 i.Cy_BLE_ProcessEvents
                0x100062b8        0x8 Generated_Source\PSoC6\pdl\middleware\ble\lib\cy_ble_stack_gcc_controller_ipc_cm0p.a(CyBleStackMgrIP_Interface.o)
                0x100062b8                Cy_BLE_ProcessEvents

i.Cy_BLE_StackEnterLPM
                0x100062c0        0x8
 i.Cy_BLE_StackEnterLPM
                0x100062c0        0x8 Generated_Source\PSoC6\pdl\middleware\ble\lib\cy_ble_stack_gcc_controller_ipc_cm0p.a(CyBleStackMgrIP_Interface.o)
                0x100062c0                Cy_BLE_StackEnterLPM

i.Cy_BLE_StackGetBleSsState
                0x100062c8        0x8
 i.Cy_BLE_StackGetBleSsState
                0x100062c8        0x8 Generated_Source\PSoC6\pdl\middleware\ble\lib\cy_ble_stack_gcc_controller_ipc_cm0p.a(CyBleStackMgrIP_Interface.o)
                0x100062c8                Cy_BLE_StackGetBleSsState

i.Cy_BLE_StackInit
                0x100062d0       0x58
 i.Cy_BLE_StackInit
                0x100062d0       0x58 Generated_Source\PSoC6\pdl\middleware\ble\lib\cy_ble_stack_gcc_controller_ipc_cm0p.a(CyBleStackMgrIP_Interface.o)
                0x100062d0                Cy_BLE_StackInit

i.Cy_BLE_StackSetFeatureConfig
                0x10006328       0x54
 i.Cy_BLE_StackSetFeatureConfig
                0x10006328       0x54 Generated_Source\PSoC6\pdl\middleware\ble\lib\cy_ble_stack_gcc_controller_ipc_cm0p.a(CyBleStackMgrIP_Interface.o)
                0x10006328                Cy_BLE_StackSetFeatureConfig

i.ble_stack_idle_task_callback
                0x1000637c        0x2
 i.ble_stack_idle_task_callback
                0x1000637c        0x2 Generated_Source\PSoC6\pdl\middleware\ble\lib\cy_ble_stack_gcc_controller_ipc_cm0p.a(CyBleStackMgrIP_Interface.o)
                0x1000637c                ble_stack_idle_task_callback

i.CyBleStackMgr_GetTime
                0x10006380       0x28
 i.CyBleStackMgr_GetTime
                0x10006380       0x28 Generated_Source\PSoC6\pdl\middleware\ble\lib\cy_ble_stack_gcc_controller_ipc_cm0p.a(CyBleStackMgr_PSoCHal.o)
                0x10006380                CyBleStackMgr_GetTime

i.CyBleStackMgr_HalInit
                0x100063a8       0x1c
 i.CyBleStackMgr_HalInit
                0x100063a8       0x1c Generated_Source\PSoC6\pdl\middleware\ble\lib\cy_ble_stack_gcc_controller_ipc_cm0p.a(CyBleStackMgr_PSoCHal.o)
                0x100063a8                CyBleStackMgr_HalInit

i.CyBleStackMgr_HalIntrEnable
                0x100063c4        0xc
 i.CyBleStackMgr_HalIntrEnable
                0x100063c4        0xc Generated_Source\PSoC6\pdl\middleware\ble\lib\cy_ble_stack_gcc_controller_ipc_cm0p.a(CyBleStackMgr_PSoCHal.o)
                0x100063c4                CyBleStackMgr_HalIntrEnable

i.CyBleStackMgr_HciPortInit
                0x100063d0       0x18
 i.CyBleStackMgr_HciPortInit
                0x100063d0       0x18 Generated_Source\PSoC6\pdl\middleware\ble\lib\cy_ble_stack_gcc_controller_ipc_cm0p.a(CyBleStackMgr_PSoCHal.o)
                0x100063d0                CyBleStackMgr_HciPortInit

i.CyBleStackMgr_HciPortReset
                0x100063e8        0x8
 i.CyBleStackMgr_HciPortReset
                0x100063e8        0x8 Generated_Source\PSoC6\pdl\middleware\ble\lib\cy_ble_stack_gcc_controller_ipc_cm0p.a(CyBleStackMgr_PSoCHal.o)
                0x100063e8                CyBleStackMgr_HciPortReset

i.CyBleStackMgr_HciPortWrite
                0x100063f0        0x8
 i.CyBleStackMgr_HciPortWrite
                0x100063f0        0x8 Generated_Source\PSoC6\pdl\middleware\ble\lib\cy_ble_stack_gcc_controller_ipc_cm0p.a(CyBleStackMgr_PSoCHal.o)
                0x100063f0                CyBleStackMgr_HciPortWrite

i.CyBleStackMgr_TimerStart
                0x100063f8       0x20
 i.CyBleStackMgr_TimerStart
                0x100063f8       0x20 Generated_Source\PSoC6\pdl\middleware\ble\lib\cy_ble_stack_gcc_controller_ipc_cm0p.a(CyBleStackMgr_PSoCHal.o)
                0x100063f8                CyBleStackMgr_TimerStart

i.CyBleStackMgr_TimerStop
                0x10006418       0x18
 i.CyBleStackMgr_TimerStop
                0x10006418       0x18 Generated_Source\PSoC6\pdl\middleware\ble\lib\cy_ble_stack_gcc_controller_ipc_cm0p.a(CyBleStackMgr_PSoCHal.o)
                0x10006418                CyBleStackMgr_TimerStop

i.CyBleStackMgr_isTimerRunning
                0x10006430        0xc
 i.CyBleStackMgr_isTimerRunning
                0x10006430        0xc Generated_Source\PSoC6\pdl\middleware\ble\lib\cy_ble_stack_gcc_controller_ipc_cm0p.a(CyBleStackMgr_PSoCHal.o)
                0x10006430                CyBleStackMgr_isTimerRunning

i.CyBleStackMgr_BleSSFifoRead
                0x1000643c       0x3c
 i.CyBleStackMgr_BleSSFifoRead
                0x1000643c       0x3c Generated_Source\PSoC6\pdl\middleware\ble\lib\cy_ble_stack_gcc_controller_ipc_cm0p.a(CyBleStackMgr_BleSSDriver.o)
                0x1000643c                CyBleStackMgr_BleSSFifoRead

i.CyBleStackMgr_BleSSFifoWrite
                0x10006478       0x30
 i.CyBleStackMgr_BleSSFifoWrite
                0x10006478       0x30 Generated_Source\PSoC6\pdl\middleware\ble\lib\cy_ble_stack_gcc_controller_ipc_cm0p.a(CyBleStackMgr_BleSSDriver.o)
                0x10006478                CyBleStackMgr_BleSSFifoWrite

i.CyBleStackMgr_BleSSInit
                0x100064a8       0xac
 i.CyBleStackMgr_BleSSInit
                0x100064a8       0xac Generated_Source\PSoC6\pdl\middleware\ble\lib\cy_ble_stack_gcc_controller_ipc_cm0p.a(CyBleStackMgr_BleSSDriver.o)
                0x100064a8                CyBleStackMgr_BleSSInit

i.CyBleStackMgr_BleSSMemRead
                0x10006554       0x30
 i.CyBleStackMgr_BleSSMemRead
                0x10006554       0x30 Generated_Source\PSoC6\pdl\middleware\ble\lib\cy_ble_stack_gcc_controller_ipc_cm0p.a(CyBleStackMgr_BleSSDriver.o)
                0x10006554                CyBleStackMgr_BleSSMemRead

i.CyBleStackMgr_BleSSMemWrite
                0x10006584       0x34
 i.CyBleStackMgr_BleSSMemWrite
                0x10006584       0x34 Generated_Source\PSoC6\pdl\middleware\ble\lib\cy_ble_stack_gcc_controller_ipc_cm0p.a(CyBleStackMgr_BleSSDriver.o)
                0x10006584                CyBleStackMgr_BleSSMemWrite

i.CyBleStackMgr_BleSSMemWriteFields
                0x100065b8       0x70
 i.CyBleStackMgr_BleSSMemWriteFields
                0x100065b8       0x70 Generated_Source\PSoC6\pdl\middleware\ble\lib\cy_ble_stack_gcc_controller_ipc_cm0p.a(CyBleStackMgr_BleSSDriver.o)
                0x100065b8                CyBleStackMgr_BleSSMemWriteFields

i.CyBleStackMgr_BleSSReset
                0x10006628       0x34
 i.CyBleStackMgr_BleSSReset
                0x10006628       0x34 Generated_Source\PSoC6\pdl\middleware\ble\lib\cy_ble_stack_gcc_controller_ipc_cm0p.a(CyBleStackMgr_BleSSDriver.o)
                0x10006628                CyBleStackMgr_BleSSReset

i.CyBleStackMgr_BleSSShutdown
                0x1000665c       0x34
 i.CyBleStackMgr_BleSSShutdown
                0x1000665c       0x34 Generated_Source\PSoC6\pdl\middleware\ble\lib\cy_ble_stack_gcc_controller_ipc_cm0p.a(CyBleStackMgr_BleSSDriver.o)
                0x1000665c                CyBleStackMgr_BleSSShutdown

i.CyBleStackMgr_GenericIface
                0x10006690       0x58
 i.CyBleStackMgr_GenericIface
                0x10006690       0x58 Generated_Source\PSoC6\pdl\middleware\ble\lib\cy_ble_stack_gcc_controller_ipc_cm0p.a(CyBleStackMgr_BleSSDriver.o)
                0x10006690                CyBleStackMgr_GenericIface

i.CyBleStackMgr_HandleBleSSIntr
                0x100066e8       0x70
 i.CyBleStackMgr_HandleBleSSIntr
                0x100066e8       0x70 Generated_Source\PSoC6\pdl\middleware\ble\lib\cy_ble_stack_gcc_controller_ipc_cm0p.a(CyBleStackMgr_BleSSDriver.o)
                0x100066e8                CyBleStackMgr_HandleBleSSIntr

i.CyBle_ControllerGetBleClockCfgParam
                0x10006758       0x20
 i.CyBle_ControllerGetBleClockCfgParam
                0x10006758       0x20 Generated_Source\PSoC6\pdl\middleware\ble\lib\cy_ble_stack_gcc_controller_ipc_cm0p.a(CyBleStackMgr_BleSSDriver.o)
                0x10006758                CyBle_ControllerGetBleClockCfgParam

i.CyBle_ControllerGetTxPowerLevel
                0x10006778       0x3c
 i.CyBle_ControllerGetTxPowerLevel
                0x10006778       0x3c Generated_Source\PSoC6\pdl\middleware\ble\lib\cy_ble_stack_gcc_controller_ipc_cm0p.a(CyBleStackMgr_BleSSDriver.o)
                0x10006778                CyBle_ControllerGetTxPowerLevel

i.CyBle_ControllerSetBleClockCfgParam
                0x100067b4       0x30
 i.CyBle_ControllerSetBleClockCfgParam
                0x100067b4       0x30 Generated_Source\PSoC6\pdl\middleware\ble\lib\cy_ble_stack_gcc_controller_ipc_cm0p.a(CyBleStackMgr_BleSSDriver.o)
                0x100067b4                CyBle_ControllerSetBleClockCfgParam

i.CyBle_ControllerSetDcxoLdoTrim
                0x100067e4       0x1c
 i.CyBle_ControllerSetDcxoLdoTrim
                0x100067e4       0x1c Generated_Source\PSoC6\pdl\middleware\ble\lib\cy_ble_stack_gcc_controller_ipc_cm0p.a(CyBleStackMgr_BleSSDriver.o)
                0x100067e4                CyBle_ControllerSetDcxoLdoTrim

i.CyBle_ControllerSetTxPowerLevel
                0x10006800       0x2c
 i.CyBle_ControllerSetTxPowerLevel
                0x10006800       0x2c Generated_Source\PSoC6\pdl\middleware\ble\lib\cy_ble_stack_gcc_controller_ipc_cm0p.a(CyBleStackMgr_BleSSDriver.o)
                0x10006800                CyBle_ControllerSetTxPowerLevel

i.CyBle_EnterDsmMode
                0x1000682c       0x34
 i.CyBle_EnterDsmMode
                0x1000682c       0x34 Generated_Source\PSoC6\pdl\middleware\ble\lib\cy_ble_stack_gcc_controller_ipc_cm0p.a(CyBleStackMgr_BleSSDriver.o)
                0x1000682c                CyBle_EnterDsmMode

i.CyBle_ExitDsmMode
                0x10006860       0x34
 i.CyBle_ExitDsmMode
                0x10006860       0x34 Generated_Source\PSoC6\pdl\middleware\ble\lib\cy_ble_stack_gcc_controller_ipc_cm0p.a(CyBleStackMgr_BleSSDriver.o)
                0x10006860                CyBle_ExitDsmMode

i.CyBle_GetBleSsOperationalMode
                0x10006894        0xc
 i.CyBle_GetBleSsOperationalMode
                0x10006894        0xc Generated_Source\PSoC6\pdl\middleware\ble\lib\cy_ble_stack_gcc_controller_ipc_cm0p.a(CyBleStackMgr_BleSSDriver.o)
                0x10006894                CyBle_GetBleSsOperationalMode

i.CyBle_GetEventCloseState
                0x100068a0       0x10
 i.CyBle_GetEventCloseState
                0x100068a0       0x10 Generated_Source\PSoC6\pdl\middleware\ble\lib\cy_ble_stack_gcc_controller_ipc_cm0p.a(CyBleStackMgr_BleSSDriver.o)
                0x100068a0                CyBle_GetEventCloseState

i.CyBle_GetLpMode
                0x100068b0       0x1c
 i.CyBle_GetLpMode
                0x100068b0       0x1c Generated_Source\PSoC6\pdl\middleware\ble\lib\cy_ble_stack_gcc_controller_ipc_cm0p.a(CyBleStackMgr_BleSSDriver.o)
                0x100068b0                CyBle_GetLpMode

i.CyBle_GetTxGainMode
                0x100068cc        0xe
 i.CyBle_GetTxGainMode
                0x100068cc        0xe Generated_Source\PSoC6\pdl\middleware\ble\lib\cy_ble_stack_gcc_controller_ipc_cm0p.a(CyBleStackMgr_BleSSDriver.o)
                0x100068cc                CyBle_GetTxGainMode

i.CyBle_SetAutoWakeUp
                0x100068dc        0xc
 i.CyBle_SetAutoWakeUp
                0x100068dc        0xc Generated_Source\PSoC6\pdl\middleware\ble\lib\cy_ble_stack_gcc_controller_ipc_cm0p.a(CyBleStackMgr_BleSSDriver.o)
                0x100068dc                CyBle_SetAutoWakeUp

i.CyBle_SetBleSsOperationalMode
                0x100068e8       0x34
 i.CyBle_SetBleSsOperationalMode
                0x100068e8       0x34 Generated_Source\PSoC6\pdl\middleware\ble\lib\cy_ble_stack_gcc_controller_ipc_cm0p.a(CyBleStackMgr_BleSSDriver.o)
                0x100068e8                CyBle_SetBleSsOperationalMode

i.CyBle_SetEventCloseState
                0x1000691c        0xc
 i.CyBle_SetEventCloseState
                0x1000691c        0xc Generated_Source\PSoC6\pdl\middleware\ble\lib\cy_ble_stack_gcc_controller_ipc_cm0p.a(CyBleStackMgr_BleSSDriver.o)
                0x1000691c                CyBle_SetEventCloseState

i.CyBle_CheckBleStackTaskStatus
                0x10006928        0x4
 i.CyBle_CheckBleStackTaskStatus
                0x10006928        0x4 Generated_Source\PSoC6\pdl\middleware\ble\lib\cy_ble_stack_gcc_controller_ipc_cm0p.a(CyBleStackMgr_StackTaskHandler.o)
                0x10006928                CyBle_CheckBleStackTaskStatus

i.CyBle_CreateBleStackTask
                0x1000692c       0x30
 i.CyBle_CreateBleStackTask
                0x1000692c       0x30 Generated_Source\PSoC6\pdl\middleware\ble\lib\cy_ble_stack_gcc_controller_ipc_cm0p.a(CyBleStackMgr_StackTaskHandler.o)
                0x1000692c                CyBle_CreateBleStackTask

i.CyBle_SignalBleStackTask
                0x1000695c       0x44
 i.CyBle_SignalBleStackTask
                0x1000695c       0x44 Generated_Source\PSoC6\pdl\middleware\ble\lib\cy_ble_stack_gcc_controller_ipc_cm0p.a(CyBleStackMgr_StackTaskHandler.o)
                0x1000695c                CyBle_SignalBleStackTask

i.CyBle_StackTaskHandler
                0x100069a0       0x26
 i.CyBle_StackTaskHandler
                0x100069a0       0x26 Generated_Source\PSoC6\pdl\middleware\ble\lib\cy_ble_stack_gcc_controller_ipc_cm0p.a(CyBleStackMgr_StackTaskHandler.o)
                0x100069a0                CyBle_StackTaskHandler

i.IsStackTaskFree
                0x100069c8       0x10
 i.IsStackTaskFree
                0x100069c8       0x10 Generated_Source\PSoC6\pdl\middleware\ble\lib\cy_ble_stack_gcc_controller_ipc_cm0p.a(CyBleStackMgr_StackTaskHandler.o)
                0x100069c8                IsStackTaskFree

i.BT_start_timer
                0x100069d8      0x110
 i.BT_start_timer
                0x100069d8      0x110 Generated_Source\PSoC6\pdl\middleware\ble\lib\cy_ble_stack_gcc_controller_ipc_cm0p.a(BT_timer.o)
                0x100069d8                BT_start_timer

i.BT_start_timer_controller
                0x10006ae8       0x28
 i.BT_start_timer_controller
                0x10006ae8       0x28 Generated_Source\PSoC6\pdl\middleware\ble\lib\cy_ble_stack_gcc_controller_ipc_cm0p.a(BT_timer.o)
                0x10006ae8                BT_start_timer_controller

i.BT_start_timer_pilo
                0x10006b10       0x28
 i.BT_start_timer_pilo
                0x10006b10       0x28 Generated_Source\PSoC6\pdl\middleware\ble\lib\cy_ble_stack_gcc_controller_ipc_cm0p.a(BT_timer.o)
                0x10006b10                BT_start_timer_pilo

i.BT_stop_timer
                0x10006b38       0xc8
 i.BT_stop_timer
                0x10006b38       0xc8 Generated_Source\PSoC6\pdl\middleware\ble\lib\cy_ble_stack_gcc_controller_ipc_cm0p.a(BT_timer.o)
                0x10006b38                BT_stop_timer

i.BT_stop_timer_controller
                0x10006c00       0x28
 i.BT_stop_timer_controller
                0x10006c00       0x28 Generated_Source\PSoC6\pdl\middleware\ble\lib\cy_ble_stack_gcc_controller_ipc_cm0p.a(BT_timer.o)
                0x10006c00                BT_stop_timer_controller

i.BT_stop_timer_pilo
                0x10006c28       0x28
 i.BT_stop_timer_pilo
                0x10006c28       0x28 Generated_Source\PSoC6\pdl\middleware\ble\lib\cy_ble_stack_gcc_controller_ipc_cm0p.a(BT_timer.o)
                0x10006c28                BT_stop_timer_pilo

i.BT_timer_process_signals
                0x10006c50       0xf8
 i.BT_timer_process_signals
                0x10006c50       0xf8 Generated_Source\PSoC6\pdl\middleware\ble\lib\cy_ble_stack_gcc_controller_ipc_cm0p.a(BT_timer.o)
                0x10006c50                BT_timer_process_signals

i.timer_allocated_entity
                0x10006d48       0x34
 i.timer_allocated_entity
                0x10006d48       0x34 Generated_Source\PSoC6\pdl\middleware\ble\lib\cy_ble_stack_gcc_controller_ipc_cm0p.a(BT_timer.o)
                0x10006d48                timer_allocated_entity

i.timer_init    0x10006d7c       0x30
 i.timer_init   0x10006d7c       0x30 Generated_Source\PSoC6\pdl\middleware\ble\lib\cy_ble_stack_gcc_controller_ipc_cm0p.a(BT_timer.o)
                0x10006d7c                timer_init

i.timer_update_offsets
                0x10006dac       0x34
 i.timer_update_offsets
                0x10006dac       0x34 Generated_Source\PSoC6\pdl\middleware\ble\lib\cy_ble_stack_gcc_controller_ipc_cm0p.a(BT_timer.o)

i.BT_ISROSQPost
                0x10006de0        0xa
 i.BT_ISROSQPost
                0x10006de0        0xa Generated_Source\PSoC6\pdl\middleware\ble\lib\cy_ble_stack_gcc_controller_ipc_cm0p.a(bt_os_common.o)
                0x10006de0                BT_ISROSQPost

i.BT_OSQPost    0x10006dea        0xa
 i.BT_OSQPost   0x10006dea        0xa Generated_Source\PSoC6\pdl\middleware\ble\lib\cy_ble_stack_gcc_controller_ipc_cm0p.a(bt_os_common.o)
                0x10006dea                BT_OSQPost

i.BT_thread_create
                0x10006df4       0x30
 i.BT_thread_create
                0x10006df4       0x30 Generated_Source\PSoC6\pdl\middleware\ble\lib\cy_ble_stack_gcc_controller_ipc_cm0p.a(bt_os_common.o)
                0x10006df4                BT_thread_create

i.pf_timer_handle_tick
                0x10006e24       0x20
 i.pf_timer_handle_tick
                0x10006e24       0x20 Generated_Source\PSoC6\pdl\middleware\ble\lib\cy_ble_stack_gcc_controller_ipc_cm0p.a(bt_os_common.o)
                0x10006e24                pf_timer_handle_tick

i.CyPilo_ApplyTrim
                0x10006e44       0x88
 i.CyPilo_ApplyTrim
                0x10006e44       0x88 Generated_Source\PSoC6\pdl\middleware\ble\lib\cy_ble_stack_gcc_controller_ipc_cm0p.a(CyBleStackMgrIP_Pilo.o)

i.CyPilo_DSMExitCalibration
                0x10006ecc       0x14
 i.CyPilo_DSMExitCalibration
                0x10006ecc       0x14 Generated_Source\PSoC6\pdl\middleware\ble\lib\cy_ble_stack_gcc_controller_ipc_cm0p.a(CyBleStackMgrIP_Pilo.o)
                0x10006ecc                CyPilo_DSMExitCalibration

i.CyPilo_GetState
                0x10006ee0        0xc
 i.CyPilo_GetState
                0x10006ee0        0xc Generated_Source\PSoC6\pdl\middleware\ble\lib\cy_ble_stack_gcc_controller_ipc_cm0p.a(CyBleStackMgrIP_Pilo.o)
                0x10006ee0                CyPilo_GetState

i.CyPilo_InitCalibration
                0x10006eec       0x18
 i.CyPilo_InitCalibration
                0x10006eec       0x18 Generated_Source\PSoC6\pdl\middleware\ble\lib\cy_ble_stack_gcc_controller_ipc_cm0p.a(CyBleStackMgrIP_Pilo.o)
                0x10006eec                CyPilo_InitCalibration

i.CyPilo_PeriodicCalibTimeout
                0x10006f04       0x24
 i.CyPilo_PeriodicCalibTimeout
                0x10006f04       0x24 Generated_Source\PSoC6\pdl\middleware\ble\lib\cy_ble_stack_gcc_controller_ipc_cm0p.a(CyBleStackMgrIP_Pilo.o)

i.CyPilo_RetryCalibration
                0x10006f28       0x20
 i.CyPilo_RetryCalibration
                0x10006f28       0x20 Generated_Source\PSoC6\pdl\middleware\ble\lib\cy_ble_stack_gcc_controller_ipc_cm0p.a(CyBleStackMgrIP_Pilo.o)

i.CyPilo_SetCalibInterval
                0x10006f48        0xc
 i.CyPilo_SetCalibInterval
                0x10006f48        0xc Generated_Source\PSoC6\pdl\middleware\ble\lib\cy_ble_stack_gcc_controller_ipc_cm0p.a(CyBleStackMgrIP_Pilo.o)
                0x10006f48                CyPilo_SetCalibInterval

i.CyPilo_SetState
                0x10006f54        0xc
 i.CyPilo_SetState
                0x10006f54        0xc Generated_Source\PSoC6\pdl\middleware\ble\lib\cy_ble_stack_gcc_controller_ipc_cm0p.a(CyBleStackMgrIP_Pilo.o)
                0x10006f54                CyPilo_SetState

i.CyPilo_ShutdownCalibration
                0x10006f60       0x1c
 i.CyPilo_ShutdownCalibration
                0x10006f60       0x1c Generated_Source\PSoC6\pdl\middleware\ble\lib\cy_ble_stack_gcc_controller_ipc_cm0p.a(CyBleStackMgrIP_Pilo.o)
                0x10006f60                CyPilo_ShutdownCalibration

i.CyPilo_StopPeriodicTimer
                0x10006f7c       0x10
 i.CyPilo_StopPeriodicTimer
                0x10006f7c       0x10 Generated_Source\PSoC6\pdl\middleware\ble\lib\cy_ble_stack_gcc_controller_ipc_cm0p.a(CyBleStackMgrIP_Pilo.o)
                0x10006f7c                CyPilo_StopPeriodicTimer

i.CyPilo_TriggerCalibration
                0x10006f8c       0x54
 i.CyPilo_TriggerCalibration
                0x10006f8c       0x54 Generated_Source\PSoC6\pdl\middleware\ble\lib\cy_ble_stack_gcc_controller_ipc_cm0p.a(CyBleStackMgrIP_Pilo.o)
                0x10006f8c                CyPilo_TriggerCalibration

i.CyPilo_UpdateCalibInterval
                0x10006fe0       0x34
 i.CyPilo_UpdateCalibInterval
                0x10006fe0       0x34 Generated_Source\PSoC6\pdl\middleware\ble\lib\cy_ble_stack_gcc_controller_ipc_cm0p.a(CyBleStackMgrIP_Pilo.o)
                0x10006fe0                CyPilo_UpdateCalibInterval

i.OS_init       0x10007014       0x64
 i.OS_init      0x10007014       0x64 Generated_Source\PSoC6\pdl\middleware\ble\lib\cy_ble_stack_gcc_controller_ipc_cm0p.a(mint_os.o)
                0x10007014                OS_init

i.OS_shutdown   0x10007078        0x4
 i.OS_shutdown  0x10007078        0x4 Generated_Source\PSoC6\pdl\middleware\ble\lib\cy_ble_stack_gcc_controller_ipc_cm0p.a(mint_os.o)
                0x10007078                OS_shutdown

i.mintos_malloc
                0x1000707c       0x34
 i.mintos_malloc
                0x1000707c       0x34 Generated_Source\PSoC6\pdl\middleware\ble\lib\cy_ble_stack_gcc_controller_ipc_cm0p.a(mint_os.o)
                0x1000707c                mintos_malloc

i.OS_create_queue
                0x100070b0       0x64
 i.OS_create_queue
                0x100070b0       0x64 Generated_Source\PSoC6\pdl\middleware\ble\lib\cy_ble_stack_gcc_controller_ipc_cm0p.a(mint_os_queue.o)
                0x100070b0                OS_create_queue

i.OS_enqueue_item
                0x10007114       0xa4
 i.OS_enqueue_item
                0x10007114       0xa4 Generated_Source\PSoC6\pdl\middleware\ble\lib\cy_ble_stack_gcc_controller_ipc_cm0p.a(mint_os_queue.o)
                0x10007114                OS_enqueue_item

i.OS_queue_get_num_of_items
                0x100071b8       0x28
 i.OS_queue_get_num_of_items
                0x100071b8       0x28 Generated_Source\PSoC6\pdl\middleware\ble\lib\cy_ble_stack_gcc_controller_ipc_cm0p.a(mint_os_queue.o)
                0x100071b8                OS_queue_get_num_of_items

i.OS_queue_mgmt_init
                0x100071e0       0x40
 i.OS_queue_mgmt_init
                0x100071e0       0x40 Generated_Source\PSoC6\pdl\middleware\ble\lib\cy_ble_stack_gcc_controller_ipc_cm0p.a(mint_os_queue.o)
                0x100071e0                OS_queue_mgmt_init

i.OS_remove_item
                0x10007220       0xb8
 i.OS_remove_item
                0x10007220       0xb8 Generated_Source\PSoC6\pdl\middleware\ble\lib\cy_ble_stack_gcc_controller_ipc_cm0p.a(mint_os_queue.o)
                0x10007220                OS_remove_item

i.OS_create_task
                0x100072d8       0x88
 i.OS_create_task
                0x100072d8       0x88 Generated_Source\PSoC6\pdl\middleware\ble\lib\cy_ble_stack_gcc_controller_ipc_cm0p.a(mint_os_task.o)
                0x100072d8                OS_create_task

i.OS_is_task_free
                0x10007360       0x30
 i.OS_is_task_free
                0x10007360       0x30 Generated_Source\PSoC6\pdl\middleware\ble\lib\cy_ble_stack_gcc_controller_ipc_cm0p.a(mint_os_task.o)
                0x10007360                OS_is_task_free

i.OS_isr_send_signal_to_task
                0x10007390        0xc
 i.OS_isr_send_signal_to_task
                0x10007390        0xc Generated_Source\PSoC6\pdl\middleware\ble\lib\cy_ble_stack_gcc_controller_ipc_cm0p.a(mint_os_task.o)
                0x10007390                OS_isr_send_signal_to_task

i.OS_scheduler  0x1000739c       0x78
 i.OS_scheduler
                0x1000739c       0x78 Generated_Source\PSoC6\pdl\middleware\ble\lib\cy_ble_stack_gcc_controller_ipc_cm0p.a(mint_os_task.o)
                0x1000739c                OS_scheduler

i.OS_send_signal_to_task
                0x10007414        0xc
 i.OS_send_signal_to_task
                0x10007414        0xc Generated_Source\PSoC6\pdl\middleware\ble\lib\cy_ble_stack_gcc_controller_ipc_cm0p.a(mint_os_task.o)
                0x10007414                OS_send_signal_to_task

i.OS_send_signal_to_task_context
                0x10007420       0x3c
 i.OS_send_signal_to_task_context
                0x10007420       0x3c Generated_Source\PSoC6\pdl\middleware\ble\lib\cy_ble_stack_gcc_controller_ipc_cm0p.a(mint_os_task.o)

i.OS_task_mgmt_init
                0x1000745c       0x50
 i.OS_task_mgmt_init
                0x1000745c       0x50 Generated_Source\PSoC6\pdl\middleware\ble\lib\cy_ble_stack_gcc_controller_ipc_cm0p.a(mint_os_task.o)
                0x1000745c                OS_task_mgmt_init

i.mint_buf_mgmt_allocate_buffer
                0x100074ac       0x60
 i.mint_buf_mgmt_allocate_buffer
                0x100074ac       0x60 Generated_Source\PSoC6\pdl\middleware\ble\lib\cy_ble_stack_gcc_controller_ipc_cm0p.a(mint_buf_mgmt.o)
                0x100074ac                mint_buf_mgmt_allocate_buffer

i.mint_buf_mgmt_create_pool
                0x1000750c       0xd4
 i.mint_buf_mgmt_create_pool
                0x1000750c       0xd4 Generated_Source\PSoC6\pdl\middleware\ble\lib\cy_ble_stack_gcc_controller_ipc_cm0p.a(mint_buf_mgmt.o)
                0x1000750c                mint_buf_mgmt_create_pool

i.mint_buf_mgmt_free_buffer
                0x100075e0       0xb8
 i.mint_buf_mgmt_free_buffer
                0x100075e0       0xb8 Generated_Source\PSoC6\pdl\middleware\ble\lib\cy_ble_stack_gcc_controller_ipc_cm0p.a(mint_buf_mgmt.o)
                0x100075e0                mint_buf_mgmt_free_buffer

i.mint_buf_mgmt_init
                0x10007698       0x44
 i.mint_buf_mgmt_init
                0x10007698       0x44 Generated_Source\PSoC6\pdl\middleware\ble\lib\cy_ble_stack_gcc_controller_ipc_cm0p.a(mint_buf_mgmt.o)
                0x10007698                mint_buf_mgmt_init

i.mint_buf_mgmt_malloc
                0x100076dc       0x28
 i.mint_buf_mgmt_malloc
                0x100076dc       0x28 Generated_Source\PSoC6\pdl\middleware\ble\lib\cy_ble_stack_gcc_controller_ipc_cm0p.a(mint_buf_mgmt.o)
                0x100076dc                mint_buf_mgmt_malloc

i.mint_buf_mgmt_pl_init
                0x10007704       0x4c
 i.mint_buf_mgmt_pl_init
                0x10007704       0x4c Generated_Source\PSoC6\pdl\middleware\ble\lib\cy_ble_stack_gcc_controller_ipc_cm0p.a(mint_buf_mgmt.o)
                0x10007704                mint_buf_mgmt_pl_init

i.mint_buf_mgmt_reset_pool
                0x10007750       0x70
 i.mint_buf_mgmt_reset_pool
                0x10007750       0x70 Generated_Source\PSoC6\pdl\middleware\ble\lib\cy_ble_stack_gcc_controller_ipc_cm0p.a(mint_buf_mgmt.o)
                0x10007750                mint_buf_mgmt_reset_pool

i.mint_buf_mgmt_stack_init
                0x100077c0       0x24
 i.mint_buf_mgmt_stack_init
                0x100077c0       0x24 Generated_Source\PSoC6\pdl\middleware\ble\lib\cy_ble_stack_gcc_controller_ipc_cm0p.a(mint_buf_mgmt.o)
                0x100077c0                mint_buf_mgmt_stack_init

i.mint_buf_mgmt_stack_pop
                0x100077e4       0x4a
 i.mint_buf_mgmt_stack_pop
                0x100077e4       0x4a Generated_Source\PSoC6\pdl\middleware\ble\lib\cy_ble_stack_gcc_controller_ipc_cm0p.a(mint_buf_mgmt.o)
                0x100077e4                mint_buf_mgmt_stack_pop

i.mint_buf_mgmt_stack_push
                0x1000782e       0x4a
 i.mint_buf_mgmt_stack_push
                0x1000782e       0x4a Generated_Source\PSoC6\pdl\middleware\ble\lib\cy_ble_stack_gcc_controller_ipc_cm0p.a(mint_buf_mgmt.o)
                0x1000782e                mint_buf_mgmt_stack_push

i.mint_buf_mgmt_stack_reset
                0x10007878       0x1e
 i.mint_buf_mgmt_stack_reset
                0x10007878       0x1e Generated_Source\PSoC6\pdl\middleware\ble\lib\cy_ble_stack_gcc_controller_ipc_cm0p.a(mint_buf_mgmt.o)
                0x10007878                mint_buf_mgmt_stack_reset

i.mint_buf_mgmt_stack_search_item
                0x10007896       0x30
 i.mint_buf_mgmt_stack_search_item
                0x10007896       0x30 Generated_Source\PSoC6\pdl\middleware\ble\lib\cy_ble_stack_gcc_controller_ipc_cm0p.a(mint_buf_mgmt.o)
                0x10007896                mint_buf_mgmt_stack_search_item

i.CyBleController_HciIpcExtractPacket
                0x100078c8       0xe8
 i.CyBleController_HciIpcExtractPacket
                0x100078c8       0xe8 Generated_Source\PSoC6\pdl\middleware\ble\lib\cy_ble_stack_gcc_controller_ipc_cm0p.a(transport_ipc.o)
                0x100078c8                CyBleController_HciIpcExtractPacket

i.CyBleController_HciIpcInit
                0x100079b0       0x10
 i.CyBleController_HciIpcInit
                0x100079b0       0x10 Generated_Source\PSoC6\pdl\middleware\ble\lib\cy_ble_stack_gcc_controller_ipc_cm0p.a(transport_ipc.o)
                0x100079b0                CyBleController_HciIpcInit

i.CyBleController_HciIpcMsgCompleteReceive
                0x100079c0       0x20
 i.CyBleController_HciIpcMsgCompleteReceive
                0x100079c0       0x20 Generated_Source\PSoC6\pdl\middleware\ble\lib\cy_ble_stack_gcc_controller_ipc_cm0p.a(transport_ipc.o)
                0x100079c0                CyBleController_HciIpcMsgCompleteReceive

i.CyBleController_HciIpcMsgReceive
                0x100079e0       0x34
 i.CyBleController_HciIpcMsgReceive
                0x100079e0       0x34 Generated_Source\PSoC6\pdl\middleware\ble\lib\cy_ble_stack_gcc_controller_ipc_cm0p.a(transport_ipc.o)
                0x100079e0                CyBleController_HciIpcMsgReceive

i.CyBleController_HciIpcSend
                0x10007a14       0x16
 i.CyBleController_HciIpcSend
                0x10007a14       0x16 Generated_Source\PSoC6\pdl\middleware\ble\lib\cy_ble_stack_gcc_controller_ipc_cm0p.a(transport_ipc.o)
                0x10007a14                CyBleController_HciIpcSend

i.CyBleController_IpcSendStackInitHWError
                0x10007a2a        0x8
 i.CyBleController_IpcSendStackInitHWError
                0x10007a2a        0x8 Generated_Source\PSoC6\pdl\middleware\ble\lib\cy_ble_stack_gcc_controller_ipc_cm0p.a(transport_ipc.o)
                0x10007a2a                CyBleController_IpcSendStackInitHWError

i.CyBleController_IPC_HAL_Init
                0x10007a34       0x40
 i.CyBleController_IPC_HAL_Init
                0x10007a34       0x40 Generated_Source\PSoC6\pdl\middleware\ble\lib\cy_ble_stack_gcc_controller_ipc_cm0p.a(CyBleStackMgr_PSoCIPCHal.o)
                0x10007a34                CyBleController_IPC_HAL_Init

i.CyBleController_IPC_HAL_InitWithStaticMem
                0x10007a74       0x10
 i.CyBleController_IPC_HAL_InitWithStaticMem
                0x10007a74       0x10 Generated_Source\PSoC6\pdl\middleware\ble\lib\cy_ble_stack_gcc_controller_ipc_cm0p.a(CyBleStackMgr_PSoCIPCHal.o)
                0x10007a74                CyBleController_IPC_HAL_InitWithStaticMem

i.CyBleController_IPC_HAL_IsQueueEmpty
                0x10007a84       0x24
 i.CyBleController_IPC_HAL_IsQueueEmpty
                0x10007a84       0x24 Generated_Source\PSoC6\pdl\middleware\ble\lib\cy_ble_stack_gcc_controller_ipc_cm0p.a(CyBleStackMgr_PSoCIPCHal.o)
                0x10007a84                CyBleController_IPC_HAL_IsQueueEmpty

i.CyBleController_IPC_HAL_PipeReleaseCallback
                0x10007aa8       0x1c
 i.CyBleController_IPC_HAL_PipeReleaseCallback
                0x10007aa8       0x1c Generated_Source\PSoC6\pdl\middleware\ble\lib\cy_ble_stack_gcc_controller_ipc_cm0p.a(CyBleStackMgr_PSoCIPCHal.o)

i.CyBleController_IPC_HAL_ProcessMsgQ
                0x10007ac4       0x40
 i.CyBleController_IPC_HAL_ProcessMsgQ
                0x10007ac4       0x40 Generated_Source\PSoC6\pdl\middleware\ble\lib\cy_ble_stack_gcc_controller_ipc_cm0p.a(CyBleStackMgr_PSoCIPCHal.o)
                0x10007ac4                CyBleController_IPC_HAL_ProcessMsgQ

i.CyBleController_IPC_HAL_PushMessage
                0x10007b04       0x4c
 i.CyBleController_IPC_HAL_PushMessage
                0x10007b04       0x4c Generated_Source\PSoC6\pdl\middleware\ble\lib\cy_ble_stack_gcc_controller_ipc_cm0p.a(CyBleStackMgr_PSoCIPCHal.o)

i.CyBleController_IPC_HAL_Reset
                0x10007b50       0x2c
 i.CyBleController_IPC_HAL_Reset
                0x10007b50       0x2c Generated_Source\PSoC6\pdl\middleware\ble\lib\cy_ble_stack_gcc_controller_ipc_cm0p.a(CyBleStackMgr_PSoCIPCHal.o)
                0x10007b50                CyBleController_IPC_HAL_Reset

i.CyBleController_IPC_HAL_SendEnqueue
                0x10007b7c       0x10
 i.CyBleController_IPC_HAL_SendEnqueue
                0x10007b7c       0x10 Generated_Source\PSoC6\pdl\middleware\ble\lib\cy_ble_stack_gcc_controller_ipc_cm0p.a(CyBleStackMgr_PSoCIPCHal.o)
                0x10007b7c                CyBleController_IPC_HAL_SendEnqueue

i.CyBle_ControllerAesCcmDecrypt
                0x10007b8c       0x50
 i.CyBle_ControllerAesCcmDecrypt
                0x10007b8c       0x50 Generated_Source\PSoC6\pdl\middleware\ble\lib\cy_ble_stack_gcc_controller_ipc_cm0p.a(CyBleControllerIP_Interface.o)
                0x10007b8c                CyBle_ControllerAesCcmDecrypt

i.CyBle_ControllerAesCcmEncrypt
                0x10007bdc       0x44
 i.CyBle_ControllerAesCcmEncrypt
                0x10007bdc       0x44 Generated_Source\PSoC6\pdl\middleware\ble\lib\cy_ble_stack_gcc_controller_ipc_cm0p.a(CyBleControllerIP_Interface.o)
                0x10007bdc                CyBle_ControllerAesCcmEncrypt

i.CyBle_ControllerAesEncrypt
                0x10007c20       0x60
 i.CyBle_ControllerAesEncrypt
                0x10007c20       0x60 Generated_Source\PSoC6\pdl\middleware\ble\lib\cy_ble_stack_gcc_controller_ipc_cm0p.a(CyBleControllerIP_Interface.o)
                0x10007c20                CyBle_ControllerAesEncrypt

i.CyBle_ControllerDisableDleFeature
                0x10007c80       0x10
 i.CyBle_ControllerDisableDleFeature
                0x10007c80       0x10 Generated_Source\PSoC6\pdl\middleware\ble\lib\cy_ble_stack_gcc_controller_ipc_cm0p.a(CyBleControllerIP_Interface.o)
                0x10007c80                CyBle_ControllerDisableDleFeature

i.CyBle_ControllerDisablePhyUpdateFeature
                0x10007c90        0xc
 i.CyBle_ControllerDisablePhyUpdateFeature
                0x10007c90        0xc Generated_Source\PSoC6\pdl\middleware\ble\lib\cy_ble_stack_gcc_controller_ipc_cm0p.a(CyBleControllerIP_Interface.o)
                0x10007c90                CyBle_ControllerDisablePhyUpdateFeature

i.CyBle_ControllerDisablePrivacyFeature
                0x10007c9c        0xc
 i.CyBle_ControllerDisablePrivacyFeature
                0x10007c9c        0xc Generated_Source\PSoC6\pdl\middleware\ble\lib\cy_ble_stack_gcc_controller_ipc_cm0p.a(CyBleControllerIP_Interface.o)
                0x10007c9c                CyBle_ControllerDisablePrivacyFeature

i.CyBle_ControllerExitLPM
                0x10007ca8       0x10
 i.CyBle_ControllerExitLPM
                0x10007ca8       0x10 Generated_Source\PSoC6\pdl\middleware\ble\lib\cy_ble_stack_gcc_controller_ipc_cm0p.a(CyBleControllerIP_Interface.o)
                0x10007ca8                CyBle_ControllerExitLPM

i.CyBle_ControllerGetBleSsState
                0x10007cb8       0x10
 i.CyBle_ControllerGetBleSsState
                0x10007cb8       0x10 Generated_Source\PSoC6\pdl\middleware\ble\lib\cy_ble_stack_gcc_controller_ipc_cm0p.a(CyBleControllerIP_Interface.o)
                0x10007cb8                CyBle_ControllerGetBleSsState

i.CyBle_ControllerGetFeatureHeapReq
                0x10007cc8       0x58
 i.CyBle_ControllerGetFeatureHeapReq
                0x10007cc8       0x58 Generated_Source\PSoC6\pdl\middleware\ble\lib\cy_ble_stack_gcc_controller_ipc_cm0p.a(CyBleControllerIP_Interface.o)
                0x10007cc8                CyBle_ControllerGetFeatureHeapReq

i.CyBle_ControllerGetFirmwareProgrammedDSM
                0x10007d20        0xc
 i.CyBle_ControllerGetFirmwareProgrammedDSM
                0x10007d20        0xc Generated_Source\PSoC6\pdl\middleware\ble\lib\cy_ble_stack_gcc_controller_ipc_cm0p.a(CyBleControllerIP_Interface.o)
                0x10007d20                CyBle_ControllerGetFirmwareProgrammedDSM

i.CyBle_ControllerGetHeapMemory
                0x10007d2c       0x18
 i.CyBle_ControllerGetHeapMemory
                0x10007d2c       0x18 Generated_Source\PSoC6\pdl\middleware\ble\lib\cy_ble_stack_gcc_controller_ipc_cm0p.a(CyBleControllerIP_Interface.o)
                0x10007d2c                CyBle_ControllerGetHeapMemory

i.CyBle_ControllerGetInternalHeapReq
                0x10007d44       0x40
 i.CyBle_ControllerGetInternalHeapReq
                0x10007d44       0x40 Generated_Source\PSoC6\pdl\middleware\ble\lib\cy_ble_stack_gcc_controller_ipc_cm0p.a(CyBleControllerIP_Interface.o)
                0x10007d44                CyBle_ControllerGetInternalHeapReq

i.CyBle_ControllerHCIReInit
                0x10007d84       0x60
 i.CyBle_ControllerHCIReInit
                0x10007d84       0x60 Generated_Source\PSoC6\pdl\middleware\ble\lib\cy_ble_stack_gcc_controller_ipc_cm0p.a(CyBleControllerIP_Interface.o)
                0x10007d84                CyBle_ControllerHCIReInit

i.CyBle_ControllerInit
                0x10007de4       0x68
 i.CyBle_ControllerInit
                0x10007de4       0x68 Generated_Source\PSoC6\pdl\middleware\ble\lib\cy_ble_stack_gcc_controller_ipc_cm0p.a(CyBleControllerIP_Interface.o)
                0x10007de4                CyBle_ControllerInit

i.CyBle_ControllerReset
                0x10007e4c       0x20
 i.CyBle_ControllerReset
                0x10007e4c       0x20 Generated_Source\PSoC6\pdl\middleware\ble\lib\cy_ble_stack_gcc_controller_ipc_cm0p.a(CyBleControllerIP_Interface.o)
                0x10007e4c                CyBle_ControllerReset

i.CyBle_ControllerSaveLastConnTxPower
                0x10007e6c       0x10
 i.CyBle_ControllerSaveLastConnTxPower
                0x10007e6c       0x10 Generated_Source\PSoC6\pdl\middleware\ble\lib\cy_ble_stack_gcc_controller_ipc_cm0p.a(CyBleControllerIP_Interface.o)
                0x10007e6c                CyBle_ControllerSaveLastConnTxPower

i.CyBle_ControllerSetFeatureConfig
                0x10007e7c       0x68
 i.CyBle_ControllerSetFeatureConfig
                0x10007e7c       0x68 Generated_Source\PSoC6\pdl\middleware\ble\lib\cy_ble_stack_gcc_controller_ipc_cm0p.a(CyBleControllerIP_Interface.o)
                0x10007e7c                CyBle_ControllerSetFeatureConfig

i.CyBle_ControllerSetFirmwareProgrammedDSM
                0x10007ee4        0xc
 i.CyBle_ControllerSetFirmwareProgrammedDSM
                0x10007ee4        0xc Generated_Source\PSoC6\pdl\middleware\ble\lib\cy_ble_stack_gcc_controller_ipc_cm0p.a(CyBleControllerIP_Interface.o)
                0x10007ee4                CyBle_ControllerSetFirmwareProgrammedDSM

i.CyBle_ControllerValidateInputParams
                0x10007ef0       0x24
 i.CyBle_ControllerValidateInputParams
                0x10007ef0       0x24 Generated_Source\PSoC6\pdl\middleware\ble\lib\cy_ble_stack_gcc_controller_ipc_cm0p.a(CyBleControllerIP_Interface.o)
                0x10007ef0                CyBle_ControllerValidateInputParams

i.Cy_BLE_ControllerEnterLPM
                0x10007f14       0x2c
 i.Cy_BLE_ControllerEnterLPM
                0x10007f14       0x2c Generated_Source\PSoC6\pdl\middleware\ble\lib\cy_ble_stack_gcc_controller_ipc_cm0p.a(CyBleControllerIP_Interface.o)
                0x10007f14                Cy_BLE_ControllerEnterLPM

i.Cy_BLE_IsControllerActive
                0x10007f40       0x30
 i.Cy_BLE_IsControllerActive
                0x10007f40       0x30 Generated_Source\PSoC6\pdl\middleware\ble\lib\cy_ble_stack_gcc_controller_ipc_cm0p.a(ll.o)
                0x10007f40                Cy_BLE_IsControllerActive

i.ll_check_and_mark_packet_ready_for_transmission
                0x10007f70       0x5c
 i.ll_check_and_mark_packet_ready_for_transmission
                0x10007f70       0x5c Generated_Source\PSoC6\pdl\middleware\ble\lib\cy_ble_stack_gcc_controller_ipc_cm0p.a(ll.o)
                0x10007f70                ll_check_and_mark_packet_ready_for_transmission

i.ll_cleanup_pending_data_pdu
                0x10007fcc       0x3c
 i.ll_cleanup_pending_data_pdu
                0x10007fcc       0x3c Generated_Source\PSoC6\pdl\middleware\ble\lib\cy_ble_stack_gcc_controller_ipc_cm0p.a(ll.o)
                0x10007fcc                ll_cleanup_pending_data_pdu

i.ll_dequeue_data_in_pdu_q_mgr
                0x10008008      0x144
 i.ll_dequeue_data_in_pdu_q_mgr
                0x10008008      0x144 Generated_Source\PSoC6\pdl\middleware\ble\lib\cy_ble_stack_gcc_controller_ipc_cm0p.a(ll.o)
                0x10008008                ll_dequeue_data_in_pdu_q_mgr

i.ll_derive_window_offset
                0x1000814c       0x20
 i.ll_derive_window_offset
                0x1000814c       0x20 Generated_Source\PSoC6\pdl\middleware\ble\lib\cy_ble_stack_gcc_controller_ipc_cm0p.a(ll.o)
                0x1000814c                ll_derive_window_offset

i.ll_derive_window_size
                0x1000816c        0xc
 i.ll_derive_window_size
                0x1000816c        0xc Generated_Source\PSoC6\pdl\middleware\ble\lib\cy_ble_stack_gcc_controller_ipc_cm0p.a(ll.o)
                0x1000816c                ll_derive_window_size

i.ll_enqueue_data_in_pdu_q_mgr
                0x10008178       0x9c
 i.ll_enqueue_data_in_pdu_q_mgr
                0x10008178       0x9c Generated_Source\PSoC6\pdl\middleware\ble\lib\cy_ble_stack_gcc_controller_ipc_cm0p.a(ll.o)
                0x10008178                ll_enqueue_data_in_pdu_q_mgr

i.ll_enter_dsm_mode
                0x10008214      0x20c
 i.ll_enter_dsm_mode
                0x10008214      0x20c Generated_Source\PSoC6\pdl\middleware\ble\lib\cy_ble_stack_gcc_controller_ipc_cm0p.a(ll.o)
                0x10008214                ll_enter_dsm_mode

i.ll_exit_low_power_mode
                0x10008420       0x6c
 i.ll_exit_low_power_mode
                0x10008420       0x6c Generated_Source\PSoC6\pdl\middleware\ble\lib\cy_ble_stack_gcc_controller_ipc_cm0p.a(ll.o)
                0x10008420                ll_exit_low_power_mode

i.ll_get_ack_status
                0x1000848c       0x44
 i.ll_get_ack_status
                0x1000848c       0x44 Generated_Source\PSoC6\pdl\middleware\ble\lib\cy_ble_stack_gcc_controller_ipc_cm0p.a(ll.o)
                0x1000848c                ll_get_ack_status

i.ll_get_ack_status_for_all_connections
                0x100084d0       0x38
 i.ll_get_ack_status_for_all_connections
                0x100084d0       0x38 Generated_Source\PSoC6\pdl\middleware\ble\lib\cy_ble_stack_gcc_controller_ipc_cm0p.a(ll.o)
                0x100084d0                ll_get_ack_status_for_all_connections

i.ll_get_adv_ch_tx_power
                0x10008508       0x16
 i.ll_get_adv_ch_tx_power
                0x10008508       0x16 Generated_Source\PSoC6\pdl\middleware\ble\lib\cy_ble_stack_gcc_controller_ipc_cm0p.a(ll.o)
                0x10008508                ll_get_adv_ch_tx_power

i.ll_get_data_channel_map
                0x1000851e       0x28
 i.ll_get_data_channel_map
                0x1000851e       0x28 Generated_Source\PSoC6\pdl\middleware\ble\lib\cy_ble_stack_gcc_controller_ipc_cm0p.a(ll.o)
                0x1000851e                ll_get_data_channel_map

i.ll_get_max_white_list_size
                0x10008548        0xc
 i.ll_get_max_white_list_size
                0x10008548        0xc Generated_Source\PSoC6\pdl\middleware\ble\lib\cy_ble_stack_gcc_controller_ipc_cm0p.a(ll.o)
                0x10008548                ll_get_max_white_list_size

i.ll_get_my_role
                0x10008554        0xc
 i.ll_get_my_role
                0x10008554        0xc Generated_Source\PSoC6\pdl\middleware\ble\lib\cy_ble_stack_gcc_controller_ipc_cm0p.a(ll.o)
                0x10008554                ll_get_my_role

i.ll_get_next_available_fifo_for_data_pdu
                0x10008560        0x8
 i.ll_get_next_available_fifo_for_data_pdu
                0x10008560        0x8 Generated_Source\PSoC6\pdl\middleware\ble\lib\cy_ble_stack_gcc_controller_ipc_cm0p.a(ll.o)
                0x10008560                ll_get_next_available_fifo_for_data_pdu

i.ll_get_next_available_fifo_for_ll_pdu
                0x10008568       0x30
 i.ll_get_next_available_fifo_for_ll_pdu
                0x10008568       0x30 Generated_Source\PSoC6\pdl\middleware\ble\lib\cy_ble_stack_gcc_controller_ipc_cm0p.a(ll.o)
                0x10008568                ll_get_next_available_fifo_for_ll_pdu

i.ll_get_rssi_value
                0x10008598       0x28
 i.ll_get_rssi_value
                0x10008598       0x28 Generated_Source\PSoC6\pdl\middleware\ble\lib\cy_ble_stack_gcc_controller_ipc_cm0p.a(ll.o)
                0x10008598                ll_get_rssi_value

i.ll_get_transmit_power_level
                0x100085c0       0x20
 i.ll_get_transmit_power_level
                0x100085c0       0x20 Generated_Source\PSoC6\pdl\middleware\ble\lib\cy_ble_stack_gcc_controller_ipc_cm0p.a(ll.o)
                0x100085c0                ll_get_transmit_power_level

i.ll_handle_ack_received
                0x100085e0       0x6c
 i.ll_handle_ack_received
                0x100085e0       0x6c Generated_Source\PSoC6\pdl\middleware\ble\lib\cy_ble_stack_gcc_controller_ipc_cm0p.a(ll.o)
                0x100085e0                ll_handle_ack_received

i.ll_handle_add_device_in_whitelist
                0x1000864c       0xbc
 i.ll_handle_add_device_in_whitelist
                0x1000864c       0xbc Generated_Source\PSoC6\pdl\middleware\ble\lib\cy_ble_stack_gcc_controller_ipc_cm0p.a(ll.o)
                0x1000864c                ll_handle_add_device_in_whitelist

i.ll_handle_clear_whitelist
                0x10008708       0x2c
 i.ll_handle_clear_whitelist
                0x10008708       0x2c Generated_Source\PSoC6\pdl\middleware\ble\lib\cy_ble_stack_gcc_controller_ipc_cm0p.a(ll.o)
                0x10008708                ll_handle_clear_whitelist

i.ll_handle_encrypt_host_data
                0x10008734       0x36
 i.ll_handle_encrypt_host_data
                0x10008734       0x36 Generated_Source\PSoC6\pdl\middleware\ble\lib\cy_ble_stack_gcc_controller_ipc_cm0p.a(ll.o)
                0x10008734                ll_handle_encrypt_host_data

i.ll_handle_host_data_packet
                0x1000876c       0xa0